<html>
<body>
<pre>
<h1>礦ision Build Log</h1>
<h2>Tool Versions:</h2>
IDE-Version: μVision V5.15
Copyright (C) 2015 ARM Ltd and ARM Germany GmbH. All rights reserved.
License Information: REI Microsoft, Microsoft, LIC=EXJT4-FVP4M-2Z8W4-F2W2C-0VQYM-RC19B
 
Tool Versions:
Toolchain:       MDK-ARM Standard  Version: 5.15.0
Toolchain Path:  D:\Keil_v5\ARM\ARMCC\Bin
C Compiler:      Armcc.exe V5.05 update 2 (build 169)
Assembler:       Armasm.exe V5.05 update 2 (build 169)
Linker/Locator:  ArmLink.exe V5.05 update 2 (build 169)
Library Manager: ArmAr.exe V5.05 update 2 (build 169)
Hex Converter:   FromElf.exe V5.05 update 2 (build 169)
CPU DLL:         SARMCM3.DLL V5.15.0
Dialog DLL:      DCM.DLL V1.13.2.0
Target DLL:      STLink\ST-LINKIII-KEIL_SWO.dll V2.0.15.0_KEIL
Dialog DLL:      TCM.DLL V1.14.5.0
 
<h2>Project:</h2>
I:\data\BC20开发板资料V1.2\开发板资料\02_单片机代码(墨子号)\02_BC20收发例程TCP传数据\USER\Test.uvprojx
Project File Date:  08/18/2021

<h2>Output:</h2>
*** Using Compiler 'V5.05 update 2 (build 169)', folder: 'D:\Keil_v5\ARM\ARMCC\Bin'
Rebuild target 'Target 1'
compiling main.c...
..\HARDWARE\BC20\bc20.h(11): warning:  #1295-D: Deprecated declaration BC20_RECData - give arg types
  void BC20_RECData();
..\HARDWARE\BC20\bc20.h(17): warning:  #1295-D: Deprecated declaration BC20_RECTCPData - give arg types
  void BC20_RECTCPData();
..\HARDWARE\BC20\bc20.h(29): warning:  #1-D: last line of file ends without a newline
  #endif
main.c: 3 warnings, 0 errors
compiling stm32f10x_it.c...
compiling system_stm32f10x.c...
compiling misc.c...
compiling stm32f10x_adc.c...
compiling stm32f10x_bkp.c...
compiling stm32f10x_can.c...
compiling stm32f10x_cec.c...
compiling stm32f10x_crc.c...
compiling stm32f10x_dac.c...
compiling stm32f10x_dbgmcu.c...
compiling stm32f10x_dma.c...
compiling stm32f10x_exti.c...
compiling stm32f10x_flash.c...
compiling stm32f10x_fsmc.c...
compiling stm32f10x_gpio.c...
compiling stm32f10x_i2c.c...
compiling stm32f10x_iwdg.c...
compiling stm32f10x_pwr.c...
compiling stm32f10x_rcc.c...
compiling stm32f10x_rtc.c...
compiling stm32f10x_sdio.c...
compiling stm32f10x_spi.c...
compiling stm32f10x_tim.c...
compiling stm32f10x_usart.c...
compiling stm32f10x_wwdg.c...
compiling core_cm3.c...
assembling startup_stm32f10x_hd.s...
compiling led.c...
..\HARDWARE\LED\led.c(30): warning:  #1-D: last line of file ends without a newline
  }
..\HARDWARE\LED\led.c: 1 warning, 0 errors
compiling wdg.c...
compiling timer.c...
..\HARDWARE\BC20\bc20.h(11): warning:  #1295-D: Deprecated declaration BC20_RECData - give arg types
  void BC20_RECData();
..\HARDWARE\BC20\bc20.h(17): warning:  #1295-D: Deprecated declaration BC20_RECTCPData - give arg types
  void BC20_RECTCPData();
..\HARDWARE\BC20\bc20.h(29): warning:  #1-D: last line of file ends without a newline
  #endif
..\HARDWARE\TIMER\timer.c: 3 warnings, 0 errors
compiling BC20.c...
..\HARDWARE\BC20\bc20.h(11): warning:  #1295-D: Deprecated declaration BC20_RECData - give arg types
  void BC20_RECData();
..\HARDWARE\BC20\bc20.h(17): warning:  #1295-D: Deprecated declaration BC20_RECTCPData - give arg types
  void BC20_RECTCPData();
..\HARDWARE\BC20\bc20.h(29): warning:  #1-D: last line of file ends without a newline
  #endif
..\HARDWARE\BC20\BC20.c(86): warning:  #177-D: variable "i" was declared but never referenced
        uint8_t i;
..\HARDWARE\BC20\BC20.c(93): warning:  #177-D: variable "i" was declared but never referenced
        uint8_t i;
..\HARDWARE\BC20\BC20.c(143): warning:  #177-D: variable "nexti" was declared but never referenced
      static char nexti;
..\HARDWARE\BC20\BC20.c(174): warning:  #177-D: variable "i" was declared but never referenced
      char i;
..\HARDWARE\BC20\BC20.c(175): warning:  #177-D: variable "nexti" was declared but never referenced
      static char nexti;
..\HARDWARE\BC20\BC20.c(196): warning:  #1-D: last line of file ends without a newline
  }
..\HARDWARE\BC20\BC20.c(187): warning:  #177-D: variable "i" was declared but never referenced
      char i;
..\HARDWARE\BC20\BC20.c(188): warning:  #177-D: variable "nexti" was declared but never referenced
      static char nexti;
..\HARDWARE\BC20\BC20.c: 11 warnings, 0 errors
compiling delay.c...
compiling sys.c...
compiling usart.c...
..\SYSTEM\usart\usart.c(202): warning:  #550-D: variable "Res" was set but never used
  char Res;
..\SYSTEM\usart\usart.c(218): warning:  #550-D: variable "Res" was set but never used
                char Res;
..\SYSTEM\usart\usart.c(234): warning:  #177-D: variable "Res" was declared but never referenced
                char Res;
..\SYSTEM\usart\usart.c: 3 warnings, 0 errors
linking...
Program Size: Code=12404 RO-data=336 RW-data=68 ZI-data=1948  
FromELF: creating hex file...
"..\OUTPUT\Test.axf" - 0 Error(s), 21 Warning(s).

<h2>Collection of Component include folders:</h2>
  I:\data\BC20开发板资料V1.2\开发板资料\02_单片机代码(墨子号)\02_BC20收发例程TCP传数据\USER\RTE
  D:\Keil_v5\ARM\PACK\Keil\STM32F1xx_DFP\1.1.0\Device\Include

<h2>Collection of Component Files used:</h2>
</pre>
</body>
</html>
