Component: ARM Compiler 5.05 update 2 (build 169) Tool: armlink [4d0f33]

==============================================================================

Section Cross References

    main.o(.text) refers to delay.o(.text) for delay_init
    main.o(.text) refers to sys.o(.text) for NVIC_Configuration
    main.o(.text) refers to led.o(.text) for CSTX_4GCTR_Init
    main.o(.text) refers to usart.o(.text) for uart_init
    main.o(.text) refers to lcd_driver.o(.text) for Lcd_Init
    main.o(.text) refers to qdtft_demo.o(.text) for Num_Test
    main.o(.text) refers to __2printf.o(.text) for __2printf
    main.o(.text) refers to 4g.o(.text) for CSTX_4G_Init
    main.o(.text) refers to wdg.o(.text) for IWDG_Feed
    main.o(.text) refers to main.o(.constdata) for gImage_qq
    main.o(.text) refers to main.o(.conststring) for .conststring
    main.o(.text) refers to usart.o(.bss) for buf_uart1
    system_stm32f10x.o(.text) refers to stm32f10x_rcc.o(.text) for RCC_DeInit
    system_stm32f10x.o(.text) refers to stm32f10x_flash.o(.text) for FLASH_PrefetchBufferCmd
    system_stm32f10x.o(.text) refers to system_stm32f10x.o(.data) for SystemCoreClock
    stm32f10x_adc.o(.text) refers to stm32f10x_rcc.o(.text) for RCC_APB2PeriphResetCmd
    stm32f10x_bkp.o(.text) refers to stm32f10x_rcc.o(.text) for RCC_BackupResetCmd
    stm32f10x_can.o(.text) refers to stm32f10x_rcc.o(.text) for RCC_APB1PeriphResetCmd
    stm32f10x_cec.o(.text) refers to stm32f10x_rcc.o(.text) for RCC_APB1PeriphResetCmd
    stm32f10x_dac.o(.text) refers to stm32f10x_rcc.o(.text) for RCC_APB1PeriphResetCmd
    stm32f10x_gpio.o(.text) refers to stm32f10x_rcc.o(.text) for RCC_APB2PeriphResetCmd
    stm32f10x_i2c.o(.text) refers to stm32f10x_rcc.o(.text) for RCC_APB1PeriphResetCmd
    stm32f10x_pwr.o(.text) refers to stm32f10x_rcc.o(.text) for RCC_APB1PeriphResetCmd
    stm32f10x_rcc.o(.text) refers to stm32f10x_rcc.o(.data) for APBAHBPrescTable
    stm32f10x_spi.o(.text) refers to stm32f10x_rcc.o(.text) for RCC_APB2PeriphResetCmd
    stm32f10x_tim.o(.text) refers to stm32f10x_rcc.o(.text) for RCC_APB2PeriphResetCmd
    stm32f10x_usart.o(.text) refers to stm32f10x_rcc.o(.text) for RCC_APB2PeriphResetCmd
    stm32f10x_wwdg.o(.text) refers to stm32f10x_rcc.o(.text) for RCC_APB1PeriphResetCmd
    startup_stm32f10x_hd.o(STACK) refers (Special) to heapauxi.o(.text) for __use_two_region_memory
    startup_stm32f10x_hd.o(HEAP) refers (Special) to heapauxi.o(.text) for __use_two_region_memory
    startup_stm32f10x_hd.o(RESET) refers (Special) to heapauxi.o(.text) for __use_two_region_memory
    startup_stm32f10x_hd.o(RESET) refers to startup_stm32f10x_hd.o(STACK) for __initial_sp
    startup_stm32f10x_hd.o(RESET) refers to startup_stm32f10x_hd.o(.text) for Reset_Handler
    startup_stm32f10x_hd.o(RESET) refers to stm32f10x_it.o(.text) for NMI_Handler
    startup_stm32f10x_hd.o(RESET) refers to timer.o(.text) for TIM3_IRQHandler
    startup_stm32f10x_hd.o(RESET) refers to usart.o(.text) for USART1_IRQHandler
    startup_stm32f10x_hd.o(.text) refers (Special) to heapauxi.o(.text) for __use_two_region_memory
    startup_stm32f10x_hd.o(.text) refers to system_stm32f10x.o(.text) for SystemInit
    startup_stm32f10x_hd.o(.text) refers to __main.o(!!!main) for __main
    startup_stm32f10x_hd.o(.text) refers to startup_stm32f10x_hd.o(HEAP) for Heap_Mem
    startup_stm32f10x_hd.o(.text) refers to startup_stm32f10x_hd.o(STACK) for Stack_Mem
    led.o(.text) refers to stm32f10x_rcc.o(.text) for RCC_APB2PeriphClockCmd
    led.o(.text) refers to stm32f10x_gpio.o(.text) for GPIO_PinRemapConfig
    led.o(.text) refers to delay.o(.text) for delay_ms
    wdg.o(.text) refers to stm32f10x_iwdg.o(.text) for IWDG_WriteAccessCmd
    timer.o(.text) refers to stm32f10x_rcc.o(.text) for RCC_APB1PeriphClockCmd
    timer.o(.text) refers to stm32f10x_tim.o(.text) for TIM_TimeBaseInit
    timer.o(.text) refers to misc.o(.text) for NVIC_Init
    4g.o(.text) refers to _printf_percent.o(.ARM.Collect$$_printf_percent$$00000000) for _printf_percent
    4g.o(.text) refers to _printf_s.o(.ARM.Collect$$_printf_percent$$00000014) for _printf_s
    4g.o(.text) refers to _printf_str.o(.text) for _printf_str
    4g.o(.text) refers to _printf_d.o(.ARM.Collect$$_printf_percent$$00000009) for _printf_d
    4g.o(.text) refers to _printf_dec.o(.text) for _printf_int_dec
    4g.o(.text) refers to c89printf.o(.text) for __c89printf
    4g.o(.text) refers to strstr.o(.text) for strstr
    4g.o(.text) refers to gui.o(.text) for Gui_DrawFont_GBK16
    4g.o(.text) refers to delay.o(.text) for delay_ms
    4g.o(.text) refers to rt_memclr_w.o(.text) for __aeabi_memclr4
    4g.o(.text) refers to wdg.o(.text) for IWDG_Feed
    4g.o(.text) refers to __2printf.o(.text) for __2printf
    4g.o(.text) refers to usart.o(.text) for Uart2_SendStr
    4g.o(.text) refers to rt_memclr.o(.text) for __aeabi_memclr
    4g.o(.text) refers to __2sprintf.o(.text) for __2sprintf
    4g.o(.text) refers to usart.o(.bss) for buf_uart2
[...]
    TI3_Config                               0x0800195b   Thumb Code   122  stm32f10x_tim.o(.text)
    TI2_Config                               0x080019ef   Thumb Code   130  stm32f10x_tim.o(.text)
    TI1_Config                               0x08001a83   Thumb Code   108  stm32f10x_tim.o(.text)
    .text                                    0x0800223c   Section        0  stm32f10x_usart.o(.text)
    .text                                    0x08002644   Section       64  startup_stm32f10x_hd.o(.text)
    .text                                    0x08002684   Section        0  led.o(.text)
    .text                                    0x08002740   Section        0  wdg.o(.text)
    .text                                    0x08002768   Section        0  timer.o(.text)
    .text                                    0x08002844   Section        0  4g.o(.text)
    .text                                    0x08002f24   Section        0  gui.o(.text)
    .text                                    0x08003864   Section        0  lcd_driver.o(.text)
    .text                                    0x08003ca4   Section        0  qdtft_demo.o(.text)
    .text                                    0x08003f70   Section        0  delay.o(.text)
    .text                                    0x08004044   Section        0  sys.o(.text)
    .text                                    0x08004050   Section        0  usart.o(.text)
    .text                                    0x08004482   Section        2  use_no_semi_2.o(.text)
    .text                                    0x08004484   Section        0  c89printf.o(.text)
    .text                                    0x0800449c   Section        0  __2printf.o(.text)
    .text                                    0x080044b4   Section        0  __2sprintf.o(.text)
    .text                                    0x080044e0   Section        0  _printf_str.o(.text)
    .text                                    0x08004534   Section        0  _printf_dec.o(.text)
    .text                                    0x080045ac   Section        0  __printf_flags_ss_wp.o(.text)
    .text                                    0x08004734   Section        0  strstr.o(.text)
    .text                                    0x08004758   Section       68  rt_memclr.o(.text)
    .text                                    0x0800479c   Section       78  rt_memclr_w.o(.text)
    .text                                    0x080047ea   Section        0  heapauxi.o(.text)
    .text                                    0x080047f0   Section        2  use_no_semi.o(.text)
    .text                                    0x080047f2   Section        0  _printf_pad.o(.text)
    .text                                    0x08004840   Section        0  _printf_truncate.o(.text)
    .text                                    0x08004864   Section        0  _printf_intcommon.o(.text)
    .text                                    0x08004916   Section        0  _printf_charcount.o(.text)
    .text                                    0x08004940   Section        0  _printf_char_common.o(.text)
    _printf_input_char                       0x08004941   Thumb Code    10  _printf_char_common.o(.text)
    .text                                    0x08004970   Section        0  _sputc.o(.text)
    .text                                    0x0800497a   Section        0  _printf_char.o(.text)
    .text                                    0x080049a8   Section        0  _printf_char_file.o(.text)
    .text                                    0x080049cc   Section        0  _printf_wctomb.o(.text)
    .text                                    0x08004a88   Section        0  _printf_longlong_dec.o(.text)
    .text                                    0x08004b04   Section        0  _printf_oct_int_ll.o(.text)
    _printf_longlong_oct_internal            0x08004b05   Thumb Code     0  _printf_oct_int_ll.o(.text)
    .text                                    0x08004b74   Section        0  _printf_hex_int_ll_ptr.o(.text)
    _printf_hex_common                       0x08004b75   Thumb Code     0  _printf_hex_int_ll_ptr.o(.text)
    .text                                    0x08004c08   Section      138  lludiv10.o(.text)
    .text                                    0x08004c92   Section        0  _printf_fp_dec.o(.text)
    _fp_digits                               0x08004c95   Thumb Code   428  _printf_fp_dec.o(.text)
    .text                                    0x080050ac   Section        0  _printf_wchar.o(.text)
    .text                                    0x080050d8   Section        0  ferror.o(.text)
    .text                                    0x080050e0   Section        0  _wcrtomb.o(.text)
    .text                                    0x08005120   Section       74  sys_stackheap_outer.o(.text)
    .text                                    0x0800516c   Section       16  rt_ctype_table.o(.text)
    .text                                    0x0800517c   Section        8  rt_locale_intlibspace.o(.text)
    .text                                    0x08005184   Section        0  _printf_fp_infnan.o(.text)
    .text                                    0x08005204   Section        0  bigflt0.o(.text)
    .text                                    0x080052e0   Section        0  exit.o(.text)
    .text                                    0x080052ec   Section        8  libspace.o(.text)
    .text                                    0x080052f4   Section      128  strcmpv7m.o(.text)
    CL$$btod_d2e                             0x08005374   Section       62  btod.o(CL$$btod_d2e)
    CL$$btod_d2e_denorm_low                  0x080053b2   Section       70  btod.o(CL$$btod_d2e_denorm_low)
    CL$$btod_d2e_norm_op1                    0x080053f8   Section       96  btod.o(CL$$btod_d2e_norm_op1)
    CL$$btod_div_common                      0x08005458   Section      824  btod.o(CL$$btod_div_common)
    CL$$btod_e2e                             0x08005790   Section      198  btod.o(CL$$btod_e2e)
    CL$$btod_ediv                            0x08005856   Section       40  btod.o(CL$$btod_ediv)
    CL$$btod_emul                            0x0800587e   Section       40  btod.o(CL$$btod_emul)
    CL$$btod_mult_common                     0x080058a6   Section      580  btod.o(CL$$btod_mult_common)
    i.__ARM_fpclassify                       0x08005aea   Section        0  fpclassify.o(i.__ARM_fpclassify)
    i._is_digit                              0x08005b12   Section        0  __printf_wp.o(i._is_digit)
    locale$$code                             0x08005b20   Section       44  lc_numeric_c.o(locale$$code)
    locale$$code                             0x08005b4c   Section       44  lc_ctype_c.o(locale$$code)
    x$fpl$printf1                            0x08005b78   Section        4  printf1.o(x$fpl$printf1)
    .constdata                               0x08005b7c   Section     3200  main.o(.constdata)
    x$fpl$usenofp                            0x08005b7c   Section        0  usenofp.o(x$fpl$usenofp)
    .constdata                               0x080067fc   Section     6616  gui.o(.constdata)
    .constdata                               0x080081d4   Section       17  __printf_flags_ss_wp.o(.constdata)
    maptable                                 0x080081d4   Data          17  __printf_flags_ss_wp.o(.constdata)
    .constdata                               0x080081e8   Section        8  _printf_wctomb.o(.constdata)
    initial_mbstate                          0x080081e8   Data           8  _printf_wctomb.o(.constdata)
    .constdata                               0x080081f0   Section       40  _printf_hex_int_ll_ptr.o(.constdata)
    uc_hextab                                0x080081f0   Data          20  _printf_hex_int_ll_ptr.o(.constdata)
    lc_hextab                                0x08008204   Data          20  _printf_hex_int_ll_ptr.o(.constdata)
    .constdata                               0x08008218   Section      148  bigflt0.o(.constdata)
    tenpwrs_x                                0x08008218   Data          60  bigflt0.o(.constdata)
    tenpwrs_i                                0x08008254   Data          64  bigflt0.o(.constdata)
    .conststring                             0x080082ac   Section      102  main.o(.conststring)
    locale$$data                             0x08008334   Section       28  lc_numeric_c.o(locale$$data)
    __lcnum_c_name                           0x08008338   Data           2  lc_numeric_c.o(locale$$data)
    __lcnum_c_start                          0x08008340   Data           0  lc_numeric_c.o(locale$$data)
    __lcnum_c_point                          0x0800834c   Data           0  lc_numeric_c.o(locale$$data)
    __lcnum_c_thousands                      0x0800834e   Data           0  lc_numeric_c.o(locale$$data)
    __lcnum_c_grouping                       0x0800834f   Data           0  lc_numeric_c.o(locale$$data)
    locale$$data                             0x08008350   Section      272  lc_ctype_c.o(locale$$data)
    __lcnum_c_end                            0x08008350   Data           0  lc_numeric_c.o(locale$$data)
    __lcctype_c_name                         0x08008354   Data           2  lc_ctype_c.o(locale$$data)
    __lcctype_c_start                        0x0800835c   Data           0  lc_ctype_c.o(locale$$data)
    __lcctype_c_end                          0x08008460   Data           0  lc_ctype_c.o(locale$$data)
    .data                                    0x20000000   Section       20  system_stm32f10x.o(.data)
    .data                                    0x20000014   Section       20  stm32f10x_rcc.o(.data)
    APBAHBPrescTable                         0x20000014   Data          16  stm32f10x_rcc.o(.data)
    ADCPrescTable                            0x20000024   Data           4  stm32f10x_rcc.o(.data)
    .data                                    0x20000028   Section       12  4g.o(.data)
    .data                                    0x20000034   Section       10  qdtft_demo.o(.data)
    .data                                    0x2000003e   Section        4  delay.o(.data)
    fac_us                                   0x2000003e   Data           1  delay.o(.data)
    fac_ms                                   0x20000040   Data           2  delay.o(.data)
    .data                                    0x20000044   Section        4  usart.o(.data)
    .bss                                     0x20000048   Section      371  4g.o(.bss)
    .bss                                     0x200001bc   Section      792  usart.o(.bss)
    .bss                                     0x200004d4   Section       96  libspace.o(.bss)
    HEAP                                     0x20000538   Section      512  startup_stm32f10x_hd.o(HEAP)
    Heap_Mem                                 0x20000538   Data         512  startup_stm32f10x_hd.o(HEAP)
    STACK                                    0x20000738   Section     1024  startup_stm32f10x_hd.o(STACK)
    Stack_Mem                                0x20000738   Data        1024  startup_stm32f10x_hd.o(STACK)
    __initial_sp                             0x20000b38   Data           0  startup_stm32f10x_hd.o(STACK)

    Global Symbols

    Symbol Name                              Value     Ov Type        Size  Object(Section)

    BuildAttributes$$THM_ISAv4$P$D$K$B$S$PE$A:L22UL41UL21$X:L11$S22US41US21$IEEE1$IW$USESV6$~STKCKD$USESV7$~SHL$OTIME$ROPI$IEEEJ$EBA8$UX$STANDARDLIB$REQ8$PRES8$EABIv2 0x00000000   Number         0  anon$$obj.o ABSOLUTE
    __ARM_use_no_argv                        0x00000000   Number         0  main.o ABSOLUTE
    _printf_flags                            0x00000000   Number         0  printf_stubs.o ABSOLUTE
    _printf_return_value                     0x00000000   Number         0  printf_stubs.o ABSOLUTE
    _printf_sizespec                         0x00000000   Number         0  printf_stubs.o ABSOLUTE
    _printf_widthprec                        0x00000000   Number         0  printf_stubs.o ABSOLUTE
    __ARM_exceptions_init                     - Undefined Weak Reference
    __alloca_initialize                       - Undefined Weak Reference
    __arm_preinit_                            - Undefined Weak Reference
    __cpp_initialize__aeabi_                  - Undefined Weak Reference
    __cxa_finalize                            - Undefined Weak Reference
    __sigvec_lookup                           - Undefined Weak Reference
    _atexit_init                              - Undefined Weak Reference
    _call_atexit_fns                          - Undefined Weak Reference
    _clock_init                               - Undefined Weak Reference
    _fp_trap_init                             - Undefined Weak Reference
    _fp_trap_shutdown                         - Undefined Weak Reference
    _get_lc_collate                           - Undefined Weak Reference
    _get_lc_monetary                          - Undefined Weak Reference
    _get_lc_time                              - Undefined Weak Reference
    _getenv_init                              - Undefined Weak Reference
    _handle_redirection                       - Undefined Weak Reference
    _init_alloc                               - Undefined Weak Reference
    _init_user_alloc                          - Undefined Weak Reference
    _initio                                   - Undefined Weak Reference
    _mutex_acquire                            - Undefined Weak Reference
    _mutex_release                            - Undefined Weak Reference
    _printf_fp_hex                            - Undefined Weak Reference
    _printf_mbtowc                            - Undefined Weak Reference
    _printf_wc                                - Undefined Weak Reference
    _rand_init                                - Undefined Weak Reference
    _signal_finish                            - Undefined Weak Reference
    _signal_init                              - Undefined Weak Reference
    _terminate_alloc                          - Undefined Weak Reference
    _terminate_user_alloc                     - Undefined Weak Reference
    _terminateio                              - Undefined Weak Reference
    __Vectors_Size                           0x00000130   Number         0  startup_stm32f10x_hd.o ABSOLUTE
    __Vectors                                0x08000000   Data           4  startup_stm32f10x_hd.o(RESET)
    __Vectors_End                            0x08000130   Data           0  startup_stm32f10x_hd.o(RESET)
    __main                                   0x08000131   Thumb Code     8  __main.o(!!!main)
    __scatterload                            0x08000139   Thumb Code     0  __scatter.o(!!!scatter)
    __scatterload_rt2                        0x08000139   Thumb Code    44  __scatter.o(!!!scatter)
    __scatterload_rt2_thumb_only             0x08000139   Thumb Code     0  __scatter.o(!!!scatter)
    __scatterload_null                       0x08000147   Thumb Code     0  __scatter.o(!!!scatter)
    __scatterload_copy                       0x0800016d   Thumb Code    26  __scatter_copy.o(!!handler_copy)
    __scatterload_zeroinit                   0x08000189   Thumb Code    28  __scatter_zi.o(!!handler_zi)
    _printf_n                                0x080001a5   Thumb Code     0  _printf_n.o(.ARM.Collect$$_printf_percent$$00000001)
    _printf_percent                          0x080001a5   Thumb Code     0  _printf_percent.o(.ARM.Collect$$_printf_percent$$00000000)
    _printf_p                                0x080001ab   Thumb Code     0  _printf_p.o(.ARM.Collect$$_printf_percent$$00000002)
    _printf_f                                0x080001b1   Thumb Code     0  _printf_f.o(.ARM.Collect$$_printf_percent$$00000003)
    _printf_e                                0x080001b7   Thumb Code     0  _printf_e.o(.ARM.Collect$$_printf_percent$$00000004)
    _printf_g                                0x080001bd   Thumb Code     0  _printf_g.o(.ARM.Collect$$_printf_percent$$00000005)
    _printf_a                                0x080001c3   Thumb Code     0  _printf_a.o(.ARM.Collect$$_printf_percent$$00000006)
    _printf_ll                               0x080001c9   Thumb Code     0  _printf_ll.o(.ARM.Collect$$_printf_percent$$00000007)
    _printf_i                                0x080001d3   Thumb Code     0  _printf_i.o(.ARM.Collect$$_printf_percent$$00000008)
    _printf_d                                0x080001d9   Thumb Code     0  _printf_d.o(.ARM.Collect$$_printf_percent$$00000009)
    _printf_u                                0x080001df   Thumb Code     0  _printf_u.o(.ARM.Collect$$_printf_percent$$0000000A)
    _printf_o                                0x080001e5   Thumb Code     0  _printf_o.o(.ARM.Collect$$_printf_percent$$0000000B)
    _printf_x                                0x080001eb   Thumb Code     0  _printf_x.o(.ARM.Collect$$_printf_percent$$0000000C)
    _printf_lli                              0x080001f1   Thumb Code     0  _printf_lli.o(.ARM.Collect$$_printf_percent$$0000000D)
    _printf_lld                              0x080001f7   Thumb Code     0  _printf_lld.o(.ARM.Collect$$_printf_percent$$0000000E)
    _printf_llu                              0x080001fd   Thumb Code     0  _printf_llu.o(.ARM.Collect$$_printf_percent$$0000000F)
    _printf_llo                              0x08000203   Thumb Code     0  _printf_llo.o(.ARM.Collect$$_printf_percent$$00000010)
    _printf_llx                              0x08000209   Thumb Code     0  _printf_llx.o(.ARM.Collect$$_printf_percent$$00000011)
    _printf_l                                0x0800020f   Thumb Code     0  _printf_l.o(.ARM.Collect$$_printf_percent$$00000012)
    _printf_c                                0x08000219   Thumb Code     0  _printf_c.o(.ARM.Collect$$_printf_percent$$00000013)
    _printf_s                                0x0800021f   Thumb Code     0  _printf_s.o(.ARM.Collect$$_printf_percent$$00000014)
    _printf_lc                               0x08000225   Thumb Code     0  _printf_lc.o(.ARM.Collect$$_printf_percent$$00000015)
    _printf_ls                               0x0800022b   Thumb Code     0  _printf_ls.o(.ARM.Collect$$_printf_percent$$00000016)
    _printf_percent_end                      0x08000231   Thumb Code     0  _printf_percent_end.o(.ARM.Collect$$_printf_percent$$00000017)
    __rt_lib_init                            0x08000235   Thumb Code     0  libinit.o(.ARM.Collect$$libinit$$00000000)
    __rt_lib_init_fp_1                       0x08000237   Thumb Code     0  libinit2.o(.ARM.Collect$$libinit$$00000002)
    __rt_lib_init_heap_1                     0x08000237   Thumb Code     0  libinit2.o(.ARM.Collect$$libinit$$0000000A)
    __rt_lib_init_lc_common                  0x08000237   Thumb Code     0  libinit2.o(.ARM.Collect$$libinit$$0000000F)
    __rt_lib_init_preinit_1                  0x08000237   Thumb Code     0  libinit2.o(.ARM.Collect$$libinit$$00000004)
    __rt_lib_init_rand_1                     0x08000237   Thumb Code     0  libinit2.o(.ARM.Collect$$libinit$$0000000E)
    __rt_lib_init_user_alloc_1               0x08000237   Thumb Code     0  libinit2.o(.ARM.Collect$$libinit$$0000000C)
    __rt_lib_init_lc_collate_1               0x0800023d   Thumb Code     0  libinit2.o(.ARM.Collect$$libinit$$00000011)
    __rt_lib_init_lc_ctype_2                 0x0800023d   Thumb Code     0  libinit2.o(.ARM.Collect$$libinit$$00000012)
    __rt_lib_init_lc_ctype_1                 0x08000249   Thumb Code     0  libinit2.o(.ARM.Collect$$libinit$$00000013)
    __rt_lib_init_lc_monetary_1              0x08000249   Thumb Code     0  libinit2.o(.ARM.Collect$$libinit$$00000015)
    __rt_lib_init_lc_numeric_2               0x08000249   Thumb Code     0  libinit2.o(.ARM.Collect$$libinit$$00000016)
    __rt_lib_init_alloca_1                   0x08000253   Thumb Code     0  libinit2.o(.ARM.Collect$$libinit$$0000002E)
    __rt_lib_init_argv_1                     0x08000253   Thumb Code     0  libinit2.o(.ARM.Collect$$libinit$$0000002C)
    __rt_lib_init_atexit_1                   0x08000253   Thumb Code     0  libinit2.o(.ARM.Collect$$libinit$$0000001B)
    __rt_lib_init_clock_1                    0x08000253   Thumb Code     0  libinit2.o(.ARM.Collect$$libinit$$00000021)
    __rt_lib_init_cpp_1                      0x08000253   Thumb Code     0  libinit2.o(.ARM.Collect$$libinit$$00000032)
    __rt_lib_init_exceptions_1               0x08000253   Thumb Code     0  libinit2.o(.ARM.Collect$$libinit$$00000030)
    __rt_lib_init_fp_trap_1                  0x08000253   Thumb Code     0  libinit2.o(.ARM.Collect$$libinit$$0000001F)
    __rt_lib_init_getenv_1                   0x08000253   Thumb Code     0  libinit2.o(.ARM.Collect$$libinit$$00000023)
    __rt_lib_init_lc_numeric_1               0x08000253   Thumb Code     0  libinit2.o(.ARM.Collect$$libinit$$00000017)
    __rt_lib_init_lc_time_1                  0x08000253   Thumb Code     0  libinit2.o(.ARM.Collect$$libinit$$00000019)
    __rt_lib_init_return                     0x08000253   Thumb Code     0  libinit2.o(.ARM.Collect$$libinit$$00000033)
    __rt_lib_init_signal_1                   0x08000253   Thumb Code     0  libinit2.o(.ARM.Collect$$libinit$$0000001D)
    __rt_lib_init_stdio_1                    0x08000253   Thumb Code     0  libinit2.o(.ARM.Collect$$libinit$$00000025)
    __rt_lib_shutdown                        0x08000255   Thumb Code     0  libshutdown.o(.ARM.Collect$$libshutdown$$00000000)
    __rt_lib_shutdown_fp_trap_1              0x08000257   Thumb Code     0  libshutdown2.o(.ARM.Collect$$libshutdown$$00000006)
    __rt_lib_shutdown_heap_1                 0x08000257   Thumb Code     0  libshutdown2.o(.ARM.Collect$$libshutdown$$0000000E)
    __rt_lib_shutdown_return                 0x08000257   Thumb Code     0  libshutdown2.o(.ARM.Collect$$libshutdown$$0000000F)
    __rt_lib_shutdown_signal_1               0x08000257   Thumb Code     0  libshutdown2.o(.ARM.Collect$$libshutdown$$00000009)
    __rt_lib_shutdown_stdio_1                0x08000257   Thumb Code     0  libshutdown2.o(.ARM.Collect$$libshutdown$$00000003)
    __rt_lib_shutdown_user_alloc_1           0x08000257   Thumb Code     0  libshutdown2.o(.ARM.Collect$$libshutdown$$0000000B)
    __rt_entry                               0x08000259   Thumb Code     0  __rtentry.o(.ARM.Collect$$rtentry$$00000000)
    __rt_entry_presh_1                       0x08000259   Thumb Code     0  __rtentry2.o(.ARM.Collect$$rtentry$$00000002)
    __rt_entry_sh                            0x08000259   Thumb Code     0  __rtentry4.o(.ARM.Collect$$rtentry$$00000004)
    __rt_entry_li                            0x0800025f   Thumb Code     0  __rtentry2.o(.ARM.Collect$$rtentry$$0000000A)
    __rt_entry_postsh_1                      0x0800025f   Thumb Code     0  __rtentry2.o(.ARM.Collect$$rtentry$$00000009)
    __rt_entry_main                          0x08000263   Thumb Code     0  __rtentry2.o(.ARM.Collect$$rtentry$$0000000D)
    __rt_entry_postli_1                      0x08000263   Thumb Code     0  __rtentry2.o(.ARM.Collect$$rtentry$$0000000C)
    __rt_exit                                0x0800026b   Thumb Code     0  rtexit.o(.ARM.Collect$$rtexit$$00000000)
    __rt_exit_ls                             0x0800026d   Thumb Code     0  rtexit2.o(.ARM.Collect$$rtexit$$00000003)
    __rt_exit_prels_1                        0x0800026d   Thumb Code     0  rtexit2.o(.ARM.Collect$$rtexit$$00000002)
    __rt_exit_exit                           0x08000271   Thumb Code     0  rtexit2.o(.ARM.Collect$$rtexit$$00000004)
    main                                     0x08000279   Thumb Code   224  main.o(.text)
    NMI_Handler                              0x080003e1   Thumb Code     2  stm32f10x_it.o(.text)
    HardFault_Handler                        0x080003e3   Thumb Code     4  stm32f10x_it.o(.text)
    MemManage_Handler                        0x080003e7   Thumb Code     4  stm32f10x_it.o(.text)
    BusFault_Handler                         0x080003eb   Thumb Code     4  stm32f10x_it.o(.text)
    UsageFault_Handler                       0x080003ef   Thumb Code     4  stm32f10x_it.o(.text)
    SVC_Handler                              0x080003f3   Thumb Code     2  stm32f10x_it.o(.text)
    DebugMon_Handler                         0x080003f5   Thumb Code     2  stm32f10x_it.o(.text)
    PendSV_Handler                           0x080003f7   Thumb Code     2  stm32f10x_it.o(.text)
    SysTick_Handler                          0x080003f9   Thumb Code     2  stm32f10x_it.o(.text)
    RCC_Configuration                        0x080003fd   Thumb Code   110  system_stm32f10x.o(.text)
    SystemInit                               0x08000549   Thumb Code    78  system_stm32f10x.o(.text)
    SystemCoreClockUpdate                    0x08000597   Thumb Code   142  system_stm32f10x.o(.text)
    NVIC_PriorityGroupConfig                 0x08000649   Thumb Code    10  misc.o(.text)
    NVIC_Init                                0x08000653   Thumb Code   100  misc.o(.text)
    NVIC_SetVectorTable                      0x080006b7   Thumb Code    14  misc.o(.text)
    NVIC_SystemLPConfig                      0x080006c5   Thumb Code    34  misc.o(.text)
    SysTick_CLKSourceConfig                  0x080006e7   Thumb Code    40  misc.o(.text)
    FLASH_SetLatency                         0x08000725   Thumb Code    18  stm32f10x_flash.o(.text)
    FLASH_HalfCycleAccessCmd                 0x08000737   Thumb Code    22  stm32f10x_flash.o(.text)
    FLASH_PrefetchBufferCmd                  0x0800074d   Thumb Code    22  stm32f10x_flash.o(.text)
    FLASH_Unlock                             0x08000763   Thumb Code    12  stm32f10x_flash.o(.text)
    FLASH_UnlockBank1                        0x0800076f   Thumb Code    12  stm32f10x_flash.o(.text)
    FLASH_Lock                               0x0800077b   Thumb Code    14  stm32f10x_flash.o(.text)
    FLASH_LockBank1                          0x08000789   Thumb Code    14  stm32f10x_flash.o(.text)
    FLASH_GetBank1Status                     0x08000797   Thumb Code    48  stm32f10x_flash.o(.text)
    FLASH_WaitForLastOperation               0x080007c7   Thumb Code    38  stm32f10x_flash.o(.text)
    FLASH_ErasePage                          0x080007ed   Thumb Code    72  stm32f10x_flash.o(.text)
    FLASH_EraseAllPages                      0x08000835   Thumb Code    68  stm32f10x_flash.o(.text)
    FLASH_WaitForLastBank1Operation          0x08000879   Thumb Code    38  stm32f10x_flash.o(.text)
    FLASH_EraseAllBank1Pages                 0x0800089f   Thumb Code    68  stm32f10x_flash.o(.text)
    FLASH_GetReadOutProtectionStatus         0x080008e3   Thumb Code    20  stm32f10x_flash.o(.text)
    FLASH_EraseOptionBytes                   0x080008f7   Thumb Code   150  stm32f10x_flash.o(.text)
    FLASH_ProgramWord                        0x0800098d   Thumb Code   102  stm32f10x_flash.o(.text)
    FLASH_ProgramHalfWord                    0x080009f3   Thumb Code    60  stm32f10x_flash.o(.text)
    FLASH_ProgramOptionByteData              0x08000a2f   Thumb Code    72  stm32f10x_flash.o(.text)
    FLASH_EnableWriteProtection              0x08000a77   Thumb Code   200  stm32f10x_flash.o(.text)
    FLASH_ReadOutProtection                  0x08000b3f   Thumb Code   156  stm32f10x_flash.o(.text)
    FLASH_UserOptionByteConfig               0x08000bdb   Thumb Code    88  stm32f10x_flash.o(.text)
    FLASH_GetUserOptionByte                  0x08000c33   Thumb Code     8  stm32f10x_flash.o(.text)
    FLASH_GetWriteProtectionOptionByte       0x08000c3b   Thumb Code     6  stm32f10x_flash.o(.text)
    FLASH_GetPrefetchBufferStatus            0x08000c41   Thumb Code    20  stm32f10x_flash.o(.text)
    FLASH_ITConfig                           0x08000c55   Thumb Code    26  stm32f10x_flash.o(.text)
    FLASH_GetFlagStatus                      0x08000c6f   Thumb Code    42  stm32f10x_flash.o(.text)
    FLASH_ClearFlag                          0x08000c99   Thumb Code     6  stm32f10x_flash.o(.text)
    FLASH_GetStatus                          0x08000c9f   Thumb Code    48  stm32f10x_flash.o(.text)
    GPIO_DeInit                              0x08000ce1   Thumb Code   172  stm32f10x_gpio.o(.text)
    GPIO_AFIODeInit                          0x08000d8d   Thumb Code    20  stm32f10x_gpio.o(.text)
    GPIO_Init                                0x08000da1   Thumb Code   278  stm32f10x_gpio.o(.text)
    GPIO_StructInit                          0x08000eb7   Thumb Code    16  stm32f10x_gpio.o(.text)
    GPIO_ReadInputDataBit                    0x08000ec7   Thumb Code    18  stm32f10x_gpio.o(.text)
    GPIO_ReadInputData                       0x08000ed9   Thumb Code     8  stm32f10x_gpio.o(.text)
    GPIO_ReadOutputDataBit                   0x08000ee1   Thumb Code    18  stm32f10x_gpio.o(.text)
    GPIO_ReadOutputData                      0x08000ef3   Thumb Code     8  stm32f10x_gpio.o(.text)
    GPIO_SetBits                             0x08000efb   Thumb Code     4  stm32f10x_gpio.o(.text)
    GPIO_ResetBits                           0x08000eff   Thumb Code     4  stm32f10x_gpio.o(.text)
    GPIO_WriteBit                            0x08000f03   Thumb Code    10  stm32f10x_gpio.o(.text)
    GPIO_Write                               0x08000f0d   Thumb Code     4  stm32f10x_gpio.o(.text)
    GPIO_PinLockConfig                       0x08000f11   Thumb Code    18  stm32f10x_gpio.o(.text)
    GPIO_EventOutputConfig                   0x08000f23   Thumb Code    26  stm32f10x_gpio.o(.text)
    GPIO_EventOutputCmd                      0x08000f3d   Thumb Code     6  stm32f10x_gpio.o(.text)
    GPIO_PinRemapConfig                      0x08000f43   Thumb Code   138  stm32f10x_gpio.o(.text)
    GPIO_EXTILineConfig                      0x08000fcd   Thumb Code    66  stm32f10x_gpio.o(.text)
    GPIO_ETH_MediaInterfaceConfig            0x0800100f   Thumb Code     8  stm32f10x_gpio.o(.text)
    IWDG_WriteAccessCmd                      0x0800103d   Thumb Code     6  stm32f10x_iwdg.o(.text)
    IWDG_SetPrescaler                        0x08001043   Thumb Code     6  stm32f10x_iwdg.o(.text)
    IWDG_SetReload                           0x08001049   Thumb Code     6  stm32f10x_iwdg.o(.text)
    IWDG_ReloadCounter                       0x0800104f   Thumb Code    10  stm32f10x_iwdg.o(.text)
    IWDG_Enable                              0x08001059   Thumb Code    10  stm32f10x_iwdg.o(.text)
    IWDG_GetFlagStatus                       0x08001063   Thumb Code    20  stm32f10x_iwdg.o(.text)
    RCC_DeInit                               0x0800107d   Thumb Code    64  stm32f10x_rcc.o(.text)
    RCC_HSEConfig                            0x080010bd   Thumb Code    70  stm32f10x_rcc.o(.text)
    RCC_GetFlagStatus                        0x08001103   Thumb Code    56  stm32f10x_rcc.o(.text)
    RCC_WaitForHSEStartUp                    0x0800113b   Thumb Code    56  stm32f10x_rcc.o(.text)
    RCC_AdjustHSICalibrationValue            0x08001173   Thumb Code    20  stm32f10x_rcc.o(.text)
    RCC_HSICmd                               0x08001187   Thumb Code     6  stm32f10x_rcc.o(.text)
    RCC_PLLConfig                            0x0800118d   Thumb Code    24  stm32f10x_rcc.o(.text)
    RCC_PLLCmd                               0x080011a5   Thumb Code     6  stm32f10x_rcc.o(.text)
    RCC_SYSCLKConfig                         0x080011ab   Thumb Code    18  stm32f10x_rcc.o(.text)
    RCC_GetSYSCLKSource                      0x080011bd   Thumb Code    10  stm32f10x_rcc.o(.text)
    RCC_HCLKConfig                           0x080011c7   Thumb Code    18  stm32f10x_rcc.o(.text)
    RCC_PCLK1Config                          0x080011d9   Thumb Code    18  stm32f10x_rcc.o(.text)
    RCC_PCLK2Config                          0x080011eb   Thumb Code    20  stm32f10x_rcc.o(.text)
    RCC_ITConfig                             0x080011ff   Thumb Code    26  stm32f10x_rcc.o(.text)
    RCC_USBCLKConfig                         0x08001219   Thumb Code     8  stm32f10x_rcc.o(.text)
    RCC_ADCCLKConfig                         0x08001221   Thumb Code    18  stm32f10x_rcc.o(.text)
    RCC_LSEConfig                            0x08001233   Thumb Code    50  stm32f10x_rcc.o(.text)
    RCC_LSICmd                               0x08001265   Thumb Code     6  stm32f10x_rcc.o(.text)
    RCC_RTCCLKConfig                         0x0800126b   Thumb Code    12  stm32f10x_rcc.o(.text)
    RCC_RTCCLKCmd                            0x08001277   Thumb Code     8  stm32f10x_rcc.o(.text)
    RCC_GetClocksFreq                        0x0800127f   Thumb Code   192  stm32f10x_rcc.o(.text)
    RCC_AHBPeriphClockCmd                    0x0800133f   Thumb Code    26  stm32f10x_rcc.o(.text)
    RCC_APB2PeriphClockCmd                   0x08001359   Thumb Code    26  stm32f10x_rcc.o(.text)
    RCC_APB1PeriphClockCmd                   0x08001373   Thumb Code    26  stm32f10x_rcc.o(.text)
    RCC_APB2PeriphResetCmd                   0x0800138d   Thumb Code    26  stm32f10x_rcc.o(.text)
    RCC_APB1PeriphResetCmd                   0x080013a7   Thumb Code    26  stm32f10x_rcc.o(.text)
    RCC_BackupResetCmd                       0x080013c1   Thumb Code     8  stm32f10x_rcc.o(.text)
    RCC_ClockSecuritySystemCmd               0x080013c9   Thumb Code     6  stm32f10x_rcc.o(.text)
    RCC_MCOConfig                            0x080013cf   Thumb Code     6  stm32f10x_rcc.o(.text)
    RCC_ClearFlag                            0x080013d5   Thumb Code    14  stm32f10x_rcc.o(.text)
    RCC_GetITStatus                          0x080013e3   Thumb Code    20  stm32f10x_rcc.o(.text)
    RCC_ClearITPendingBit                    0x080013f7   Thumb Code     6  stm32f10x_rcc.o(.text)
    TIM_DeInit                               0x08001421   Thumb Code   424  stm32f10x_tim.o(.text)
    TIM_TimeBaseInit                         0x080015c9   Thumb Code   122  stm32f10x_tim.o(.text)
    TIM_OC1Init                              0x08001643   Thumb Code   132  stm32f10x_tim.o(.text)
    TIM_OC2Init                              0x080016c7   Thumb Code   154  stm32f10x_tim.o(.text)
    TIM_OC3Init                              0x08001761   Thumb Code   150  stm32f10x_tim.o(.text)
    TIM_OC4Init                              0x080017f7   Thumb Code   182  stm32f10x_tim.o(.text)
    TIM_SetIC4Prescaler                      0x080018ad   Thumb Code    26  stm32f10x_tim.o(.text)
    TIM_SetIC3Prescaler                      0x08001949   Thumb Code    18  stm32f10x_tim.o(.text)
    TIM_SetIC2Prescaler                      0x080019d5   Thumb Code    26  stm32f10x_tim.o(.text)
    TIM_SetIC1Prescaler                      0x08001a71   Thumb Code    18  stm32f10x_tim.o(.text)
    TIM_ICInit                               0x08001aef   Thumb Code   150  stm32f10x_tim.o(.text)
    TIM_PWMIConfig                           0x08001b85   Thumb Code   124  stm32f10x_tim.o(.text)
    TIM_BDTRConfig                           0x08001c01   Thumb Code    32  stm32f10x_tim.o(.text)
    TIM_TimeBaseStructInit                   0x08001c21   Thumb Code    18  stm32f10x_tim.o(.text)
    TIM_OCStructInit                         0x08001c33   Thumb Code    20  stm32f10x_tim.o(.text)
    TIM_ICStructInit                         0x08001c47   Thumb Code    18  stm32f10x_tim.o(.text)
    TIM_BDTRStructInit                       0x08001c59   Thumb Code    40  stm32f10x_tim.o(.text)
    TIM_Cmd                                  0x08001c81   Thumb Code    24  stm32f10x_tim.o(.text)
    TIM_CtrlPWMOutputs                       0x08001c99   Thumb Code    30  stm32f10x_tim.o(.text)
    TIM_ITConfig                             0x08001cb7   Thumb Code    18  stm32f10x_tim.o(.text)
    TIM_GenerateEvent                        0x08001cc9   Thumb Code     4  stm32f10x_tim.o(.text)
    TIM_DMAConfig                            0x08001ccd   Thumb Code    10  stm32f10x_tim.o(.text)
    TIM_DMACmd                               0x08001cd7   Thumb Code    18  stm32f10x_tim.o(.text)
    TIM_InternalClockConfig                  0x08001ce9   Thumb Code    12  stm32f10x_tim.o(.text)
    TIM_SelectInputTrigger                   0x08001cf5   Thumb Code    18  stm32f10x_tim.o(.text)
    TIM_ITRxExternalClockConfig              0x08001d07   Thumb Code    24  stm32f10x_tim.o(.text)
    TIM_TIxExternalClockConfig               0x08001d1f   Thumb Code    62  stm32f10x_tim.o(.text)
    TIM_ETRConfig                            0x08001d5d   Thumb Code    28  stm32f10x_tim.o(.text)
    TIM_ETRClockMode1Config                  0x08001d79   Thumb Code    54  stm32f10x_tim.o(.text)
    TIM_ETRClockMode2Config                  0x08001daf   Thumb Code    32  stm32f10x_tim.o(.text)
    TIM_PrescalerConfig                      0x08001dcf   Thumb Code     6  stm32f10x_tim.o(.text)
    TIM_CounterModeConfig                    0x08001dd5   Thumb Code    18  stm32f10x_tim.o(.text)
    TIM_EncoderInterfaceConfig               0x08001de7   Thumb Code    66  stm32f10x_tim.o(.text)
    TIM_ForcedOC1Config                      0x08001e29   Thumb Code    18  stm32f10x_tim.o(.text)
    TIM_ForcedOC2Config                      0x08001e3b   Thumb Code    26  stm32f10x_tim.o(.text)
    TIM_ForcedOC3Config                      0x08001e55   Thumb Code    18  stm32f10x_tim.o(.text)
    TIM_ForcedOC4Config                      0x08001e67   Thumb Code    26  stm32f10x_tim.o(.text)
    TIM_ARRPreloadConfig                     0x08001e81   Thumb Code    24  stm32f10x_tim.o(.text)
    TIM_SelectCOM                            0x08001e99   Thumb Code    24  stm32f10x_tim.o(.text)
    TIM_SelectCCDMA                          0x08001eb1   Thumb Code    24  stm32f10x_tim.o(.text)
    TIM_CCPreloadControl                     0x08001ec9   Thumb Code    24  stm32f10x_tim.o(.text)
    TIM_OC1PreloadConfig                     0x08001ee1   Thumb Code    18  stm32f10x_tim.o(.text)
    TIM_OC2PreloadConfig                     0x08001ef3   Thumb Code    26  stm32f10x_tim.o(.text)
    TIM_OC3PreloadConfig                     0x08001f0d   Thumb Code    18  stm32f10x_tim.o(.text)
    TIM_OC4PreloadConfig                     0x08001f1f   Thumb Code    26  stm32f10x_tim.o(.text)
    TIM_OC1FastConfig                        0x08001f39   Thumb Code    18  stm32f10x_tim.o(.text)
    TIM_OC2FastConfig                        0x08001f4b   Thumb Code    26  stm32f10x_tim.o(.text)
    TIM_OC3FastConfig                        0x08001f65   Thumb Code    18  stm32f10x_tim.o(.text)
    TIM_OC4FastConfig                        0x08001f77   Thumb Code    26  stm32f10x_tim.o(.text)
    TIM_ClearOC1Ref                          0x08001f91   Thumb Code    18  stm32f10x_tim.o(.text)
    TIM_ClearOC2Ref                          0x08001fa3   Thumb Code    24  stm32f10x_tim.o(.text)
    TIM_ClearOC3Ref                          0x08001fbb   Thumb Code    18  stm32f10x_tim.o(.text)
    TIM_ClearOC4Ref                          0x08001fcd   Thumb Code    24  stm32f10x_tim.o(.text)
    TIM_OC1PolarityConfig                    0x08001fe5   Thumb Code    18  stm32f10x_tim.o(.text)
    TIM_OC1NPolarityConfig                   0x08001ff7   Thumb Code    18  stm32f10x_tim.o(.text)
    TIM_OC2PolarityConfig                    0x08002009   Thumb Code    26  stm32f10x_tim.o(.text)
    TIM_OC2NPolarityConfig                   0x08002023   Thumb Code    26  stm32f10x_tim.o(.text)
    TIM_OC3PolarityConfig                    0x0800203d   Thumb Code    26  stm32f10x_tim.o(.text)
    TIM_OC3NPolarityConfig                   0x08002057   Thumb Code    26  stm32f10x_tim.o(.text)
    TIM_OC4PolarityConfig                    0x08002071   Thumb Code    26  stm32f10x_tim.o(.text)
    TIM_CCxCmd                               0x0800208b   Thumb Code    30  stm32f10x_tim.o(.text)
    TIM_CCxNCmd                              0x080020a9   Thumb Code    30  stm32f10x_tim.o(.text)
    TIM_SelectOCxM                           0x080020c7   Thumb Code    82  stm32f10x_tim.o(.text)
    TIM_UpdateDisableConfig                  0x08002119   Thumb Code    24  stm32f10x_tim.o(.text)
    TIM_UpdateRequestConfig                  0x08002131   Thumb Code    24  stm32f10x_tim.o(.text)
    TIM_SelectHallSensor                     0x08002149   Thumb Code    24  stm32f10x_tim.o(.text)
    TIM_SelectOnePulseMode                   0x08002161   Thumb Code    18  stm32f10x_tim.o(.text)
    TIM_SelectOutputTrigger                  0x08002173   Thumb Code    18  stm32f10x_tim.o(.text)
    TIM_SelectSlaveMode                      0x08002185   Thumb Code    18  stm32f10x_tim.o(.text)
    TIM_SelectMasterSlaveMode                0x08002197   Thumb Code    18  stm32f10x_tim.o(.text)
    TIM_SetCounter                           0x080021a9   Thumb Code     4  stm32f10x_tim.o(.text)
    TIM_SetAutoreload                        0x080021ad   Thumb Code     4  stm32f10x_tim.o(.text)
    TIM_SetCompare1                          0x080021b1   Thumb Code     4  stm32f10x_tim.o(.text)
    TIM_SetCompare2                          0x080021b5   Thumb Code     4  stm32f10x_tim.o(.text)
    TIM_SetCompare3                          0x080021b9   Thumb Code     4  stm32f10x_tim.o(.text)
    TIM_SetCompare4                          0x080021bd   Thumb Code     6  stm32f10x_tim.o(.text)
    TIM_SetClockDivision                     0x080021c3   Thumb Code    18  stm32f10x_tim.o(.text)
    TIM_GetCapture1                          0x080021d5   Thumb Code     6  stm32f10x_tim.o(.text)
    TIM_GetCapture2                          0x080021db   Thumb Code     6  stm32f10x_tim.o(.text)
    TIM_GetCapture3                          0x080021e1   Thumb Code     6  stm32f10x_tim.o(.text)
    TIM_GetCapture4                          0x080021e7   Thumb Code     8  stm32f10x_tim.o(.text)
    TIM_GetCounter                           0x080021ef   Thumb Code     6  stm32f10x_tim.o(.text)
    TIM_GetPrescaler                         0x080021f5   Thumb Code     6  stm32f10x_tim.o(.text)
    TIM_GetFlagStatus                        0x080021fb   Thumb Code    18  stm32f10x_tim.o(.text)
    TIM_ClearFlag                            0x0800220d   Thumb Code     6  stm32f10x_tim.o(.text)
    TIM_GetITStatus                          0x08002213   Thumb Code    34  stm32f10x_tim.o(.text)
    TIM_ClearITPendingBit                    0x08002235   Thumb Code     6  stm32f10x_tim.o(.text)
    USART_DeInit                             0x0800223d   Thumb Code   134  stm32f10x_usart.o(.text)
    USART_Init                               0x080022c3   Thumb Code   210  stm32f10x_usart.o(.text)
    USART_StructInit                         0x08002395   Thumb Code    24  stm32f10x_usart.o(.text)
    USART_ClockInit                          0x080023ad   Thumb Code    34  stm32f10x_usart.o(.text)
    USART_ClockStructInit                    0x080023cf   Thumb Code    12  stm32f10x_usart.o(.text)
    USART_Cmd                                0x080023db   Thumb Code    24  stm32f10x_usart.o(.text)
    USART_ITConfig                           0x080023f3   Thumb Code    74  stm32f10x_usart.o(.text)
    USART_DMACmd                             0x0800243d   Thumb Code    18  stm32f10x_usart.o(.text)
    USART_SetAddress                         0x0800244f   Thumb Code    18  stm32f10x_usart.o(.text)
    USART_WakeUpConfig                       0x08002461   Thumb Code    18  stm32f10x_usart.o(.text)
    USART_ReceiverWakeUpCmd                  0x08002473   Thumb Code    24  stm32f10x_usart.o(.text)
    USART_LINBreakDetectLengthConfig         0x0800248b   Thumb Code    18  stm32f10x_usart.o(.text)
    USART_LINCmd                             0x0800249d   Thumb Code    24  stm32f10x_usart.o(.text)
    USART_SendData                           0x080024b5   Thumb Code     8  stm32f10x_usart.o(.text)
    USART_ReceiveData                        0x080024bd   Thumb Code    10  stm32f10x_usart.o(.text)
    USART_SendBreak                          0x080024c7   Thumb Code    10  stm32f10x_usart.o(.text)
    USART_SetGuardTime                       0x080024d1   Thumb Code    16  stm32f10x_usart.o(.text)
    USART_SetPrescaler                       0x080024e1   Thumb Code    16  stm32f10x_usart.o(.text)
    USART_SmartCardCmd                       0x080024f1   Thumb Code    24  stm32f10x_usart.o(.text)
    USART_SmartCardNACKCmd                   0x08002509   Thumb Code    24  stm32f10x_usart.o(.text)
    USART_HalfDuplexCmd                      0x08002521   Thumb Code    24  stm32f10x_usart.o(.text)
    USART_OverSampling8Cmd                   0x08002539   Thumb Code    22  stm32f10x_usart.o(.text)
    USART_OneBitMethodCmd                    0x0800254f   Thumb Code    24  stm32f10x_usart.o(.text)
    USART_IrDAConfig                         0x08002567   Thumb Code    18  stm32f10x_usart.o(.text)
    USART_IrDACmd                            0x08002579   Thumb Code    24  stm32f10x_usart.o(.text)
    USART_GetFlagStatus                      0x08002591   Thumb Code    26  stm32f10x_usart.o(.text)
    USART_ClearFlag                          0x080025ab   Thumb Code    18  stm32f10x_usart.o(.text)
    USART_GetITStatus                        0x080025bd   Thumb Code    84  stm32f10x_usart.o(.text)
    USART_ClearITPendingBit                  0x08002611   Thumb Code    52  stm32f10x_usart.o(.text)
    Reset_Handler                            0x08002645   Thumb Code     8  startup_stm32f10x_hd.o(.text)
    ADC1_2_IRQHandler                        0x0800265f   Thumb Code     0  startup_stm32f10x_hd.o(.text)
    ADC3_IRQHandler                          0x0800265f   Thumb Code     0  startup_stm32f10x_hd.o(.text)
    CAN1_RX1_IRQHandler                      0x0800265f   Thumb Code     0  startup_stm32f10x_hd.o(.text)
    CAN1_SCE_IRQHandler                      0x0800265f   Thumb Code     0  startup_stm32f10x_hd.o(.text)
    DMA1_Channel1_IRQHandler                 0x0800265f   Thumb Code     0  startup_stm32f10x_hd.o(.text)
    DMA1_Channel2_IRQHandler                 0x0800265f   Thumb Code     0  startup_stm32f10x_hd.o(.text)
    DMA1_Channel3_IRQHandler                 0x0800265f   Thumb Code     0  startup_stm32f10x_hd.o(.text)
    DMA1_Channel4_IRQHandler                 0x0800265f   Thumb Code     0  startup_stm32f10x_hd.o(.text)
    DMA1_Channel5_IRQHandler                 0x0800265f   Thumb Code     0  startup_stm32f10x_hd.o(.text)
    DMA1_Channel6_IRQHandler                 0x0800265f   Thumb Code     0  startup_stm32f10x_hd.o(.text)
    DMA1_Channel7_IRQHandler                 0x0800265f   Thumb Code     0  startup_stm32f10x_hd.o(.text)
    DMA2_Channel1_IRQHandler                 0x0800265f   Thumb Code     0  startup_stm32f10x_hd.o(.text)
    DMA2_Channel2_IRQHandler                 0x0800265f   Thumb Code     0  startup_stm32f10x_hd.o(.text)
    DMA2_Channel3_IRQHandler                 0x0800265f   Thumb Code     0  startup_stm32f10x_hd.o(.text)
    DMA2_Channel4_5_IRQHandler               0x0800265f   Thumb Code     0  startup_stm32f10x_hd.o(.text)
    EXTI0_IRQHandler                         0x0800265f   Thumb Code     0  startup_stm32f10x_hd.o(.text)
    EXTI15_10_IRQHandler                     0x0800265f   Thumb Code     0  startup_stm32f10x_hd.o(.text)
    EXTI1_IRQHandler                         0x0800265f   Thumb Code     0  startup_stm32f10x_hd.o(.text)
    EXTI2_IRQHandler                         0x0800265f   Thumb Code     0  startup_stm32f10x_hd.o(.text)
    EXTI3_IRQHandler                         0x0800265f   Thumb Code     0  startup_stm32f10x_hd.o(.text)
    EXTI4_IRQHandler                         0x0800265f   Thumb Code     0  startup_stm32f10x_hd.o(.text)
    EXTI9_5_IRQHandler                       0x0800265f   Thumb Code     0  startup_stm32f10x_hd.o(.text)
    FLASH_IRQHandler                         0x0800265f   Thumb Code     0  startup_stm32f10x_hd.o(.text)
    FSMC_IRQHandler                          0x0800265f   Thumb Code     0  startup_stm32f10x_hd.o(.text)
    I2C1_ER_IRQHandler                       0x0800265f   Thumb Code     0  startup_stm32f10x_hd.o(.text)
    I2C1_EV_IRQHandler                       0x0800265f   Thumb Code     0  startup_stm32f10x_hd.o(.text)
    I2C2_ER_IRQHandler                       0x0800265f   Thumb Code     0  startup_stm32f10x_hd.o(.text)
    I2C2_EV_IRQHandler                       0x0800265f   Thumb Code     0  startup_stm32f10x_hd.o(.text)
    PVD_IRQHandler                           0x0800265f   Thumb Code     0  startup_stm32f10x_hd.o(.text)
    RCC_IRQHandler                           0x0800265f   Thumb Code     0  startup_stm32f10x_hd.o(.text)
    RTCAlarm_IRQHandler                      0x0800265f   Thumb Code     0  startup_stm32f10x_hd.o(.text)
    RTC_IRQHandler                           0x0800265f   Thumb Code     0  startup_stm32f10x_hd.o(.text)
    SDIO_IRQHandler                          0x0800265f   Thumb Code     0  startup_stm32f10x_hd.o(.text)
    SPI1_IRQHandler                          0x0800265f   Thumb Code     0  startup_stm32f10x_hd.o(.text)
    SPI2_IRQHandler                          0x0800265f   Thumb Code     0  startup_stm32f10x_hd.o(.text)
    SPI3_IRQHandler                          0x0800265f   Thumb Code     0  startup_stm32f10x_hd.o(.text)
    TAMPER_IRQHandler                        0x0800265f   Thumb Code     0  startup_stm32f10x_hd.o(.text)
    TIM1_BRK_IRQHandler                      0x0800265f   Thumb Code     0  startup_stm32f10x_hd.o(.text)
    TIM1_CC_IRQHandler                       0x0800265f   Thumb Code     0  startup_stm32f10x_hd.o(.text)
    TIM1_TRG_COM_IRQHandler                  0x0800265f   Thumb Code     0  startup_stm32f10x_hd.o(.text)
    TIM1_UP_IRQHandler                       0x0800265f   Thumb Code     0  startup_stm32f10x_hd.o(.text)
    TIM2_IRQHandler                          0x0800265f   Thumb Code     0  startup_stm32f10x_hd.o(.text)
    TIM4_IRQHandler                          0x0800265f   Thumb Code     0  startup_stm32f10x_hd.o(.text)
    TIM5_IRQHandler                          0x0800265f   Thumb Code     0  startup_stm32f10x_hd.o(.text)
    TIM6_IRQHandler                          0x0800265f   Thumb Code     0  startup_stm32f10x_hd.o(.text)
    TIM7_IRQHandler                          0x0800265f   Thumb Code     0  startup_stm32f10x_hd.o(.text)
    TIM8_BRK_IRQHandler                      0x0800265f   Thumb Code     0  startup_stm32f10x_hd.o(.text)
    TIM8_CC_IRQHandler                       0x0800265f   Thumb Code     0  startup_stm32f10x_hd.o(.text)
    TIM8_TRG_COM_IRQHandler                  0x0800265f   Thumb Code     0  startup_stm32f10x_hd.o(.text)
    TIM8_UP_IRQHandler                       0x0800265f   Thumb Code     0  startup_stm32f10x_hd.o(.text)
    UART4_IRQHandler                         0x0800265f   Thumb Code     0  startup_stm32f10x_hd.o(.text)
    UART5_IRQHandler                         0x0800265f   Thumb Code     0  startup_stm32f10x_hd.o(.text)
    USBWakeUp_IRQHandler                     0x0800265f   Thumb Code     0  startup_stm32f10x_hd.o(.text)
    USB_HP_CAN1_TX_IRQHandler                0x0800265f   Thumb Code     0  startup_stm32f10x_hd.o(.text)
    USB_LP_CAN1_RX0_IRQHandler               0x0800265f   Thumb Code     0  startup_stm32f10x_hd.o(.text)
    WWDG_IRQHandler                          0x0800265f   Thumb Code     0  startup_stm32f10x_hd.o(.text)
    __user_initial_stackheap                 0x08002661   Thumb Code     0  startup_stm32f10x_hd.o(.text)
    LED_Init                                 0x08002685   Thumb Code    54  led.o(.text)
    LED_Run                                  0x080026bb   Thumb Code    52  led.o(.text)
    CSTX_4GCTR_Init                          0x080026ef   Thumb Code    68  led.o(.text)
    IWDG_Init                                0x08002741   Thumb Code    36  wdg.o(.text)
    IWDG_Feed                                0x08002765   Thumb Code     2  wdg.o(.text)
    TIM3_Int_Init                            0x08002769   Thumb Code    90  timer.o(.text)
    TIM4_Int_Init                            0x080027c3   Thumb Code    88  timer.o(.text)
    TIM3_IRQHandler                          0x0800281b   Thumb Code    28  timer.o(.text)
    Clear_Buffer                             0x08002845   Thumb Code    78  4g.o(.text)
    CSTX_4G_Init                             0x08002893   Thumb Code   432  4g.o(.text)
    CSTX_4G_ConTCP                           0x08002a43   Thumb Code    48  4g.o(.text)
    CSTX_4G_CreateTCPSokcet                  0x08002a73   Thumb Code   304  4g.o(.text)
    CSTX_4G_Senddata                         0x08002ba3   Thumb Code   820  4g.o(.text)
    CSTX_4G_RECTCPData                       0x08002ed7   Thumb Code    50  4g.o(.text)
    LCD_BGR2RGB                              0x08002f25   Thumb Code    26  gui.o(.text)
    Gui_Circle                               0x08002f3f   Thumb Code   300  gui.o(.text)
    Gui_DrawLine                             0x0800306b   Thumb Code   186  gui.o(.text)
    Gui_box                                  0x08003125   Thumb Code   188  gui.o(.text)
    Gui_box2                                 0x080031e1   Thumb Code   386  gui.o(.text)
    DisplayButtonDown                        0x08003363   Thumb Code   130  gui.o(.text)
    DisplayButtonUp                          0x080033e5   Thumb Code   130  gui.o(.text)
    Gui_DrawFont_GBK16                       0x08003467   Thumb Code   394  gui.o(.text)
    Gui_DrawFont_GBK24                       0x080035f1   Thumb Code   486  gui.o(.text)
    Gui_DrawFont_Num32                       0x080037d7   Thumb Code   124  gui.o(.text)
    LCD_GPIO_Init                            0x08003865   Thumb Code   104  lcd_driver.o(.text)
    SPI_WriteData                            0x080038cd   Thumb Code    56  lcd_driver.o(.text)
    Lcd_WriteIndex                           0x08003905   Thumb Code    32  lcd_driver.o(.text)
    Lcd_WriteData                            0x08003925   Thumb Code    32  lcd_driver.o(.text)
    LCD_WriteData_16Bit                      0x08003945   Thumb Code    38  lcd_driver.o(.text)
    Lcd_WriteReg                             0x0800396b   Thumb Code    20  lcd_driver.o(.text)
    Lcd_Reset                                0x0800397f   Thumb Code    32  lcd_driver.o(.text)
    Lcd_Init                                 0x0800399f   Thumb Code   546  lcd_driver.o(.text)
    Lcd_SetRegion                            0x08003bc1   Thumb Code    86  lcd_driver.o(.text)
    Lcd_SetXY                                0x08003c17   Thumb Code    20  lcd_driver.o(.text)
    Gui_DrawPoint                            0x08003c2b   Thumb Code    32  lcd_driver.o(.text)
    Lcd_ReadPoint                            0x08003c4b   Thumb Code    38  lcd_driver.o(.text)
    Lcd_Clear                                0x08003c71   Thumb Code    50  lcd_driver.o(.text)
    Redraw_Mainmenu                          0x08003ca5   Thumb Code   152  qdtft_demo.o(.text)
    Num_Test                                 0x08003d3d   Thumb Code   124  qdtft_demo.o(.text)
    Font_Test                                0x08003db9   Thumb Code    60  qdtft_demo.o(.text)
    Color_Test                               0x08003df5   Thumb Code    86  qdtft_demo.o(.text)
    showimage                                0x08003e4b   Thumb Code   130  qdtft_demo.o(.text)
    delay_init                               0x08003f71   Thumb Code    50  delay.o(.text)
    delay_us                                 0x08003fa3   Thumb Code    72  delay.o(.text)
    delay_ms                                 0x08003feb   Thumb Code    72  delay.o(.text)
    NVIC_Configuration                       0x08004045   Thumb Code    12  sys.o(.text)
    _sys_exit                                0x08004051   Thumb Code     6  usart.o(.text)
    fputc                                    0x08004057   Thumb Code    24  usart.o(.text)
    UART1_send_byte                          0x0800406f   Thumb Code    32  usart.o(.text)
    UART2_send_byte                          0x0800408f   Thumb Code    32  usart.o(.text)
    UART3_send_byte                          0x080040af   Thumb Code    32  usart.o(.text)
    uart_init                                0x080040cf   Thumb Code   170  usart.o(.text)
    uart2_init                               0x08004179   Thumb Code   160  usart.o(.text)
    uart3_init                               0x08004219   Thumb Code   164  usart.o(.text)
    Uart1_SendStr                            0x080042bd   Thumb Code    34  usart.o(.text)
    Uart2_SendStr                            0x080042df   Thumb Code    42  usart.o(.text)
    Uart3_SendStr                            0x08004309   Thumb Code    34  usart.o(.text)
    Clear_Buffer_UART1                       0x0800432b   Thumb Code    26  usart.o(.text)
    UART1_receive_process_event              0x08004345   Thumb Code    44  usart.o(.text)
    USART1_IRQHandler                        0x08004371   Thumb Code    64  usart.o(.text)
    ec200x_receive_process_event             0x080043b1   Thumb Code    44  usart.o(.text)
    USART2_IRQHandler                        0x080043dd   Thumb Code    76  usart.o(.text)
    USART3_IRQHandler                        0x08004429   Thumb Code    90  usart.o(.text)
    __use_no_semihosting                     0x08004483   Thumb Code     2  use_no_semi_2.o(.text)
    __c89printf                              0x08004485   Thumb Code    20  c89printf.o(.text)
    __2printf                                0x0800449d   Thumb Code    20  __2printf.o(.text)
    __2sprintf                               0x080044b5   Thumb Code    38  __2sprintf.o(.text)
    _printf_str                              0x080044e1   Thumb Code    82  _printf_str.o(.text)
    _printf_int_dec                          0x08004535   Thumb Code   104  _printf_dec.o(.text)
    __printf                                 0x080045ad   Thumb Code   388  __printf_flags_ss_wp.o(.text)
    strstr                                   0x08004735   Thumb Code    36  strstr.o(.text)
    __aeabi_memclr                           0x08004759   Thumb Code     0  rt_memclr.o(.text)
    __rt_memclr                              0x08004759   Thumb Code    68  rt_memclr.o(.text)
    _memset                                  0x0800475d   Thumb Code     0  rt_memclr.o(.text)
    __aeabi_memclr4                          0x0800479d   Thumb Code     0  rt_memclr_w.o(.text)
    __aeabi_memclr8                          0x0800479d   Thumb Code     0  rt_memclr_w.o(.text)
    __rt_memclr_w                            0x0800479d   Thumb Code    78  rt_memclr_w.o(.text)
    _memset_w                                0x080047a1   Thumb Code     0  rt_memclr_w.o(.text)
    __use_two_region_memory                  0x080047eb   Thumb Code     2  heapauxi.o(.text)
    __rt_heap_escrow$2region                 0x080047ed   Thumb Code     2  heapauxi.o(.text)
    __rt_heap_expand$2region                 0x080047ef   Thumb Code     2  heapauxi.o(.text)
    __I$use$semihosting                      0x080047f1   Thumb Code     0  use_no_semi.o(.text)
    __use_no_semihosting_swi                 0x080047f1   Thumb Code     2  use_no_semi.o(.text)
    _printf_pre_padding                      0x080047f3   Thumb Code    44  _printf_pad.o(.text)
    _printf_post_padding                     0x0800481f   Thumb Code    34  _printf_pad.o(.text)
    _printf_truncate_signed                  0x08004841   Thumb Code    18  _printf_truncate.o(.text)
    _printf_truncate_unsigned                0x08004853   Thumb Code    18  _printf_truncate.o(.text)
    _printf_int_common                       0x08004865   Thumb Code   178  _printf_intcommon.o(.text)
    _printf_charcount                        0x08004917   Thumb Code    40  _printf_charcount.o(.text)
    _printf_char_common                      0x0800494b   Thumb Code    32  _printf_char_common.o(.text)
    _sputc                                   0x08004971   Thumb Code    10  _sputc.o(.text)
    _printf_cs_common                        0x0800497b   Thumb Code    20  _printf_char.o(.text)
    _printf_char                             0x0800498f   Thumb Code    16  _printf_char.o(.text)
    _printf_string                           0x0800499f   Thumb Code     8  _printf_char.o(.text)
    _printf_char_file                        0x080049a9   Thumb Code    32  _printf_char_file.o(.text)
    _printf_wctomb                           0x080049cd   Thumb Code   182  _printf_wctomb.o(.text)
    _printf_longlong_dec                     0x08004a89   Thumb Code   108  _printf_longlong_dec.o(.text)
    _printf_longlong_oct                     0x08004b05   Thumb Code    68  _printf_oct_int_ll.o(.text)
    _printf_int_oct                          0x08004b49   Thumb Code    24  _printf_oct_int_ll.o(.text)
    _printf_ll_oct                           0x08004b61   Thumb Code    12  _printf_oct_int_ll.o(.text)
    _printf_longlong_hex                     0x08004b75   Thumb Code    86  _printf_hex_int_ll_ptr.o(.text)
    _printf_int_hex                          0x08004bcb   Thumb Code    28  _printf_hex_int_ll_ptr.o(.text)
    _printf_ll_hex                           0x08004be7   Thumb Code    12  _printf_hex_int_ll_ptr.o(.text)
    _printf_hex_ptr                          0x08004bf3   Thumb Code    18  _printf_hex_int_ll_ptr.o(.text)
    _ll_udiv10                               0x08004c09   Thumb Code   138  lludiv10.o(.text)
    __lib_sel_fp_printf                      0x08004c93   Thumb Code     2  _printf_fp_dec.o(.text)
    _printf_fp_dec_real                      0x08004e41   Thumb Code   620  _printf_fp_dec.o(.text)
    _printf_lcs_common                       0x080050ad   Thumb Code    20  _printf_wchar.o(.text)
    _printf_wchar                            0x080050c1   Thumb Code    16  _printf_wchar.o(.text)
    _printf_wstring                          0x080050d1   Thumb Code     8  _printf_wchar.o(.text)
    ferror                                   0x080050d9   Thumb Code     8  ferror.o(.text)
    _wcrtomb                                 0x080050e1   Thumb Code    64  _wcrtomb.o(.text)
    __user_setup_stackheap                   0x08005121   Thumb Code    74  sys_stackheap_outer.o(.text)
    __rt_ctype_table                         0x0800516d   Thumb Code    16  rt_ctype_table.o(.text)
    __rt_locale                              0x0800517d   Thumb Code     8  rt_locale_intlibspace.o(.text)
    _printf_fp_infnan                        0x08005185   Thumb Code   112  _printf_fp_infnan.o(.text)
    _btod_etento                             0x08005205   Thumb Code   216  bigflt0.o(.text)
    exit                                     0x080052e1   Thumb Code    12  exit.o(.text)
    __user_libspace                          0x080052ed   Thumb Code     8  libspace.o(.text)
    __user_perproc_libspace                  0x080052ed   Thumb Code     0  libspace.o(.text)
    __user_perthread_libspace                0x080052ed   Thumb Code     0  libspace.o(.text)
    strcmp                                   0x080052f5   Thumb Code   128  strcmpv7m.o(.text)
    _btod_d2e                                0x08005375   Thumb Code    62  btod.o(CL$$btod_d2e)
    _d2e_denorm_low                          0x080053b3   Thumb Code    70  btod.o(CL$$btod_d2e_denorm_low)
    _d2e_norm_op1                            0x080053f9   Thumb Code    96  btod.o(CL$$btod_d2e_norm_op1)
    __btod_div_common                        0x08005459   Thumb Code   696  btod.o(CL$$btod_div_common)
    _e2e                                     0x08005791   Thumb Code   198  btod.o(CL$$btod_e2e)
    _btod_ediv                               0x08005857   Thumb Code    40  btod.o(CL$$btod_ediv)
    _btod_emul                               0x0800587f   Thumb Code    40  btod.o(CL$$btod_emul)
    __btod_mult_common                       0x080058a7   Thumb Code   580  btod.o(CL$$btod_mult_common)
    __ARM_fpclassify                         0x08005aeb   Thumb Code    40  fpclassify.o(i.__ARM_fpclassify)
    _is_digit                                0x08005b13   Thumb Code    14  __printf_wp.o(i._is_digit)
    _get_lc_numeric                          0x08005b21   Thumb Code    44  lc_numeric_c.o(locale$$code)
    _get_lc_ctype                            0x08005b4d   Thumb Code    44  lc_ctype_c.o(locale$$code)
    _printf_fp_dec                           0x08005b79   Thumb Code     4  printf1.o(x$fpl$printf1)
    __I$use$fp                               0x08005b7c   Number         0  usenofp.o(x$fpl$usenofp)
    gImage_qq                                0x08005b7c   Data        3200  main.o(.constdata)
    asc16                                    0x080067fc   Data        1521  gui.o(.constdata)
    sz32                                     0x08006ded   Data        1921  gui.o(.constdata)
    hz16                                     0x0800756e   Data        1768  gui.o(.constdata)
    hz24                                     0x08007c56   Data        1406  gui.o(.constdata)
    Region$$Table$$Base                      0x08008314   Number         0  anon$$obj.o(Region$$Table)
    Region$$Table$$Limit                     0x08008334   Number         0  anon$$obj.o(Region$$Table)
    __ctype                                  0x0800835d   Data           0  lc_ctype_c.o(locale$$data)
    SystemCoreClock                          0x20000000   Data           4  system_stm32f10x.o(.data)
    AHBPrescTable                            0x20000004   Data          16  system_stm32f10x.o(.data)
    strx                                     0x20000028   Data           4  4g.o(.data)
    extstrx                                  0x2000002c   Data           4  4g.o(.data)
    errcount                                 0x20000030   Data           4  4g.o(.data)
    Num                                      0x20000034   Data          10  qdtft_demo.o(.data)
    __stdout                                 0x20000044   Data           4  usart.o(.data)
    CSTX_4G_Status                           0x20000048   Data         115  4g.o(.bss)
    ATSTR                                    0x200000bb   Data         256  4g.o(.bss)
    buf_uart1                                0x200001bc   Data         264  usart.o(.bss)
    buf_uart2                                0x200002c4   Data         264  usart.o(.bss)
    buf_uart3                                0x200003cc   Data         264  usart.o(.bss)
    __libspace_start                         0x200004d4   Data          96  libspace.o(.bss)
    __temporary_stack_top$libspace           0x20000534   Data           0  libspace.o(.bss)



==============================================================================

Memory Map of the image

  Image Entry point : 0x08000131

  Load Region LR_IROM1 (Base: 0x08000000, Size: 0x000084a8, Max: 0x00020000, ABSOLUTE)

    Execution Region ER_IROM1 (Base: 0x08000000, Size: 0x00008460, Max: 0x00020000, ABSOLUTE)

    Base Addr    Size         Type   Attr      Idx    E Section Name        Object

    0x08000000   0x00000130   Data   RO          494    RESET               startup_stm32f10x_hd.o
    0x08000130   0x00000008   Code   RO          700  * !!!main             c_w.l(__main.o)
    0x08000138   0x00000034   Code   RO          986    !!!scatter          c_w.l(__scatter.o)
    0x0800016c   0x0000001a   Code   RO          988    !!handler_copy      c_w.l(__scatter_copy.o)
    0x08000186   0x00000002   PAD
    0x08000188   0x0000001c   Code   RO          990    !!handler_zi        c_w.l(__scatter_zi.o)
    0x080001a4   0x00000000   Code   RO          691    .ARM.Collect$$_printf_percent$$00000000  c_w.l(_printf_percent.o)
    0x080001a4   0x00000006   Code   RO          754    .ARM.Collect$$_printf_percent$$00000001  c_w.l(_printf_n.o)
    0x080001aa   0x00000006   Code   RO          756    .ARM.Collect$$_printf_percent$$00000002  c_w.l(_printf_p.o)
    0x080001b0   0x00000006   Code   RO          760    .ARM.Collect$$_printf_percent$$00000003  c_w.l(_printf_f.o)
    0x080001b6   0x00000006   Code   RO          761    .ARM.Collect$$_printf_percent$$00000004  c_w.l(_printf_e.o)
    0x080001bc   0x00000006   Code   RO          762    .ARM.Collect$$_printf_percent$$00000005  c_w.l(_printf_g.o)
    0x080001c2   0x00000006   Code   RO          763    .ARM.Collect$$_printf_percent$$00000006  c_w.l(_printf_a.o)
    0x080001c8   0x0000000a   Code   RO          768    .ARM.Collect$$_printf_percent$$00000007  c_w.l(_printf_ll.o)
    0x080001d2   0x00000006   Code   RO          758    .ARM.Collect$$_printf_percent$$00000008  c_w.l(_printf_i.o)
    0x080001d8   0x00000006   Code   RO          690    .ARM.Collect$$_printf_percent$$00000009  c_w.l(_printf_d.o)
    0x080001de   0x00000006   Code   RO          759    .ARM.Collect$$_printf_percent$$0000000A  c_w.l(_printf_u.o)
    0x080001e4   0x00000006   Code   RO          757    .ARM.Collect$$_printf_percent$$0000000B  c_w.l(_printf_o.o)
    0x080001ea   0x00000006   Code   RO          755    .ARM.Collect$$_printf_percent$$0000000C  c_w.l(_printf_x.o)
    0x080001f0   0x00000006   Code   RO          765    .ARM.Collect$$_printf_percent$$0000000D  c_w.l(_printf_lli.o)
    0x080001f6   0x00000006   Code   RO          766    .ARM.Collect$$_printf_percent$$0000000E  c_w.l(_printf_lld.o)
    0x080001fc   0x00000006   Code   RO          767    .ARM.Collect$$_printf_percent$$0000000F  c_w.l(_printf_llu.o)
    0x08000202   0x00000006   Code   RO          772    .ARM.Collect$$_printf_percent$$00000010  c_w.l(_printf_llo.o)
    0x08000208   0x00000006   Code   RO          773    .ARM.Collect$$_printf_percent$$00000011  c_w.l(_printf_llx.o)
    0x0800020e   0x0000000a   Code   RO          769    .ARM.Collect$$_printf_percent$$00000012  c_w.l(_printf_l.o)
    0x08000218   0x00000006   Code   RO          753    .ARM.Collect$$_printf_percent$$00000013  c_w.l(_printf_c.o)
    0x0800021e   0x00000006   Code   RO          689    .ARM.Collect$$_printf_percent$$00000014  c_w.l(_printf_s.o)
    0x08000224   0x00000006   Code   RO          770    .ARM.Collect$$_printf_percent$$00000015  c_w.l(_printf_lc.o)
    0x0800022a   0x00000006   Code   RO          771    .ARM.Collect$$_printf_percent$$00000016  c_w.l(_printf_ls.o)
    0x08000230   0x00000004   Code   RO          764    .ARM.Collect$$_printf_percent$$00000017  c_w.l(_printf_percent_end.o)
    0x08000234   0x00000002   Code   RO          851    .ARM.Collect$$libinit$$00000000  c_w.l(libinit.o)
    0x08000236   0x00000000   Code   RO          868    .ARM.Collect$$libinit$$00000002  c_w.l(libinit2.o)
    0x08000236   0x00000000   Code   RO          870    .ARM.Collect$$libinit$$00000004  c_w.l(libinit2.o)
    0x08000236   0x00000000   Code   RO          873    .ARM.Collect$$libinit$$0000000A  c_w.l(libinit2.o)
    0x08000236   0x00000000   Code   RO          875    .ARM.Collect$$libinit$$0000000C  c_w.l(libinit2.o)
    0x08000236   0x00000000   Code   RO          877    .ARM.Collect$$libinit$$0000000E  c_w.l(libinit2.o)
    0x08000236   0x00000006   Code   RO          878    .ARM.Collect$$libinit$$0000000F  c_w.l(libinit2.o)
    0x0800023c   0x00000000   Code   RO          880    .ARM.Collect$$libinit$$00000011  c_w.l(libinit2.o)
    0x0800023c   0x0000000c   Code   RO          881    .ARM.Collect$$libinit$$00000012  c_w.l(libinit2.o)
    0x08000248   0x00000000   Code   RO          882    .ARM.Collect$$libinit$$00000013  c_w.l(libinit2.o)
    0x08000248   0x00000000   Code   RO          884    .ARM.Collect$$libinit$$00000015  c_w.l(libinit2.o)
    0x08000248   0x0000000a   Code   RO          885    .ARM.Collect$$libinit$$00000016  c_w.l(libinit2.o)
    0x08000252   0x00000000   Code   RO          886    .ARM.Collect$$libinit$$00000017  c_w.l(libinit2.o)
    0x08000252   0x00000000   Code   RO          888    .ARM.Collect$$libinit$$00000019  c_w.l(libinit2.o)
    0x08000252   0x00000000   Code   RO          890    .ARM.Collect$$libinit$$0000001B  c_w.l(libinit2.o)
    0x08000252   0x00000000   Code   RO          892    .ARM.Collect$$libinit$$0000001D  c_w.l(libinit2.o)
    0x08000252   0x00000000   Code   RO          894    .ARM.Collect$$libinit$$0000001F  c_w.l(libinit2.o)
    0x08000252   0x00000000   Code   RO          896    .ARM.Collect$$libinit$$00000021  c_w.l(libinit2.o)
    0x08000252   0x00000000   Code   RO          898    .ARM.Collect$$libinit$$00000023  c_w.l(libinit2.o)
    0x08000252   0x00000000   Code   RO          900    .ARM.Collect$$libinit$$00000025  c_w.l(libinit2.o)
    0x08000252   0x00000000   Code   RO          904    .ARM.Collect$$libinit$$0000002C  c_w.l(libinit2.o)
    0x08000252   0x00000000   Code   RO          906    .ARM.Collect$$libinit$$0000002E  c_w.l(libinit2.o)
    0x08000252   0x00000000   Code   RO          908    .ARM.Collect$$libinit$$00000030  c_w.l(libinit2.o)
    0x08000252   0x00000000   Code   RO          910    .ARM.Collect$$libinit$$00000032  c_w.l(libinit2.o)
    0x08000252   0x00000002   Code   RO          911    .ARM.Collect$$libinit$$00000033  c_w.l(libinit2.o)
    0x08000254   0x00000002   Code   RO          929    .ARM.Collect$$libshutdown$$00000000  c_w.l(libshutdown.o)
    0x08000256   0x00000000   Code   RO          940    .ARM.Collect$$libshutdown$$00000003  c_w.l(libshutdown2.o)
    0x08000256   0x00000000   Code   RO          943    .ARM.Collect$$libshutdown$$00000006  c_w.l(libshutdown2.o)
    0x08000256   0x00000000   Code   RO          946    .ARM.Collect$$libshutdown$$00000009  c_w.l(libshutdown2.o)
    0x08000256   0x00000000   Code   RO          948    .ARM.Collect$$libshutdown$$0000000B  c_w.l(libshutdown2.o)
    0x08000256   0x00000000   Code   RO          951    .ARM.Collect$$libshutdown$$0000000E  c_w.l(libshutdown2.o)
    0x08000256   0x00000002   Code   RO          952    .ARM.Collect$$libshutdown$$0000000F  c_w.l(libshutdown2.o)
    0x08000258   0x00000000   Code   RO          704    .ARM.Collect$$rtentry$$00000000  c_w.l(__rtentry.o)
    0x08000258   0x00000000   Code   RO          777    .ARM.Collect$$rtentry$$00000002  c_w.l(__rtentry2.o)
    0x08000258   0x00000006   Code   RO          789    .ARM.Collect$$rtentry$$00000004  c_w.l(__rtentry4.o)
    0x0800025e   0x00000000   Code   RO          779    .ARM.Collect$$rtentry$$00000009  c_w.l(__rtentry2.o)
    0x0800025e   0x00000004   Code   RO          780    .ARM.Collect$$rtentry$$0000000A  c_w.l(__rtentry2.o)
    0x08000262   0x00000000   Code   RO          782    .ARM.Collect$$rtentry$$0000000C  c_w.l(__rtentry2.o)
    0x08000262   0x00000008   Code   RO          783    .ARM.Collect$$rtentry$$0000000D  c_w.l(__rtentry2.o)
    0x0800026a   0x00000002   Code   RO          860    .ARM.Collect$$rtexit$$00000000  c_w.l(rtexit.o)
    0x0800026c   0x00000000   Code   RO          913    .ARM.Collect$$rtexit$$00000002  c_w.l(rtexit2.o)
    0x0800026c   0x00000004   Code   RO          914    .ARM.Collect$$rtexit$$00000003  c_w.l(rtexit2.o)
    0x08000270   0x00000006   Code   RO          915    .ARM.Collect$$rtexit$$00000004  c_w.l(rtexit2.o)
    0x08000276   0x00000002   PAD
    0x08000278   0x00000168   Code   RO            1    .text               main.o
    0x080003e0   0x0000001a   Code   RO          105    .text               stm32f10x_it.o
    0x080003fa   0x00000002   PAD
    0x080003fc   0x0000024c   Code   RO          140    .text               system_stm32f10x.o
    0x08000648   0x000000dc   Code   RO          158    .text               misc.o
    0x08000724   0x000005bc   Code   RO          302    .text               stm32f10x_flash.o
    0x08000ce0   0x0000035c   Code   RO          326    .text               stm32f10x_gpio.o
    0x0800103c   0x00000040   Code   RO          353    .text               stm32f10x_iwdg.o
    0x0800107c   0x000003a4   Code   RO          383    .text               stm32f10x_rcc.o
    0x08001420   0x00000e1a   Code   RO          442    .text               stm32f10x_tim.o
    0x0800223a   0x00000002   PAD
    0x0800223c   0x00000408   Code   RO          454    .text               stm32f10x_usart.o
    0x08002644   0x00000040   Code   RO          495    .text               startup_stm32f10x_hd.o
    0x08002684   0x000000bc   Code   RO          499    .text               led.o
    0x08002740   0x00000026   Code   RO          511    .text               wdg.o
    0x08002766   0x00000002   PAD
    0x08002768   0x000000dc   Code   RO          523    .text               timer.o
    0x08002844   0x000006e0   Code   RO          536    .text               4g.o
    0x08002f24   0x00000940   Code   RO          552    .text               gui.o
    0x08003864   0x0000043e   Code   RO          570    .text               lcd_driver.o
    0x08003ca2   0x00000002   PAD
    0x08003ca4   0x000002cc   Code   RO          585    .text               qdtft_demo.o
    0x08003f70   0x000000d4   Code   RO          600    .text               delay.o
    0x08004044   0x0000000c   Code   RO          614    .text               sys.o
    0x08004050   0x00000432   Code   RO          626    .text               usart.o
    0x08004482   0x00000002   Code   RO          651    .text               c_w.l(use_no_semi_2.o)
    0x08004484   0x00000018   Code   RO          653    .text               c_w.l(c89printf.o)
    0x0800449c   0x00000018   Code   RO          655    .text               c_w.l(__2printf.o)
    0x080044b4   0x0000002c   Code   RO          657    .text               c_w.l(__2sprintf.o)
    0x080044e0   0x00000052   Code   RO          665    .text               c_w.l(_printf_str.o)
    0x08004532   0x00000002   PAD
    0x08004534   0x00000078   Code   RO          667    .text               c_w.l(_printf_dec.o)
    0x080045ac   0x00000188   Code   RO          686    .text               c_w.l(__printf_flags_ss_wp.o)
    0x08004734   0x00000024   Code   RO          692    .text               c_w.l(strstr.o)
    0x08004758   0x00000044   Code   RO          694    .text               c_w.l(rt_memclr.o)
    0x0800479c   0x0000004e   Code   RO          696    .text               c_w.l(rt_memclr_w.o)
    0x080047ea   0x00000006   Code   RO          698    .text               c_w.l(heapauxi.o)
    0x080047f0   0x00000002   Code   RO          702    .text               c_w.l(use_no_semi.o)
    0x080047f2   0x0000004e   Code   RO          705    .text               c_w.l(_printf_pad.o)
    0x08004840   0x00000024   Code   RO          707    .text               c_w.l(_printf_truncate.o)
    0x08004864   0x000000b2   Code   RO          709    .text               c_w.l(_printf_intcommon.o)
    0x08004916   0x00000028   Code   RO          711    .text               c_w.l(_printf_charcount.o)
    0x0800493e   0x00000002   PAD
    0x08004940   0x00000030   Code   RO          713    .text               c_w.l(_printf_char_common.o)
    0x08004970   0x0000000a   Code   RO          715    .text               c_w.l(_sputc.o)
    0x0800497a   0x0000002c   Code   RO          717    .text               c_w.l(_printf_char.o)
    0x080049a6   0x00000002   PAD
    0x080049a8   0x00000024   Code   RO          719    .text               c_w.l(_printf_char_file.o)
    0x080049cc   0x000000bc   Code   RO          721    .text               c_w.l(_printf_wctomb.o)
    0x08004a88   0x0000007c   Code   RO          724    .text               c_w.l(_printf_longlong_dec.o)
    0x08004b04   0x00000070   Code   RO          730    .text               c_w.l(_printf_oct_int_ll.o)
    0x08004b74   0x00000094   Code   RO          750    .text               c_w.l(_printf_hex_int_ll_ptr.o)
    0x08004c08   0x0000008a   Code   RO          791    .text               c_w.l(lludiv10.o)
    0x08004c92   0x0000041a   Code   RO          793    .text               c_w.l(_printf_fp_dec.o)
    0x080050ac   0x0000002c   Code   RO          797    .text               c_w.l(_printf_wchar.o)
    0x080050d8   0x00000008   Code   RO          799    .text               c_w.l(ferror.o)
    0x080050e0   0x00000040   Code   RO          803    .text               c_w.l(_wcrtomb.o)
    0x08005120   0x0000004a   Code   RO          805    .text               c_w.l(sys_stackheap_outer.o)
    0x0800516a   0x00000002   PAD
    0x0800516c   0x00000010   Code   RO          807    .text               c_w.l(rt_ctype_table.o)
    0x0800517c   0x00000008   Code   RO          812    .text               c_w.l(rt_locale_intlibspace.o)
    0x08005184   0x00000080   Code   RO          814    .text               c_w.l(_printf_fp_infnan.o)
    0x08005204   0x000000dc   Code   RO          816    .text               c_w.l(bigflt0.o)
    0x080052e0   0x0000000c   Code   RO          844    .text               c_w.l(exit.o)
    0x080052ec   0x00000008   Code   RO          857    .text               c_w.l(libspace.o)
    0x080052f4   0x00000080   Code   RO          865    .text               c_w.l(strcmpv7m.o)
    0x08005374   0x0000003e   Code   RO          819    CL$$btod_d2e        c_w.l(btod.o)
    0x080053b2   0x00000046   Code   RO          821    CL$$btod_d2e_denorm_low  c_w.l(btod.o)
    0x080053f8   0x00000060   Code   RO          820    CL$$btod_d2e_norm_op1  c_w.l(btod.o)
    0x08005458   0x00000338   Code   RO          829    CL$$btod_div_common  c_w.l(btod.o)
    0x08005790   0x000000c6   Code   RO          826    CL$$btod_e2e        c_w.l(btod.o)
    0x08005856   0x00000028   Code   RO          823    CL$$btod_ediv       c_w.l(btod.o)
    0x0800587e   0x00000028   Code   RO          822    CL$$btod_emul       c_w.l(btod.o)
    0x080058a6   0x00000244   Code   RO          828    CL$$btod_mult_common  c_w.l(btod.o)
    0x08005aea   0x00000028   Code   RO          855    i.__ARM_fpclassify  m_ws.l(fpclassify.o)
    0x08005b12   0x0000000e   Code   RO          679    i._is_digit         c_w.l(__printf_wp.o)
    0x08005b20   0x0000002c   Code   RO          842    locale$$code        c_w.l(lc_numeric_c.o)
    0x08005b4c   0x0000002c   Code   RO          863    locale$$code        c_w.l(lc_ctype_c.o)
    0x08005b78   0x00000004   Code   RO          774    x$fpl$printf1       fz_ws.l(printf1.o)
    0x08005b7c   0x00000000   Code   RO          854    x$fpl$usenofp       fz_ws.l(usenofp.o)
    0x08005b7c   0x00000c80   Data   RO            2    .constdata          main.o
    0x080067fc   0x000019d8   Data   RO          553    .constdata          gui.o
    0x080081d4   0x00000011   Data   RO          687    .constdata          c_w.l(__printf_flags_ss_wp.o)
    0x080081e5   0x00000003   PAD
    0x080081e8   0x00000008   Data   RO          722    .constdata          c_w.l(_printf_wctomb.o)
    0x080081f0   0x00000028   Data   RO          751    .constdata          c_w.l(_printf_hex_int_ll_ptr.o)
    0x08008218   0x00000094   Data   RO          817    .constdata          c_w.l(bigflt0.o)
    0x080082ac   0x00000066   Data   RO            3    .conststring        main.o
    0x08008312   0x00000002   PAD
    0x08008314   0x00000020   Data   RO          984    Region$$Table       anon$$obj.o
    0x08008334   0x0000001c   Data   RO          841    locale$$data        c_w.l(lc_numeric_c.o)
    0x08008350   0x00000110   Data   RO          862    locale$$data        c_w.l(lc_ctype_c.o)


    Execution Region RW_IRAM1 (Base: 0x20000000, Size: 0x00000b38, Max: 0x00005000, ABSOLUTE)

    Base Addr    Size         Type   Attr      Idx    E Section Name        Object

    0x20000000   0x00000014   Data   RW          141    .data               system_stm32f10x.o
    0x20000014   0x00000014   Data   RW          384    .data               stm32f10x_rcc.o
    0x20000028   0x0000000c   Data   RW          538    .data               4g.o
    0x20000034   0x0000000a   Data   RW          586    .data               qdtft_demo.o
    0x2000003e   0x00000004   Data   RW          601    .data               delay.o
    0x20000042   0x00000002   PAD
    0x20000044   0x00000004   Data   RW          628    .data               usart.o
    0x20000048   0x00000173   Zero   RW          537    .bss                4g.o
    0x200001bb   0x00000001   PAD
    0x200001bc   0x00000318   Zero   RW          627    .bss                usart.o
    0x200004d4   0x00000060   Zero   RW          858    .bss                c_w.l(libspace.o)
    0x20000534   0x00000004   PAD
    0x20000538   0x00000200   Zero   RW          493    HEAP                startup_stm32f10x_hd.o
    0x20000738   0x00000400   Zero   RW          492    STACK               startup_stm32f10x_hd.o


==============================================================================

Image component sizes


      Code (inc. data)   RO Data    RW Data    ZI Data      Debug   Object Name

      1760        610          0         12        371       2904   4g.o
         0          0          0          0          0         32   core_cm3.o
       212         18          0          4          0       1095   delay.o
      2368         18       6616          0          0       6105   gui.o
      1086         14          0          0          0       3313   lcd_driver.o
       188         14          0          0          0        835   led.o
       360        136       3302          0          0     259747   main.o
       220         22          0          0          0       1881   misc.o
       716        164          0         10          0       2052   qdtft_demo.o
        64         26        304          0       1536        820   startup_stm32f10x_hd.o
      1468         34          0          0          0       8110   stm32f10x_flash.o
       860         38          0          0          0       5725   stm32f10x_gpio.o
        26          0          0          0          0       1218   stm32f10x_it.o
        64          6          0          0          0       1305   stm32f10x_iwdg.o
       932         36          0         20          0       8932   stm32f10x_rcc.o
      3610         88          0          0          0      22208   stm32f10x_tim.o
      1032         22          0          0          0       8448   stm32f10x_usart.o
        12          0          0          0          0        489   sys.o
       588         36          0         20          0       2109   system_stm32f10x.o
       220         14          0          0          0       1102   timer.o
      1074         36          0          4        792       6522   usart.o
        38          0          0          0          0        702   wdg.o

    ----------------------------------------------------------------------
     16906       1332      10256         72       2700     345654   Object Totals
         0          0         32          0          0          0   (incl. Generated)
         8          0          2          2          1          0   (incl. Padding)

    ----------------------------------------------------------------------

      Code (inc. data)   RO Data    RW Data    ZI Data      Debug   Library Member Name

        24          4          0          0          0         84   __2printf.o
        44          6          0          0          0         84   __2sprintf.o
         8          0          0          0          0         68   __main.o
       392          4         17          0          0         92   __printf_flags_ss_wp.o
        14          0          0          0          0         68   __printf_wp.o
         0          0          0          0          0          0   __rtentry.o
        12          0          0          0          0          0   __rtentry2.o
         6          0          0          0          0          0   __rtentry4.o
        52          8          0          0          0          0   __scatter.o
        26          0          0          0          0          0   __scatter_copy.o
        28          0          0          0          0          0   __scatter_zi.o
         6          0          0          0          0          0   _printf_a.o
         6          0          0          0          0          0   _printf_c.o
        44          0          0          0          0        108   _printf_char.o
        48          6          0          0          0         96   _printf_char_common.o
        36          4          0          0          0         80   _printf_char_file.o
        40          0          0          0          0         68   _printf_charcount.o
         6          0          0          0          0          0   _printf_d.o
       120         16          0          0          0         92   _printf_dec.o
         6          0          0          0          0          0   _printf_e.o
         6          0          0          0          0          0   _printf_f.o
      1050          0          0          0          0        216   _printf_fp_dec.o
       128         16          0          0          0         84   _printf_fp_infnan.o
         6          0          0          0          0          0   _printf_g.o
       148          4         40          0          0        160   _printf_hex_int_ll_ptr.o
         6          0          0          0          0          0   _printf_i.o
       178          0          0          0          0         88   _printf_intcommon.o
        10          0          0          0          0          0   _printf_l.o
         6          0          0          0          0          0   _printf_lc.o
        10          0          0          0          0          0   _printf_ll.o
         6          0          0          0          0          0   _printf_lld.o
         6          0          0          0          0          0   _printf_lli.o
         6          0          0          0          0          0   _printf_llo.o
         6          0          0          0          0          0   _printf_llu.o
         6          0          0          0          0          0   _printf_llx.o
       124         16          0          0          0         92   _printf_longlong_dec.o
         6          0          0          0          0          0   _printf_ls.o
         6          0          0          0          0          0   _printf_n.o
         6          0          0          0          0          0   _printf_o.o
       112          8          0          0          0        124   _printf_oct_int_ll.o
         6          0          0          0          0          0   _printf_p.o
        78          0          0          0          0        108   _printf_pad.o
         0          0          0          0          0          0   _printf_percent.o
         4          0          0          0          0          0   _printf_percent_end.o
         6          0          0          0          0          0   _printf_s.o
        82          0          0          0          0         80   _printf_str.o
        36          0          0          0          0         84   _printf_truncate.o
         6          0          0          0          0          0   _printf_u.o
        44          0          0          0          0        108   _printf_wchar.o
       188          6          8          0          0         92   _printf_wctomb.o
         6          0          0          0          0          0   _printf_x.o
        10          0          0          0          0         68   _sputc.o
        64          0          0          0          0         92   _wcrtomb.o
       220          4        148          0          0         96   bigflt0.o
      1910        128          0          0          0        672   btod.o
        24          4          0          0          0         84   c89printf.o
        12          0          0          0          0         72   exit.o
         8          0          0          0          0         68   ferror.o
         6          0          0          0          0        152   heapauxi.o
        44         10        272          0          0         76   lc_ctype_c.o
        44         10         28          0          0         76   lc_numeric_c.o
         2          0          0          0          0          0   libinit.o
        30          0          0          0          0          0   libinit2.o
         2          0          0          0          0          0   libshutdown.o
         2          0          0          0          0          0   libshutdown2.o
         8          4          0          0         96         68   libspace.o
       138          0          0          0          0         80   lludiv10.o
        16          4          0          0          0         76   rt_ctype_table.o
         8          4          0          0          0         68   rt_locale_intlibspace.o
        68          0          0          0          0         68   rt_memclr.o
        78          0          0          0          0         80   rt_memclr_w.o
         2          0          0          0          0          0   rtexit.o
        10          0          0          0          0          0   rtexit2.o
       128          0          0          0          0         68   strcmpv7m.o
        36          0          0          0          0         80   strstr.o
        74          0          0          0          0         80   sys_stackheap_outer.o
         2          0          0          0          0         68   use_no_semi.o
         2          0          0          0          0         68   use_no_semi_2.o
         4          0          0          0          0         68   printf1.o
         0          0          0          0          0          0   usenofp.o
        40          0          0          0          0         68   fpclassify.o

    ----------------------------------------------------------------------
      6210        266        516          0        100       4472   Library Totals
        12          0          3          0          4          0   (incl. Padding)

    ----------------------------------------------------------------------

      Code (inc. data)   RO Data    RW Data    ZI Data      Debug   Library Name

      6154        266        513          0         96       4336   c_w.l
         4          0          0          0          0         68   fz_ws.l
        40          0          0          0          0         68   m_ws.l

    ----------------------------------------------------------------------
      6210        266        516          0        100       4472   Library Totals

    ----------------------------------------------------------------------

==============================================================================


      Code (inc. data)   RO Data    RW Data    ZI Data      Debug   

     23116       1598      10772         72       2800     345962   Grand Totals
     23116       1598      10772         72       2800     345962   ELF Image Totals
     23116       1598      10772         72          0          0   ROM Totals

==============================================================================

    Total RO  Size (Code + RO Data)                33888 (  33.09kB)
    Total RW  Size (RW Data + ZI Data)              2872 (   2.80kB)
    Total ROM Size (Code + RO Data + RW Data)      33960 (  33.16kB)

==============================================================================

