Component: ARM Compiler 5.06 update 5 (build 528) Tool: armlink [4d35e2]

==============================================================================

Section Cross References

    main.o(.text) refers to delay.o(.text) for delay_init
    main.o(.text) refers to sys.o(.text) for NVIC_Configuration
    main.o(.text) refers to led.o(.text) for CSTX_4GCTR_Init
    main.o(.text) refers to usart.o(.text) for uart_init
    main.o(.text) refers to rs485.o(.text) for RS485_Init
    main.o(.text) refers to printfa.o(i.__0printf) for __2printf
    main.o(.text) refers to lcd_driver.o(.text) for Lcd_Init
    main.o(.text) refers to qdtft_demo.o(.text) for Num_Test
    main.o(.text) refers to 4g.o(.text) for Close_MQTT_aliyunStudio
    main.o(.text) refers to dht11.o(.text) for DHT11_Init
    main.o(.text) refers to adc.o(.text) for Adc_Init
    main.o(.text) refers to timer.o(.text) for TIM3_Int_Init
    main.o(.text) refers to printfa.o(i.__0sprintf) for __2sprintf
    main.o(.text) refers to memseta.o(.text) for __aeabi_memclr4
    main.o(.text) refers to gui.o(.text) for Gui_DrawFont_GBK16
    main.o(.text) refers to main.o(.conststring) for .conststring
    main.o(.text) refers to main.o(.constdata) for .constdata
    main.o(.text) refers to rs485.o(.data) for value_shiji
    main.o(.text) refers to rs485.o(.data) for last_value
    main.o(.text) refers to timer.o(.data) for time3_5s
    main.o(.text) refers to dht11.o(.data) for DHT11_Data
    system_stm32f10x.o(.text) refers to stm32f10x_rcc.o(.text) for RCC_DeInit
    system_stm32f10x.o(.text) refers to stm32f10x_flash.o(.text) for FLASH_PrefetchBufferCmd
    system_stm32f10x.o(.text) refers to system_stm32f10x.o(.data) for .data
    stm32f10x_adc.o(.text) refers to stm32f10x_rcc.o(.text) for RCC_APB2PeriphResetCmd
    stm32f10x_bkp.o(.text) refers to stm32f10x_rcc.o(.text) for RCC_BackupResetCmd
    stm32f10x_can.o(.text) refers to stm32f10x_rcc.o(.text) for RCC_APB1PeriphResetCmd
    stm32f10x_cec.o(.text) refers to stm32f10x_rcc.o(.text) for RCC_APB1PeriphResetCmd
    stm32f10x_dac.o(.text) refers to stm32f10x_rcc.o(.text) for RCC_APB1PeriphResetCmd
    stm32f10x_gpio.o(.text) refers to stm32f10x_rcc.o(.text) for RCC_APB2PeriphResetCmd
    stm32f10x_i2c.o(.text) refers to stm32f10x_rcc.o(.text) for RCC_APB1PeriphResetCmd
    stm32f10x_pwr.o(.text) refers to stm32f10x_rcc.o(.text) for RCC_APB1PeriphResetCmd
    stm32f10x_rcc.o(.text) refers to stm32f10x_rcc.o(.data) for .data
    stm32f10x_spi.o(.text) refers to stm32f10x_rcc.o(.text) for RCC_APB2PeriphResetCmd
    stm32f10x_tim.o(.text) refers to stm32f10x_rcc.o(.text) for RCC_APB2PeriphResetCmd
    stm32f10x_usart.o(.text) refers to stm32f10x_rcc.o(.text) for RCC_APB2PeriphResetCmd
    stm32f10x_wwdg.o(.text) refers to stm32f10x_rcc.o(.text) for RCC_APB1PeriphResetCmd
    startup_stm32f10x_hd.o(RESET) refers to startup_stm32f10x_hd.o(STACK) for __initial_sp
    startup_stm32f10x_hd.o(RESET) refers to startup_stm32f10x_hd.o(.text) for Reset_Handler
    startup_stm32f10x_hd.o(RESET) refers to stm32f10x_it.o(.text) for NMI_Handler
    startup_stm32f10x_hd.o(RESET) refers to timer.o(.text) for TIM3_IRQHandler
    startup_stm32f10x_hd.o(RESET) refers to usart.o(.text) for USART1_IRQHandler
    startup_stm32f10x_hd.o(RESET) refers to rs485.o(.text) for UART4_IRQHandler
    startup_stm32f10x_hd.o(.text) refers to system_stm32f10x.o(.text) for SystemInit
    startup_stm32f10x_hd.o(.text) refers to entry.o(.ARM.Collect$$$$00000000) for __main
    led.o(.text) refers to stm32f10x_rcc.o(.text) for RCC_APB2PeriphClockCmd
    led.o(.text) refers to stm32f10x_gpio.o(.text) for GPIO_PinRemapConfig
    led.o(.text) refers to delay.o(.text) for delay_ms
    wdg.o(.text) refers to stm32f10x_iwdg.o(.text) for IWDG_WriteAccessCmd
    timer.o(.text) refers to stm32f10x_rcc.o(.text) for RCC_APB1PeriphClockCmd
    timer.o(.text) refers to stm32f10x_tim.o(.text) for TIM_TimeBaseInit
    timer.o(.text) refers to misc.o(.text) for NVIC_Init
    timer.o(.text) refers to timer.o(.data) for .data
    4g.o(.text) refers to strstr.o(.text) for strstr
    4g.o(.text) refers to gui.o(.text) for Gui_DrawFont_GBK16
    4g.o(.text) refers to memseta.o(.text) for __aeabi_memclr4
    4g.o(.text) refers to printfa.o(i.__0printf) for __c89printf
    4g.o(.text) refers to delay.o(.text) for delay_ms
    4g.o(.text) refers to usart.o(.text) for Uart2_SendStr
    4g.o(.text) refers to strncpy.o(.text) for strncpy
    4g.o(.text) refers to strcat.o(.text) for strcat
    4g.o(.text) refers to strlen.o(.text) for strlen
    4g.o(.text) refers to usart.o(.bss) for buf_uart2
    4g.o(.text) refers to 4g.o(.data) for .data
    4g.o(.text) refers to 4g.o(.bss) for .bss
    4g.o(.text) refers to fflti.o(.text) for __aeabi_i2f
    4g.o(.text) refers to fdiv.o(.text) for __aeabi_fdiv
    4g.o(.text) refers to fadd.o(.text) for __aeabi_fadd
    4g.o(.text) refers to f2d.o(.text) for __aeabi_f2d
    4g.o(.text) refers to ddiv.o(.text) for __aeabi_ddiv
[...]
    ..\STM32F10x_FWLib\src\stm32f10x_bkp.c   0x00000000   Number         0  stm32f10x_bkp.o ABSOLUTE
    ..\STM32F10x_FWLib\src\stm32f10x_can.c   0x00000000   Number         0  stm32f10x_can.o ABSOLUTE
    ..\STM32F10x_FWLib\src\stm32f10x_cec.c   0x00000000   Number         0  stm32f10x_cec.o ABSOLUTE
    ..\STM32F10x_FWLib\src\stm32f10x_crc.c   0x00000000   Number         0  stm32f10x_crc.o ABSOLUTE
    ..\STM32F10x_FWLib\src\stm32f10x_dac.c   0x00000000   Number         0  stm32f10x_dac.o ABSOLUTE
    ..\STM32F10x_FWLib\src\stm32f10x_dbgmcu.c 0x00000000   Number         0  stm32f10x_dbgmcu.o ABSOLUTE
    ..\STM32F10x_FWLib\src\stm32f10x_dma.c   0x00000000   Number         0  stm32f10x_dma.o ABSOLUTE
    ..\STM32F10x_FWLib\src\stm32f10x_exti.c  0x00000000   Number         0  stm32f10x_exti.o ABSOLUTE
    ..\STM32F10x_FWLib\src\stm32f10x_flash.c 0x00000000   Number         0  stm32f10x_flash.o ABSOLUTE
    ..\STM32F10x_FWLib\src\stm32f10x_fsmc.c  0x00000000   Number         0  stm32f10x_fsmc.o ABSOLUTE
    ..\STM32F10x_FWLib\src\stm32f10x_gpio.c  0x00000000   Number         0  stm32f10x_gpio.o ABSOLUTE
    ..\STM32F10x_FWLib\src\stm32f10x_i2c.c   0x00000000   Number         0  stm32f10x_i2c.o ABSOLUTE
    ..\STM32F10x_FWLib\src\stm32f10x_iwdg.c  0x00000000   Number         0  stm32f10x_iwdg.o ABSOLUTE
    ..\STM32F10x_FWLib\src\stm32f10x_pwr.c   0x00000000   Number         0  stm32f10x_pwr.o ABSOLUTE
    ..\STM32F10x_FWLib\src\stm32f10x_rcc.c   0x00000000   Number         0  stm32f10x_rcc.o ABSOLUTE
    ..\STM32F10x_FWLib\src\stm32f10x_rtc.c   0x00000000   Number         0  stm32f10x_rtc.o ABSOLUTE
    ..\STM32F10x_FWLib\src\stm32f10x_sdio.c  0x00000000   Number         0  stm32f10x_sdio.o ABSOLUTE
    ..\STM32F10x_FWLib\src\stm32f10x_spi.c   0x00000000   Number         0  stm32f10x_spi.o ABSOLUTE
    ..\STM32F10x_FWLib\src\stm32f10x_tim.c   0x00000000   Number         0  stm32f10x_tim.o ABSOLUTE
    ..\STM32F10x_FWLib\src\stm32f10x_usart.c 0x00000000   Number         0  stm32f10x_usart.o ABSOLUTE
    ..\STM32F10x_FWLib\src\stm32f10x_wwdg.c  0x00000000   Number         0  stm32f10x_wwdg.o ABSOLUTE
    ..\SYSTEM\delay\delay.c                  0x00000000   Number         0  delay.o ABSOLUTE
    ..\SYSTEM\sys\sys.c                      0x00000000   Number         0  sys.o ABSOLUTE
    ..\SYSTEM\usart\usart.c                  0x00000000   Number         0  usart.o ABSOLUTE
    ..\\CORE\\core_cm3.c                     0x00000000   Number         0  core_cm3.o ABSOLUTE
    cdcmple.s                                0x00000000   Number         0  cdcmple.o ABSOLUTE
    cdrcmple.s                               0x00000000   Number         0  cdrcmple.o ABSOLUTE
    dc.s                                     0x00000000   Number         0  dc.o ABSOLUTE
    handlers.s                               0x00000000   Number         0  handlers.o ABSOLUTE
    init.s                                   0x00000000   Number         0  init.o ABSOLUTE
    main.c                                   0x00000000   Number         0  main.o ABSOLUTE
    stm32f10x_it.c                           0x00000000   Number         0  stm32f10x_it.o ABSOLUTE
    system_stm32f10x.c                       0x00000000   Number         0  system_stm32f10x.o ABSOLUTE
    RESET                                    0x08000000   Section      304  startup_stm32f10x_hd.o(RESET)
    .ARM.Collect$$$$00000000                 0x08000130   Section        0  entry.o(.ARM.Collect$$$$00000000)
    .ARM.Collect$$$$00000001                 0x08000130   Section        4  entry2.o(.ARM.Collect$$$$00000001)
    .ARM.Collect$$$$00000004                 0x08000134   Section        4  entry5.o(.ARM.Collect$$$$00000004)
    .ARM.Collect$$$$00000008                 0x08000138   Section        0  entry7b.o(.ARM.Collect$$$$00000008)
    .ARM.Collect$$$$0000000A                 0x08000138   Section        0  entry8b.o(.ARM.Collect$$$$0000000A)
    .ARM.Collect$$$$0000000B                 0x08000138   Section        8  entry9a.o(.ARM.Collect$$$$0000000B)
    .ARM.Collect$$$$0000000D                 0x08000140   Section        0  entry10a.o(.ARM.Collect$$$$0000000D)
    .ARM.Collect$$$$0000000F                 0x08000140   Section        0  entry11a.o(.ARM.Collect$$$$0000000F)
    .ARM.Collect$$$$00002712                 0x08000140   Section        4  entry2.o(.ARM.Collect$$$$00002712)
    __lit__00000000                          0x08000140   Data           4  entry2.o(.ARM.Collect$$$$00002712)
    .text                                    0x08000144   Section        0  main.o(.text)
    .text                                    0x080003c4   Section        0  stm32f10x_it.o(.text)
    .text                                    0x080003d8   Section        0  system_stm32f10x.o(.text)
    SetSysClockTo72                          0x08000443   Thumb Code   166  system_stm32f10x.o(.text)
    SetSysClock                              0x080004e9   Thumb Code     2  system_stm32f10x.o(.text)
    .text                                    0x080005b4   Section        0  misc.o(.text)
    .text                                    0x0800066c   Section        0  stm32f10x_adc.o(.text)
    .text                                    0x080009f4   Section        0  stm32f10x_flash.o(.text)
    .text                                    0x08000e98   Section        0  stm32f10x_gpio.o(.text)
    .text                                    0x08001130   Section        0  stm32f10x_iwdg.o(.text)
    .text                                    0x0800116c   Section        0  stm32f10x_rcc.o(.text)
    .text                                    0x08001460   Section        0  stm32f10x_tim.o(.text)
    TI4_Config                               0x080018c9   Thumb Code   102  stm32f10x_tim.o(.text)
    TI3_Config                               0x0800193f   Thumb Code    98  stm32f10x_tim.o(.text)
    TI2_Config                               0x080019b9   Thumb Code   102  stm32f10x_tim.o(.text)
    TI1_Config                               0x08001a2f   Thumb Code    94  stm32f10x_tim.o(.text)
    .text                                    0x0800208c   Section        0  stm32f10x_usart.o(.text)
    .text                                    0x08002428   Section       36  startup_stm32f10x_hd.o(.text)
    .text                                    0x0800244c   Section        0  led.o(.text)
    .text                                    0x08002510   Section        0  wdg.o(.text)
    .text                                    0x08002538   Section        0  timer.o(.text)
    .text                                    0x0800262c   Section        0  4g.o(.text)
    .text                                    0x08003d18   Section        0  gui.o(.text)
    .text                                    0x08004530   Section        0  lcd_driver.o(.text)
    .text                                    0x0800491c   Section        0  qdtft_demo.o(.text)
    .text                                    0x08004be4   Section        0  rs485.o(.text)
    .text                                    0x08004f0c   Section        0  dht11.o(.text)
    DHT11_GPIO_Config                        0x08004f0d   Thumb Code    40  dht11.o(.text)
    DHT11_Mode_IPU                           0x08004f49   Thumb Code    26  dht11.o(.text)
    DHT11_Mode_Out_PP                        0x08004f63   Thumb Code    32  dht11.o(.text)
    DHT11_ReadByte                           0x08004f83   Thumb Code    98  dht11.o(.text)
    .text                                    0x08005088   Section        0  adc.o(.text)
    .text                                    0x0800516c   Section        0  delay.o(.text)
    .text                                    0x08005204   Section        0  sys.o(.text)
    .text                                    0x0800520c   Section        0  usart.o(.text)
    .text                                    0x08005604   Section        0  memseta.o(.text)
    .text                                    0x08005628   Section        0  strcat.o(.text)
    .text                                    0x08005640   Section        0  strstr.o(.text)
    .text                                    0x08005664   Section        0  strncpy.o(.text)
    .text                                    0x0800567c   Section        0  strlen.o(.text)
    .text                                    0x0800568a   Section        0  fadd.o(.text)
    .text                                    0x0800573a   Section        0  fmul.o(.text)
    .text                                    0x0800579e   Section        0  fdiv.o(.text)
    .text                                    0x0800581a   Section        0  dadd.o(.text)
    .text                                    0x08005968   Section        0  dmul.o(.text)
    .text                                    0x08005a4c   Section        0  ddiv.o(.text)
    .text                                    0x08005b2a   Section        0  dscalb.o(.text)
    .text                                    0x08005b58   Section        0  fflti.o(.text)
    .text                                    0x08005b6a   Section        0  dflti.o(.text)
    .text                                    0x08005b8c   Section        0  dfltui.o(.text)
    .text                                    0x08005ba6   Section        0  dfixi.o(.text)
    .text                                    0x08005be4   Section        0  dfixui.o(.text)
    .text                                    0x08005c16   Section        0  f2d.o(.text)
    .text                                    0x08005c3c   Section        0  d2f.o(.text)
    .text                                    0x08005c74   Section        0  uidiv.o(.text)
    .text                                    0x08005ca0   Section        0  uldiv.o(.text)
    .text                                    0x08005d02   Section        0  llshl.o(.text)
    .text                                    0x08005d20   Section        0  llushr.o(.text)
    .text                                    0x08005d40   Section        0  llsshr.o(.text)
    .text                                    0x08005d64   Section        0  iusefp.o(.text)
    .text                                    0x08005d64   Section        0  fepilogue.o(.text)
    .text                                    0x08005dd2   Section        0  depilogue.o(.text)
    .text                                    0x08005e8c   Section        0  dsqrt.o(.text)
    .text                                    0x08005f2e   Section        0  dfixul.o(.text)
    .text                                    0x08005f60   Section       48  cdrcmple.o(.text)
    .text                                    0x08005f90   Section       36  init.o(.text)
    i.__0printf                              0x08005fb4   Section        0  printfa.o(i.__0printf)
    i.__0sprintf                             0x08005fd4   Section        0  printfa.o(i.__0sprintf)
    i.__0vsprintf                            0x08005ffc   Section        0  printfa.o(i.__0vsprintf)
    i.__ARM_fpclassify                       0x08006020   Section        0  fpclassify.o(i.__ARM_fpclassify)
    i.__ieee754_rem_pio2                     0x08006048   Section        0  rred.o(i.__ieee754_rem_pio2)
    i.__kernel_cos                           0x080063d0   Section        0  cos_i.o(i.__kernel_cos)
    i.__kernel_poly                          0x080064cc   Section        0  poly.o(i.__kernel_poly)
    i.__kernel_sin                           0x08006578   Section        0  sin_i.o(i.__kernel_sin)
    i.__mathlib_dbl_infnan                   0x08006664   Section        0  dunder.o(i.__mathlib_dbl_infnan)
    i.__mathlib_dbl_invalid                  0x0800666a   Section        0  dunder.o(i.__mathlib_dbl_invalid)
    i.__mathlib_dbl_underflow                0x08006678   Section        0  dunder.o(i.__mathlib_dbl_underflow)
    i.__scatterload_copy                     0x08006688   Section       14  handlers.o(i.__scatterload_copy)
    i.__scatterload_null                     0x08006696   Section        2  handlers.o(i.__scatterload_null)
    i.__scatterload_zeroinit                 0x08006698   Section       14  handlers.o(i.__scatterload_zeroinit)
    i.__set_errno                            0x080066a8   Section        0  errno.o(i.__set_errno)
    i._fp_digits                             0x080066b4   Section        0  printfa.o(i._fp_digits)
    _fp_digits                               0x080066b5   Thumb Code   366  printfa.o(i._fp_digits)
    i._printf_core                           0x08006838   Section        0  printfa.o(i._printf_core)
    _printf_core                             0x08006839   Thumb Code  1744  printfa.o(i._printf_core)
    i._printf_post_padding                   0x08006f14   Section        0  printfa.o(i._printf_post_padding)
    _printf_post_padding                     0x08006f15   Thumb Code    36  printfa.o(i._printf_post_padding)
    i._printf_pre_padding                    0x08006f38   Section        0  printfa.o(i._printf_pre_padding)
    _printf_pre_padding                      0x08006f39   Thumb Code    46  printfa.o(i._printf_pre_padding)
    i._sputc                                 0x08006f66   Section        0  printfa.o(i._sputc)
    _sputc                                   0x08006f67   Thumb Code    10  printfa.o(i._sputc)
    i.cos                                    0x08006f70   Section        0  cos.o(i.cos)
    i.sin                                    0x0800700c   Section        0  sin.o(i.sin)
    i.sqrt                                   0x080070ac   Section        0  sqrt.o(i.sqrt)
    .constdata                               0x080070f8   Section     3200  main.o(.constdata)
    .constdata                               0x08007d78   Section     7364  gui.o(.constdata)
    .constdata                               0x08009a40   Section       48  cos_i.o(.constdata)
    C                                        0x08009a40   Data          48  cos_i.o(.constdata)
    .constdata                               0x08009a70   Section      200  rred.o(.constdata)
    pio2s                                    0x08009a70   Data          48  rred.o(.constdata)
    twooverpi                                0x08009aa0   Data         152  rred.o(.constdata)
    .constdata                               0x08009b38   Section       40  sin_i.o(.constdata)
    S                                        0x08009b38   Data          40  sin_i.o(.constdata)
    .conststring                             0x08009b60   Section      104  main.o(.conststring)
    .conststring                             0x08009bc8   Section      253  4g.o(.conststring)
    .data                                    0x20000000   Section       20  system_stm32f10x.o(.data)
    .data                                    0x20000014   Section       20  stm32f10x_rcc.o(.data)
    ADCPrescTable                            0x20000014   Data           4  stm32f10x_rcc.o(.data)
    APBAHBPrescTable                         0x20000018   Data          16  stm32f10x_rcc.o(.data)
    .data                                    0x20000028   Section        4  timer.o(.data)
    .data                                    0x20000030   Section       96  4g.o(.data)
    .data                                    0x20000090   Section       10  qdtft_demo.o(.data)
    .data                                    0x200000a0   Section       24  rs485.o(.data)
    .data                                    0x200000b8   Section        2  rs485.o(.data)
    .data                                    0x200000ba   Section        5  dht11.o(.data)
    .data                                    0x200000c0   Section        4  delay.o(.data)
    fac_us                                   0x200000c0   Data           1  delay.o(.data)
    fac_ms                                   0x200000c2   Data           2  delay.o(.data)
    .data                                    0x200000c4   Section        4  usart.o(.data)
    .data                                    0x200000c8   Section        4  errno.o(.data)
    _errno                                   0x200000c8   Data           4  errno.o(.data)
    .bss                                     0x200000cc   Section     1044  4g.o(.bss)
    .bss                                     0x200004e0   Section        9  rs485.o(.bss)
    .bss                                     0x200004ec   Section     1560  usart.o(.bss)
    STACK                                    0x20000b08   Section     1024  startup_stm32f10x_hd.o(STACK)

    Global Symbols

    Symbol Name                              Value     Ov Type        Size  Object(Section)

    BuildAttributes$$THM_ISAv4$P$D$K$B$S$PE$A:L22UL41UL21$X:L11$S22US41US21$IEEE1$IW$USESV6$~STKCKD$USESV7$~SHL$OTIME$ROPI$IEEEX$EBA8$MICROLIB$REQ8$PRES8$EABIv2 0x00000000   Number         0  anon$$obj.o ABSOLUTE
    __ARM_use_no_argv                        0x00000000   Number         0  main.o ABSOLUTE
    __use_no_errno                           0x00000000   Number         0  useno.o ABSOLUTE
    __use_no_exception_handling              0x00000000   Number         0  useno.o ABSOLUTE
    __use_no_fp                              0x00000000   Number         0  useno.o ABSOLUTE
    __use_no_heap                            0x00000000   Number         0  useno.o ABSOLUTE
    __use_no_heap_region                     0x00000000   Number         0  useno.o ABSOLUTE
    __use_no_semihosting                     0x00000000   Number         0  useno.o ABSOLUTE
    __use_no_semihosting_swi                 0x00000000   Number         0  useno.o ABSOLUTE
    __use_no_signal_handling                 0x00000000   Number         0  useno.o ABSOLUTE
    _printf_a                                0x00000000   Number         0  stubs.o ABSOLUTE
    _printf_c                                0x00000000   Number         0  stubs.o ABSOLUTE
    _printf_charcount                        0x00000000   Number         0  stubs.o ABSOLUTE
    _printf_d                                0x00000000   Number         0  stubs.o ABSOLUTE
    _printf_e                                0x00000000   Number         0  stubs.o ABSOLUTE
    _printf_f                                0x00000000   Number         0  stubs.o ABSOLUTE
    _printf_flags                            0x00000000   Number         0  stubs.o ABSOLUTE
    _printf_fp_dec                           0x00000000   Number         0  stubs.o ABSOLUTE
    _printf_fp_hex                           0x00000000   Number         0  stubs.o ABSOLUTE
    _printf_g                                0x00000000   Number         0  stubs.o ABSOLUTE
    _printf_i                                0x00000000   Number         0  stubs.o ABSOLUTE
    _printf_int_dec                          0x00000000   Number         0  stubs.o ABSOLUTE
    _printf_l                                0x00000000   Number         0  stubs.o ABSOLUTE
    _printf_lc                               0x00000000   Number         0  stubs.o ABSOLUTE
    _printf_ll                               0x00000000   Number         0  stubs.o ABSOLUTE
    _printf_lld                              0x00000000   Number         0  stubs.o ABSOLUTE
    _printf_lli                              0x00000000   Number         0  stubs.o ABSOLUTE
    _printf_llo                              0x00000000   Number         0  stubs.o ABSOLUTE
    _printf_llu                              0x00000000   Number         0  stubs.o ABSOLUTE
    _printf_llx                              0x00000000   Number         0  stubs.o ABSOLUTE
    _printf_longlong_dec                     0x00000000   Number         0  stubs.o ABSOLUTE
    _printf_longlong_hex                     0x00000000   Number         0  stubs.o ABSOLUTE
    _printf_longlong_oct                     0x00000000   Number         0  stubs.o ABSOLUTE
    _printf_ls                               0x00000000   Number         0  stubs.o ABSOLUTE
    _printf_mbtowc                           0x00000000   Number         0  stubs.o ABSOLUTE
    _printf_n                                0x00000000   Number         0  stubs.o ABSOLUTE
    _printf_o                                0x00000000   Number         0  stubs.o ABSOLUTE
    _printf_p                                0x00000000   Number         0  stubs.o ABSOLUTE
    _printf_percent                          0x00000000   Number         0  stubs.o ABSOLUTE
    _printf_pre_padding                      0x00000000   Number         0  stubs.o ABSOLUTE
    _printf_return_value                     0x00000000   Number         0  stubs.o ABSOLUTE
    _printf_s                                0x00000000   Number         0  stubs.o ABSOLUTE
    _printf_sizespec                         0x00000000   Number         0  stubs.o ABSOLUTE
    _printf_str                              0x00000000   Number         0  stubs.o ABSOLUTE
    _printf_truncate_signed                  0x00000000   Number         0  stubs.o ABSOLUTE
    _printf_truncate_unsigned                0x00000000   Number         0  stubs.o ABSOLUTE
    _printf_u                                0x00000000   Number         0  stubs.o ABSOLUTE
    _printf_wc                               0x00000000   Number         0  stubs.o ABSOLUTE
    _printf_wctomb                           0x00000000   Number         0  stubs.o ABSOLUTE
    _printf_widthprec                        0x00000000   Number         0  stubs.o ABSOLUTE
    _printf_x                                0x00000000   Number         0  stubs.o ABSOLUTE
    __cpp_initialize__aeabi_                  - Undefined Weak Reference
    __cxa_finalize                            - Undefined Weak Reference
    __decompress                              - Undefined Weak Reference
    _clock_init                               - Undefined Weak Reference
    _microlib_exit                            - Undefined Weak Reference
    __Vectors_Size                           0x00000130   Number         0  startup_stm32f10x_hd.o ABSOLUTE
    __Vectors                                0x08000000   Data           4  startup_stm32f10x_hd.o(RESET)
    __Vectors_End                            0x08000130   Data           0  startup_stm32f10x_hd.o(RESET)
    __main                                   0x08000131   Thumb Code     0  entry.o(.ARM.Collect$$$$00000000)
    _main_stk                                0x08000131   Thumb Code     0  entry2.o(.ARM.Collect$$$$00000001)
    _main_scatterload                        0x08000135   Thumb Code     0  entry5.o(.ARM.Collect$$$$00000004)
    __main_after_scatterload                 0x08000139   Thumb Code     0  entry5.o(.ARM.Collect$$$$00000004)
    _main_clock                              0x08000139   Thumb Code     0  entry7b.o(.ARM.Collect$$$$00000008)
    _main_cpp_init                           0x08000139   Thumb Code     0  entry8b.o(.ARM.Collect$$$$0000000A)
    _main_init                               0x08000139   Thumb Code     0  entry9a.o(.ARM.Collect$$$$0000000B)
    __rt_final_cpp                           0x08000141   Thumb Code     0  entry10a.o(.ARM.Collect$$$$0000000D)
    __rt_final_exit                          0x08000141   Thumb Code     0  entry11a.o(.ARM.Collect$$$$0000000F)
    main                                     0x08000145   Thumb Code   444  main.o(.text)
    NMI_Handler                              0x080003c5   Thumb Code     2  stm32f10x_it.o(.text)
    HardFault_Handler                        0x080003c7   Thumb Code     2  stm32f10x_it.o(.text)
    MemManage_Handler                        0x080003c9   Thumb Code     2  stm32f10x_it.o(.text)
    BusFault_Handler                         0x080003cb   Thumb Code     2  stm32f10x_it.o(.text)
    UsageFault_Handler                       0x080003cd   Thumb Code     2  stm32f10x_it.o(.text)
    SVC_Handler                              0x080003cf   Thumb Code     2  stm32f10x_it.o(.text)
    DebugMon_Handler                         0x080003d1   Thumb Code     2  stm32f10x_it.o(.text)
    PendSV_Handler                           0x080003d3   Thumb Code     2  stm32f10x_it.o(.text)
    SysTick_Handler                          0x080003d5   Thumb Code     2  stm32f10x_it.o(.text)
    RCC_Configuration                        0x080003d9   Thumb Code   106  system_stm32f10x.o(.text)
    SystemInit                               0x080004eb   Thumb Code    64  system_stm32f10x.o(.text)
    SystemCoreClockUpdate                    0x0800052b   Thumb Code   106  system_stm32f10x.o(.text)
    NVIC_PriorityGroupConfig                 0x080005b5   Thumb Code    10  misc.o(.text)
    NVIC_Init                                0x080005bf   Thumb Code    96  misc.o(.text)
    NVIC_SetVectorTable                      0x0800061f   Thumb Code    14  misc.o(.text)
    NVIC_SystemLPConfig                      0x0800062d   Thumb Code    24  misc.o(.text)
    SysTick_CLKSourceConfig                  0x08000645   Thumb Code    28  misc.o(.text)
    ADC_DeInit                               0x0800066d   Thumb Code    88  stm32f10x_adc.o(.text)
    ADC_Init                                 0x080006c5   Thumb Code    62  stm32f10x_adc.o(.text)
    ADC_StructInit                           0x08000703   Thumb Code    18  stm32f10x_adc.o(.text)
    ADC_Cmd                                  0x08000715   Thumb Code    24  stm32f10x_adc.o(.text)
    ADC_DMACmd                               0x0800072d   Thumb Code    24  stm32f10x_adc.o(.text)
    ADC_ITConfig                             0x08000745   Thumb Code    22  stm32f10x_adc.o(.text)
    ADC_ResetCalibration                     0x0800075b   Thumb Code    10  stm32f10x_adc.o(.text)
    ADC_GetResetCalibrationStatus            0x08000765   Thumb Code    14  stm32f10x_adc.o(.text)
    ADC_StartCalibration                     0x08000773   Thumb Code    10  stm32f10x_adc.o(.text)
    ADC_GetCalibrationStatus                 0x0800077d   Thumb Code    14  stm32f10x_adc.o(.text)
    ADC_SoftwareStartConvCmd                 0x0800078b   Thumb Code    24  stm32f10x_adc.o(.text)
    ADC_GetSoftwareStartConvStatus           0x080007a3   Thumb Code    14  stm32f10x_adc.o(.text)
    ADC_DiscModeChannelCountConfig           0x080007b1   Thumb Code    16  stm32f10x_adc.o(.text)
    ADC_DiscModeCmd                          0x080007c1   Thumb Code    24  stm32f10x_adc.o(.text)
    ADC_RegularChannelConfig                 0x080007d9   Thumb Code   116  stm32f10x_adc.o(.text)
    ADC_ExternalTrigConvCmd                  0x0800084d   Thumb Code    24  stm32f10x_adc.o(.text)
    ADC_GetConversionValue                   0x08000865   Thumb Code     6  stm32f10x_adc.o(.text)
    ADC_GetDualModeConversionValue           0x0800086b   Thumb Code     8  stm32f10x_adc.o(.text)
    ADC_AutoInjectedConvCmd                  0x08000873   Thumb Code    24  stm32f10x_adc.o(.text)
    ADC_InjectedDiscModeCmd                  0x0800088b   Thumb Code    24  stm32f10x_adc.o(.text)
    ADC_ExternalTrigInjectedConvConfig       0x080008a3   Thumb Code    12  stm32f10x_adc.o(.text)
    ADC_ExternalTrigInjectedConvCmd          0x080008af   Thumb Code    24  stm32f10x_adc.o(.text)
    ADC_SoftwareStartInjectedConvCmd         0x080008c7   Thumb Code    24  stm32f10x_adc.o(.text)
    ADC_GetSoftwareStartInjectedConvCmdStatus 0x080008df   Thumb Code    14  stm32f10x_adc.o(.text)
    ADC_InjectedChannelConfig                0x080008ed   Thumb Code    74  stm32f10x_adc.o(.text)
    ADC_InjectedSequencerLengthConfig        0x08000937   Thumb Code    16  stm32f10x_adc.o(.text)
    ADC_SetInjectedOffset                    0x08000947   Thumb Code    16  stm32f10x_adc.o(.text)
    ADC_GetInjectedConversionValue           0x08000957   Thumb Code    20  stm32f10x_adc.o(.text)
    ADC_AnalogWatchdogCmd                    0x0800096b   Thumb Code    12  stm32f10x_adc.o(.text)
    ADC_AnalogWatchdogThresholdsConfig       0x08000977   Thumb Code     6  stm32f10x_adc.o(.text)
    ADC_AnalogWatchdogSingleChannelConfig    0x0800097d   Thumb Code    12  stm32f10x_adc.o(.text)
    ADC_TempSensorVrefintCmd                 0x08000989   Thumb Code    28  stm32f10x_adc.o(.text)
    ADC_GetFlagStatus                        0x080009a5   Thumb Code    14  stm32f10x_adc.o(.text)
    ADC_ClearFlag                            0x080009b3   Thumb Code     6  stm32f10x_adc.o(.text)
    ADC_GetITStatus                          0x080009b9   Thumb Code    28  stm32f10x_adc.o(.text)
    ADC_ClearITPendingBit                    0x080009d5   Thumb Code     8  stm32f10x_adc.o(.text)
    FLASH_SetLatency                         0x080009f5   Thumb Code    14  stm32f10x_flash.o(.text)
    FLASH_HalfCycleAccessCmd                 0x08000a03   Thumb Code    18  stm32f10x_flash.o(.text)
    FLASH_PrefetchBufferCmd                  0x08000a15   Thumb Code    18  stm32f10x_flash.o(.text)
    FLASH_Unlock                             0x08000a27   Thumb Code    12  stm32f10x_flash.o(.text)
    FLASH_UnlockBank1                        0x08000a33   Thumb Code    12  stm32f10x_flash.o(.text)
    FLASH_Lock                               0x08000a3f   Thumb Code    12  stm32f10x_flash.o(.text)
    FLASH_LockBank1                          0x08000a4b   Thumb Code    12  stm32f10x_flash.o(.text)
    FLASH_GetBank1Status                     0x08000a57   Thumb Code    34  stm32f10x_flash.o(.text)
    FLASH_WaitForLastOperation               0x08000a79   Thumb Code    32  stm32f10x_flash.o(.text)
    FLASH_ErasePage                          0x08000a99   Thumb Code    56  stm32f10x_flash.o(.text)
    FLASH_EraseAllPages                      0x08000ad1   Thumb Code    52  stm32f10x_flash.o(.text)
    FLASH_WaitForLastBank1Operation          0x08000b05   Thumb Code    32  stm32f10x_flash.o(.text)
    FLASH_EraseAllBank1Pages                 0x08000b25   Thumb Code    52  stm32f10x_flash.o(.text)
    FLASH_GetReadOutProtectionStatus         0x08000b59   Thumb Code    14  stm32f10x_flash.o(.text)
    FLASH_EraseOptionBytes                   0x08000b67   Thumb Code   120  stm32f10x_flash.o(.text)
    FLASH_ProgramWord                        0x08000bdf   Thumb Code    86  stm32f10x_flash.o(.text)
    FLASH_ProgramHalfWord                    0x08000c35   Thumb Code    48  stm32f10x_flash.o(.text)
    FLASH_ProgramOptionByteData              0x08000c65   Thumb Code    62  stm32f10x_flash.o(.text)
    FLASH_EnableWriteProtection              0x08000ca3   Thumb Code   158  stm32f10x_flash.o(.text)
    FLASH_ReadOutProtection                  0x08000d41   Thumb Code   120  stm32f10x_flash.o(.text)
    FLASH_UserOptionByteConfig               0x08000db9   Thumb Code    98  stm32f10x_flash.o(.text)
    FLASH_GetUserOptionByte                  0x08000e1b   Thumb Code     8  stm32f10x_flash.o(.text)
    FLASH_GetWriteProtectionOptionByte       0x08000e23   Thumb Code     6  stm32f10x_flash.o(.text)
    FLASH_GetPrefetchBufferStatus            0x08000e29   Thumb Code    14  stm32f10x_flash.o(.text)
    FLASH_ITConfig                           0x08000e37   Thumb Code    22  stm32f10x_flash.o(.text)
    FLASH_GetFlagStatus                      0x08000e4d   Thumb Code    30  stm32f10x_flash.o(.text)
    FLASH_ClearFlag                          0x08000e6b   Thumb Code     6  stm32f10x_flash.o(.text)
    FLASH_GetStatus                          0x08000e71   Thumb Code    34  stm32f10x_flash.o(.text)
    GPIO_DeInit                              0x08000e99   Thumb Code   188  stm32f10x_gpio.o(.text)
    GPIO_AFIODeInit                          0x08000f55   Thumb Code    22  stm32f10x_gpio.o(.text)
    GPIO_Init                                0x08000f6b   Thumb Code   166  stm32f10x_gpio.o(.text)
    GPIO_StructInit                          0x08001011   Thumb Code    16  stm32f10x_gpio.o(.text)
    GPIO_ReadInputDataBit                    0x08001021   Thumb Code    14  stm32f10x_gpio.o(.text)
    GPIO_ReadInputData                       0x0800102f   Thumb Code     6  stm32f10x_gpio.o(.text)
    GPIO_ReadOutputDataBit                   0x08001035   Thumb Code    14  stm32f10x_gpio.o(.text)
    GPIO_ReadOutputData                      0x08001043   Thumb Code     6  stm32f10x_gpio.o(.text)
    GPIO_SetBits                             0x08001049   Thumb Code     4  stm32f10x_gpio.o(.text)
    GPIO_ResetBits                           0x0800104d   Thumb Code     4  stm32f10x_gpio.o(.text)
    GPIO_WriteBit                            0x08001051   Thumb Code    12  stm32f10x_gpio.o(.text)
    GPIO_Write                               0x0800105d   Thumb Code     4  stm32f10x_gpio.o(.text)
    GPIO_PinLockConfig                       0x08001061   Thumb Code    16  stm32f10x_gpio.o(.text)
    GPIO_EventOutputConfig                   0x08001071   Thumb Code    22  stm32f10x_gpio.o(.text)
    GPIO_EventOutputCmd                      0x08001087   Thumb Code     6  stm32f10x_gpio.o(.text)
    GPIO_PinRemapConfig                      0x0800108d   Thumb Code    86  stm32f10x_gpio.o(.text)
    GPIO_EXTILineConfig                      0x080010e3   Thumb Code    34  stm32f10x_gpio.o(.text)
    GPIO_ETH_MediaInterfaceConfig            0x08001105   Thumb Code     8  stm32f10x_gpio.o(.text)
    IWDG_WriteAccessCmd                      0x08001131   Thumb Code     6  stm32f10x_iwdg.o(.text)
    IWDG_SetPrescaler                        0x08001137   Thumb Code     6  stm32f10x_iwdg.o(.text)
    IWDG_SetReload                           0x0800113d   Thumb Code     6  stm32f10x_iwdg.o(.text)
    IWDG_ReloadCounter                       0x08001143   Thumb Code    10  stm32f10x_iwdg.o(.text)
    IWDG_Enable                              0x0800114d   Thumb Code    10  stm32f10x_iwdg.o(.text)
    IWDG_GetFlagStatus                       0x08001157   Thumb Code    16  stm32f10x_iwdg.o(.text)
    RCC_DeInit                               0x0800116d   Thumb Code    50  stm32f10x_rcc.o(.text)
    RCC_HSEConfig                            0x0800119f   Thumb Code    50  stm32f10x_rcc.o(.text)
    RCC_GetFlagStatus                        0x080011d1   Thumb Code    42  stm32f10x_rcc.o(.text)
    RCC_WaitForHSEStartUp                    0x080011fb   Thumb Code    48  stm32f10x_rcc.o(.text)
    RCC_AdjustHSICalibrationValue            0x0800122b   Thumb Code    16  stm32f10x_rcc.o(.text)
    RCC_HSICmd                               0x0800123b   Thumb Code     6  stm32f10x_rcc.o(.text)
    RCC_PLLConfig                            0x08001241   Thumb Code    16  stm32f10x_rcc.o(.text)
    RCC_PLLCmd                               0x08001251   Thumb Code     6  stm32f10x_rcc.o(.text)
    RCC_SYSCLKConfig                         0x08001257   Thumb Code    14  stm32f10x_rcc.o(.text)
    RCC_GetSYSCLKSource                      0x08001265   Thumb Code    10  stm32f10x_rcc.o(.text)
    RCC_HCLKConfig                           0x0800126f   Thumb Code    14  stm32f10x_rcc.o(.text)
    RCC_PCLK1Config                          0x0800127d   Thumb Code    14  stm32f10x_rcc.o(.text)
    RCC_PCLK2Config                          0x0800128b   Thumb Code    16  stm32f10x_rcc.o(.text)
    RCC_ITConfig                             0x0800129b   Thumb Code    22  stm32f10x_rcc.o(.text)
    RCC_USBCLKConfig                         0x080012b1   Thumb Code     8  stm32f10x_rcc.o(.text)
    RCC_ADCCLKConfig                         0x080012b9   Thumb Code    14  stm32f10x_rcc.o(.text)
    RCC_LSEConfig                            0x080012c7   Thumb Code    36  stm32f10x_rcc.o(.text)
    RCC_LSICmd                               0x080012eb   Thumb Code     6  stm32f10x_rcc.o(.text)
    RCC_RTCCLKConfig                         0x080012f1   Thumb Code    10  stm32f10x_rcc.o(.text)
    RCC_RTCCLKCmd                            0x080012fb   Thumb Code     8  stm32f10x_rcc.o(.text)
    RCC_GetClocksFreq                        0x08001303   Thumb Code   154  stm32f10x_rcc.o(.text)
    RCC_AHBPeriphClockCmd                    0x0800139d   Thumb Code    22  stm32f10x_rcc.o(.text)
    RCC_APB2PeriphClockCmd                   0x080013b3   Thumb Code    22  stm32f10x_rcc.o(.text)
    RCC_APB1PeriphClockCmd                   0x080013c9   Thumb Code    22  stm32f10x_rcc.o(.text)
    RCC_APB2PeriphResetCmd                   0x080013df   Thumb Code    22  stm32f10x_rcc.o(.text)
    RCC_APB1PeriphResetCmd                   0x080013f5   Thumb Code    22  stm32f10x_rcc.o(.text)
    RCC_BackupResetCmd                       0x0800140b   Thumb Code     8  stm32f10x_rcc.o(.text)
    RCC_ClockSecuritySystemCmd               0x08001413   Thumb Code     6  stm32f10x_rcc.o(.text)
    RCC_MCOConfig                            0x08001419   Thumb Code     6  stm32f10x_rcc.o(.text)
    RCC_ClearFlag                            0x0800141f   Thumb Code    12  stm32f10x_rcc.o(.text)
    RCC_GetITStatus                          0x0800142b   Thumb Code    16  stm32f10x_rcc.o(.text)
    RCC_ClearITPendingBit                    0x0800143b   Thumb Code     6  stm32f10x_rcc.o(.text)
    TIM_DeInit                               0x08001461   Thumb Code   464  stm32f10x_tim.o(.text)
    TIM_TimeBaseInit                         0x08001631   Thumb Code   114  stm32f10x_tim.o(.text)
    TIM_OC1Init                              0x080016a3   Thumb Code   114  stm32f10x_tim.o(.text)
    TIM_OC2Init                              0x08001715   Thumb Code   128  stm32f10x_tim.o(.text)
    TIM_OC3Init                              0x08001795   Thumb Code   124  stm32f10x_tim.o(.text)
    TIM_OC4Init                              0x08001811   Thumb Code   160  stm32f10x_tim.o(.text)
    TIM_SetIC4Prescaler                      0x080018b1   Thumb Code    24  stm32f10x_tim.o(.text)
    TIM_SetIC3Prescaler                      0x0800192f   Thumb Code    16  stm32f10x_tim.o(.text)
    TIM_SetIC2Prescaler                      0x080019a1   Thumb Code    24  stm32f10x_tim.o(.text)
    TIM_SetIC1Prescaler                      0x08001a1f   Thumb Code    16  stm32f10x_tim.o(.text)
    TIM_ICInit                               0x08001a8d   Thumb Code   114  stm32f10x_tim.o(.text)
    TIM_PWMIConfig                           0x08001aff   Thumb Code   106  stm32f10x_tim.o(.text)
    TIM_BDTRConfig                           0x08001b69   Thumb Code    34  stm32f10x_tim.o(.text)
    TIM_TimeBaseStructInit                   0x08001b8b   Thumb Code    18  stm32f10x_tim.o(.text)
    TIM_OCStructInit                         0x08001b9d   Thumb Code    20  stm32f10x_tim.o(.text)
    TIM_ICStructInit                         0x08001bb1   Thumb Code    16  stm32f10x_tim.o(.text)
    TIM_BDTRStructInit                       0x08001bc1   Thumb Code    18  stm32f10x_tim.o(.text)
    TIM_Cmd                                  0x08001bd3   Thumb Code    24  stm32f10x_tim.o(.text)
    TIM_CtrlPWMOutputs                       0x08001beb   Thumb Code    28  stm32f10x_tim.o(.text)
    TIM_ITConfig                             0x08001c07   Thumb Code    20  stm32f10x_tim.o(.text)
    TIM_GenerateEvent                        0x08001c1b   Thumb Code     4  stm32f10x_tim.o(.text)
    TIM_DMAConfig                            0x08001c1f   Thumb Code     8  stm32f10x_tim.o(.text)
    TIM_DMACmd                               0x08001c27   Thumb Code    20  stm32f10x_tim.o(.text)
    TIM_InternalClockConfig                  0x08001c3b   Thumb Code    10  stm32f10x_tim.o(.text)
    TIM_SelectInputTrigger                   0x08001c45   Thumb Code    12  stm32f10x_tim.o(.text)
    TIM_ITRxExternalClockConfig              0x08001c51   Thumb Code    20  stm32f10x_tim.o(.text)
    TIM_TIxExternalClockConfig               0x08001c65   Thumb Code    48  stm32f10x_tim.o(.text)
    TIM_ETRConfig                            0x08001c95   Thumb Code    24  stm32f10x_tim.o(.text)
    TIM_ETRClockMode1Config                  0x08001cad   Thumb Code    52  stm32f10x_tim.o(.text)
    TIM_ETRClockMode2Config                  0x08001ce1   Thumb Code    20  stm32f10x_tim.o(.text)
    TIM_PrescalerConfig                      0x08001cf5   Thumb Code     6  stm32f10x_tim.o(.text)
    TIM_CounterModeConfig                    0x08001cfb   Thumb Code    12  stm32f10x_tim.o(.text)
    TIM_EncoderInterfaceConfig               0x08001d07   Thumb Code    50  stm32f10x_tim.o(.text)
    TIM_ForcedOC1Config                      0x08001d39   Thumb Code    12  stm32f10x_tim.o(.text)
    TIM_ForcedOC2Config                      0x08001d45   Thumb Code    20  stm32f10x_tim.o(.text)
    TIM_ForcedOC3Config                      0x08001d59   Thumb Code    12  stm32f10x_tim.o(.text)
    TIM_ForcedOC4Config                      0x08001d65   Thumb Code    20  stm32f10x_tim.o(.text)
    TIM_ARRPreloadConfig                     0x08001d79   Thumb Code    24  stm32f10x_tim.o(.text)
    TIM_SelectCOM                            0x08001d91   Thumb Code    24  stm32f10x_tim.o(.text)
    TIM_SelectCCDMA                          0x08001da9   Thumb Code    24  stm32f10x_tim.o(.text)
    TIM_CCPreloadControl                     0x08001dc1   Thumb Code    24  stm32f10x_tim.o(.text)
    TIM_OC1PreloadConfig                     0x08001dd9   Thumb Code    12  stm32f10x_tim.o(.text)
    TIM_OC2PreloadConfig                     0x08001de5   Thumb Code    20  stm32f10x_tim.o(.text)
    TIM_OC3PreloadConfig                     0x08001df9   Thumb Code    12  stm32f10x_tim.o(.text)
    TIM_OC4PreloadConfig                     0x08001e05   Thumb Code    20  stm32f10x_tim.o(.text)
    TIM_OC1FastConfig                        0x08001e19   Thumb Code    12  stm32f10x_tim.o(.text)
    TIM_OC2FastConfig                        0x08001e25   Thumb Code    20  stm32f10x_tim.o(.text)
    TIM_OC3FastConfig                        0x08001e39   Thumb Code    12  stm32f10x_tim.o(.text)
    TIM_OC4FastConfig                        0x08001e45   Thumb Code    20  stm32f10x_tim.o(.text)
    TIM_ClearOC1Ref                          0x08001e59   Thumb Code    12  stm32f10x_tim.o(.text)
    TIM_ClearOC2Ref                          0x08001e65   Thumb Code    20  stm32f10x_tim.o(.text)
    TIM_ClearOC3Ref                          0x08001e79   Thumb Code    12  stm32f10x_tim.o(.text)
    TIM_ClearOC4Ref                          0x08001e85   Thumb Code    20  stm32f10x_tim.o(.text)
    TIM_OC1PolarityConfig                    0x08001e99   Thumb Code    12  stm32f10x_tim.o(.text)
    TIM_OC1NPolarityConfig                   0x08001ea5   Thumb Code    12  stm32f10x_tim.o(.text)
    TIM_OC2PolarityConfig                    0x08001eb1   Thumb Code    20  stm32f10x_tim.o(.text)
    TIM_OC2NPolarityConfig                   0x08001ec5   Thumb Code    20  stm32f10x_tim.o(.text)
    TIM_OC3PolarityConfig                    0x08001ed9   Thumb Code    20  stm32f10x_tim.o(.text)
    TIM_OC3NPolarityConfig                   0x08001eed   Thumb Code    20  stm32f10x_tim.o(.text)
    TIM_OC4PolarityConfig                    0x08001f01   Thumb Code    20  stm32f10x_tim.o(.text)
    TIM_CCxCmd                               0x08001f15   Thumb Code    22  stm32f10x_tim.o(.text)
    TIM_CCxNCmd                              0x08001f2b   Thumb Code    22  stm32f10x_tim.o(.text)
    TIM_SelectOCxM                           0x08001f41   Thumb Code    76  stm32f10x_tim.o(.text)
    TIM_UpdateDisableConfig                  0x08001f8d   Thumb Code    24  stm32f10x_tim.o(.text)
    TIM_UpdateRequestConfig                  0x08001fa5   Thumb Code    24  stm32f10x_tim.o(.text)
    TIM_SelectHallSensor                     0x08001fbd   Thumb Code    24  stm32f10x_tim.o(.text)
    TIM_SelectOnePulseMode                   0x08001fd5   Thumb Code    16  stm32f10x_tim.o(.text)
    TIM_SelectOutputTrigger                  0x08001fe5   Thumb Code    16  stm32f10x_tim.o(.text)
    TIM_SelectSlaveMode                      0x08001ff5   Thumb Code    16  stm32f10x_tim.o(.text)
    TIM_SelectMasterSlaveMode                0x08002005   Thumb Code    16  stm32f10x_tim.o(.text)
    TIM_SetCounter                           0x08002015   Thumb Code     4  stm32f10x_tim.o(.text)
    TIM_SetAutoreload                        0x08002019   Thumb Code     4  stm32f10x_tim.o(.text)
    TIM_SetCompare1                          0x0800201d   Thumb Code     4  stm32f10x_tim.o(.text)
    TIM_SetCompare2                          0x08002021   Thumb Code     4  stm32f10x_tim.o(.text)
    TIM_SetCompare3                          0x08002025   Thumb Code     4  stm32f10x_tim.o(.text)
    TIM_SetCompare4                          0x08002029   Thumb Code     6  stm32f10x_tim.o(.text)
    TIM_SetClockDivision                     0x0800202f   Thumb Code    16  stm32f10x_tim.o(.text)
    TIM_GetCapture1                          0x0800203f   Thumb Code     4  stm32f10x_tim.o(.text)
    TIM_GetCapture2                          0x08002043   Thumb Code     4  stm32f10x_tim.o(.text)
    TIM_GetCapture3                          0x08002047   Thumb Code     4  stm32f10x_tim.o(.text)
    TIM_GetCapture4                          0x0800204b   Thumb Code     6  stm32f10x_tim.o(.text)
    TIM_GetCounter                           0x08002051   Thumb Code     4  stm32f10x_tim.o(.text)
    TIM_GetPrescaler                         0x08002055   Thumb Code     4  stm32f10x_tim.o(.text)
    TIM_GetFlagStatus                        0x08002059   Thumb Code    14  stm32f10x_tim.o(.text)
    TIM_ClearFlag                            0x08002067   Thumb Code     6  stm32f10x_tim.o(.text)
    TIM_GetITStatus                          0x0800206d   Thumb Code    24  stm32f10x_tim.o(.text)
    TIM_ClearITPendingBit                    0x08002085   Thumb Code     6  stm32f10x_tim.o(.text)
    USART_DeInit                             0x0800208d   Thumb Code   144  stm32f10x_usart.o(.text)
    USART_Init                               0x0800211d   Thumb Code   182  stm32f10x_usart.o(.text)
    USART_StructInit                         0x080021d3   Thumb Code    22  stm32f10x_usart.o(.text)
    USART_ClockInit                          0x080021e9   Thumb Code    30  stm32f10x_usart.o(.text)
    USART_ClockStructInit                    0x08002207   Thumb Code    12  stm32f10x_usart.o(.text)
    USART_Cmd                                0x08002213   Thumb Code    24  stm32f10x_usart.o(.text)
    USART_ITConfig                           0x0800222b   Thumb Code    54  stm32f10x_usart.o(.text)
    USART_DMACmd                             0x08002261   Thumb Code    20  stm32f10x_usart.o(.text)
    USART_SetAddress                         0x08002275   Thumb Code    16  stm32f10x_usart.o(.text)
    USART_WakeUpConfig                       0x08002285   Thumb Code    16  stm32f10x_usart.o(.text)
    USART_ReceiverWakeUpCmd                  0x08002295   Thumb Code    24  stm32f10x_usart.o(.text)
    USART_LINBreakDetectLengthConfig         0x080022ad   Thumb Code    16  stm32f10x_usart.o(.text)
    USART_LINCmd                             0x080022bd   Thumb Code    24  stm32f10x_usart.o(.text)
    USART_SendData                           0x080022d5   Thumb Code     8  stm32f10x_usart.o(.text)
    USART_ReceiveData                        0x080022dd   Thumb Code     8  stm32f10x_usart.o(.text)
    USART_SendBreak                          0x080022e5   Thumb Code    10  stm32f10x_usart.o(.text)
    USART_SetGuardTime                       0x080022ef   Thumb Code    16  stm32f10x_usart.o(.text)
    USART_SetPrescaler                       0x080022ff   Thumb Code    16  stm32f10x_usart.o(.text)
    USART_SmartCardCmd                       0x0800230f   Thumb Code    24  stm32f10x_usart.o(.text)
    USART_SmartCardNACKCmd                   0x08002327   Thumb Code    24  stm32f10x_usart.o(.text)
    USART_HalfDuplexCmd                      0x0800233f   Thumb Code    24  stm32f10x_usart.o(.text)
    USART_OverSampling8Cmd                   0x08002357   Thumb Code    24  stm32f10x_usart.o(.text)
    USART_OneBitMethodCmd                    0x0800236f   Thumb Code    24  stm32f10x_usart.o(.text)
    USART_IrDAConfig                         0x08002387   Thumb Code    16  stm32f10x_usart.o(.text)
    USART_IrDACmd                            0x08002397   Thumb Code    24  stm32f10x_usart.o(.text)
    USART_GetFlagStatus                      0x080023af   Thumb Code    14  stm32f10x_usart.o(.text)
    USART_ClearFlag                          0x080023bd   Thumb Code     8  stm32f10x_usart.o(.text)
    USART_GetITStatus                        0x080023c5   Thumb Code    64  stm32f10x_usart.o(.text)
    USART_ClearITPendingBit                  0x08002405   Thumb Code    16  stm32f10x_usart.o(.text)
    Reset_Handler                            0x08002429   Thumb Code     8  startup_stm32f10x_hd.o(.text)
    ADC1_2_IRQHandler                        0x08002443   Thumb Code     0  startup_stm32f10x_hd.o(.text)
    ADC3_IRQHandler                          0x08002443   Thumb Code     0  startup_stm32f10x_hd.o(.text)
    CAN1_RX1_IRQHandler                      0x08002443   Thumb Code     0  startup_stm32f10x_hd.o(.text)
    CAN1_SCE_IRQHandler                      0x08002443   Thumb Code     0  startup_stm32f10x_hd.o(.text)
    DMA1_Channel1_IRQHandler                 0x08002443   Thumb Code     0  startup_stm32f10x_hd.o(.text)
    DMA1_Channel2_IRQHandler                 0x08002443   Thumb Code     0  startup_stm32f10x_hd.o(.text)
    DMA1_Channel3_IRQHandler                 0x08002443   Thumb Code     0  startup_stm32f10x_hd.o(.text)
    DMA1_Channel4_IRQHandler                 0x08002443   Thumb Code     0  startup_stm32f10x_hd.o(.text)
    DMA1_Channel5_IRQHandler                 0x08002443   Thumb Code     0  startup_stm32f10x_hd.o(.text)
    DMA1_Channel6_IRQHandler                 0x08002443   Thumb Code     0  startup_stm32f10x_hd.o(.text)
    DMA1_Channel7_IRQHandler                 0x08002443   Thumb Code     0  startup_stm32f10x_hd.o(.text)
    DMA2_Channel1_IRQHandler                 0x08002443   Thumb Code     0  startup_stm32f10x_hd.o(.text)
    DMA2_Channel2_IRQHandler                 0x08002443   Thumb Code     0  startup_stm32f10x_hd.o(.text)
    DMA2_Channel3_IRQHandler                 0x08002443   Thumb Code     0  startup_stm32f10x_hd.o(.text)
    DMA2_Channel4_5_IRQHandler               0x08002443   Thumb Code     0  startup_stm32f10x_hd.o(.text)
    EXTI0_IRQHandler                         0x08002443   Thumb Code     0  startup_stm32f10x_hd.o(.text)
    EXTI15_10_IRQHandler                     0x08002443   Thumb Code     0  startup_stm32f10x_hd.o(.text)
    EXTI1_IRQHandler                         0x08002443   Thumb Code     0  startup_stm32f10x_hd.o(.text)
    EXTI2_IRQHandler                         0x08002443   Thumb Code     0  startup_stm32f10x_hd.o(.text)
    EXTI3_IRQHandler                         0x08002443   Thumb Code     0  startup_stm32f10x_hd.o(.text)
    EXTI4_IRQHandler                         0x08002443   Thumb Code     0  startup_stm32f10x_hd.o(.text)
    EXTI9_5_IRQHandler                       0x08002443   Thumb Code     0  startup_stm32f10x_hd.o(.text)
    FLASH_IRQHandler                         0x08002443   Thumb Code     0  startup_stm32f10x_hd.o(.text)
    FSMC_IRQHandler                          0x08002443   Thumb Code     0  startup_stm32f10x_hd.o(.text)
    I2C1_ER_IRQHandler                       0x08002443   Thumb Code     0  startup_stm32f10x_hd.o(.text)
    I2C1_EV_IRQHandler                       0x08002443   Thumb Code     0  startup_stm32f10x_hd.o(.text)
    I2C2_ER_IRQHandler                       0x08002443   Thumb Code     0  startup_stm32f10x_hd.o(.text)
    I2C2_EV_IRQHandler                       0x08002443   Thumb Code     0  startup_stm32f10x_hd.o(.text)
    PVD_IRQHandler                           0x08002443   Thumb Code     0  startup_stm32f10x_hd.o(.text)
    RCC_IRQHandler                           0x08002443   Thumb Code     0  startup_stm32f10x_hd.o(.text)
    RTCAlarm_IRQHandler                      0x08002443   Thumb Code     0  startup_stm32f10x_hd.o(.text)
    RTC_IRQHandler                           0x08002443   Thumb Code     0  startup_stm32f10x_hd.o(.text)
    SDIO_IRQHandler                          0x08002443   Thumb Code     0  startup_stm32f10x_hd.o(.text)
    SPI1_IRQHandler                          0x08002443   Thumb Code     0  startup_stm32f10x_hd.o(.text)
    SPI2_IRQHandler                          0x08002443   Thumb Code     0  startup_stm32f10x_hd.o(.text)
    SPI3_IRQHandler                          0x08002443   Thumb Code     0  startup_stm32f10x_hd.o(.text)
    TAMPER_IRQHandler                        0x08002443   Thumb Code     0  startup_stm32f10x_hd.o(.text)
    TIM1_BRK_IRQHandler                      0x08002443   Thumb Code     0  startup_stm32f10x_hd.o(.text)
    TIM1_CC_IRQHandler                       0x08002443   Thumb Code     0  startup_stm32f10x_hd.o(.text)
    TIM1_TRG_COM_IRQHandler                  0x08002443   Thumb Code     0  startup_stm32f10x_hd.o(.text)
    TIM1_UP_IRQHandler                       0x08002443   Thumb Code     0  startup_stm32f10x_hd.o(.text)
    TIM2_IRQHandler                          0x08002443   Thumb Code     0  startup_stm32f10x_hd.o(.text)
    TIM4_IRQHandler                          0x08002443   Thumb Code     0  startup_stm32f10x_hd.o(.text)
    TIM5_IRQHandler                          0x08002443   Thumb Code     0  startup_stm32f10x_hd.o(.text)
    TIM6_IRQHandler                          0x08002443   Thumb Code     0  startup_stm32f10x_hd.o(.text)
    TIM7_IRQHandler                          0x08002443   Thumb Code     0  startup_stm32f10x_hd.o(.text)
    TIM8_BRK_IRQHandler                      0x08002443   Thumb Code     0  startup_stm32f10x_hd.o(.text)
    TIM8_CC_IRQHandler                       0x08002443   Thumb Code     0  startup_stm32f10x_hd.o(.text)
    TIM8_TRG_COM_IRQHandler                  0x08002443   Thumb Code     0  startup_stm32f10x_hd.o(.text)
    TIM8_UP_IRQHandler                       0x08002443   Thumb Code     0  startup_stm32f10x_hd.o(.text)
    UART5_IRQHandler                         0x08002443   Thumb Code     0  startup_stm32f10x_hd.o(.text)
    USBWakeUp_IRQHandler                     0x08002443   Thumb Code     0  startup_stm32f10x_hd.o(.text)
    USB_HP_CAN1_TX_IRQHandler                0x08002443   Thumb Code     0  startup_stm32f10x_hd.o(.text)
    USB_LP_CAN1_RX0_IRQHandler               0x08002443   Thumb Code     0  startup_stm32f10x_hd.o(.text)
    WWDG_IRQHandler                          0x08002443   Thumb Code     0  startup_stm32f10x_hd.o(.text)
    LED_Init                                 0x0800244d   Thumb Code    56  led.o(.text)
    LED_Run                                  0x08002485   Thumb Code    62  led.o(.text)
    CSTX_4GCTR_Init                          0x080024c3   Thumb Code    66  led.o(.text)
    IWDG_Init                                0x08002511   Thumb Code    38  wdg.o(.text)
    IWDG_Feed                                0x08002537   Thumb Code     2  wdg.o(.text)
    TIM3_Int_Init                            0x08002539   Thumb Code    90  timer.o(.text)
    TIM4_Int_Init                            0x08002593   Thumb Code    90  timer.o(.text)
    TIM3_IRQHandler                          0x080025ed   Thumb Code    48  timer.o(.text)
    Control_Led                              0x0800262d   Thumb Code   334  4g.o(.text)
    Clear_Buffer                             0x0800277b   Thumb Code    40  4g.o(.text)
    CSTX_4G_Init                             0x080027a3   Thumb Code   388  4g.o(.text)
    Get_4GIMEI_NUM                           0x08002927   Thumb Code    84  4g.o(.text)
    Get_GPS_LOC                              0x0800297b   Thumb Code   828  4g.o(.text)
    Getdata_Change                           0x08002cb7   Thumb Code   522  4g.o(.text)
    Get_GPSdata                              0x08002ec1   Thumb Code   116  4g.o(.text)
    Get_GPS_RMC                              0x08002f35   Thumb Code   304  4g.o(.text)
    WG_to_GCJ                                0x08003065   Thumb Code  1644  4g.o(.text)
    Start_GPS                                0x080036d1   Thumb Code    90  4g.o(.text)
    Close_MQTT_aliyunStudio                  0x0800372b   Thumb Code    22  4g.o(.text)
    Connect_MQTT_aliyunStudio                0x08003741   Thumb Code   546  4g.o(.text)
    SendData_aliyunStudio                    0x08003963   Thumb Code   888  4g.o(.text)
    LCD_BGR2RGB                              0x08003d19   Thumb Code    18  gui.o(.text)
    Gui_Circle                               0x08003d2b   Thumb Code   346  gui.o(.text)
    Gui_DrawLine                             0x08003e85   Thumb Code   178  gui.o(.text)
    Gui_box                                  0x08003f37   Thumb Code   126  gui.o(.text)
    Gui_box2                                 0x08003fb5   Thumb Code   272  gui.o(.text)
    DisplayButtonDown                        0x080040c5   Thumb Code   122  gui.o(.text)
    DisplayButtonUp                          0x0800413f   Thumb Code   126  gui.o(.text)
    Gui_DrawFont_GBK16                       0x080041bd   Thumb Code   342  gui.o(.text)
    Gui_DrawFont_GBK24                       0x08004313   Thumb Code   398  gui.o(.text)
    Gui_DrawFont_Num32                       0x080044a1   Thumb Code   126  gui.o(.text)
    LCD_GPIO_Init                            0x08004531   Thumb Code    96  lcd_driver.o(.text)
    SPI_WriteData                            0x08004591   Thumb Code    42  lcd_driver.o(.text)
    Lcd_WriteIndex                           0x080045bb   Thumb Code    24  lcd_driver.o(.text)
    Lcd_WriteData                            0x080045d3   Thumb Code    24  lcd_driver.o(.text)
    LCD_WriteData_16Bit                      0x080045eb   Thumb Code    34  lcd_driver.o(.text)
    Lcd_WriteReg                             0x0800460d   Thumb Code    16  lcd_driver.o(.text)
    Lcd_Reset                                0x0800461d   Thumb Code    32  lcd_driver.o(.text)
    Lcd_Init                                 0x0800463d   Thumb Code   546  lcd_driver.o(.text)
    Lcd_SetRegion                            0x0800485f   Thumb Code    86  lcd_driver.o(.text)
    Lcd_SetXY                                0x080048b5   Thumb Code     6  lcd_driver.o(.text)
    Gui_DrawPoint                            0x080048bb   Thumb Code    24  lcd_driver.o(.text)
    Lcd_ReadPoint                            0x080048d3   Thumb Code    16  lcd_driver.o(.text)
    Lcd_Clear                                0x080048e3   Thumb Code    46  lcd_driver.o(.text)
    Redraw_Mainmenu                          0x0800491d   Thumb Code   146  qdtft_demo.o(.text)
    Num_Test                                 0x080049af   Thumb Code   108  qdtft_demo.o(.text)
    Font_Test                                0x08004a1b   Thumb Code    58  qdtft_demo.o(.text)
    Display_Menu                             0x08004a55   Thumb Code    24  qdtft_demo.o(.text)
    Color_Test                               0x08004a6d   Thumb Code    88  qdtft_demo.o(.text)
    showimage                                0x08004ac5   Thumb Code   106  qdtft_demo.o(.text)
    RS485_Init                               0x08004be5   Thumb Code   218  rs485.o(.text)
    UART4_IRQHandler                         0x08004cbf   Thumb Code   162  rs485.o(.text)
    Crc_Count                                0x08004d61   Thumb Code    48  rs485.o(.text)
    printDeviceDataInHex                     0x08004d91   Thumb Code    40  rs485.o(.text)
    u4_printf                                0x08004db9   Thumb Code   100  rs485.o(.text)
    USART_Transmit                           0x08004e1d   Thumb Code    66  rs485.o(.text)
    RS485_SendStr                            0x08004e5f   Thumb Code    26  rs485.o(.text)
    USART_Transmit1                          0x08004e79   Thumb Code    50  rs485.o(.text)
    DHT11_Init                               0x08004f35   Thumb Code    20  dht11.o(.text)
    DHT11_Read_TempAndHumidity               0x08004fe5   Thumb Code   156  dht11.o(.text)
    Adc_Init                                 0x08005089   Thumb Code   126  adc.o(.text)
    Get_Adc                                  0x08005107   Thumb Code    46  adc.o(.text)
    Get_Adc_Average                          0x08005135   Thumb Code    46  adc.o(.text)
    delay_init                               0x0800516d   Thumb Code    46  delay.o(.text)
    delay_us                                 0x0800519b   Thumb Code    46  delay.o(.text)
    delay_ms                                 0x080051c9   Thumb Code    46  delay.o(.text)
    NVIC_Configuration                       0x08005205   Thumb Code     8  sys.o(.text)
    _sys_exit                                0x0800520d   Thumb Code     2  usart.o(.text)
    fputc                                    0x0800520f   Thumb Code    18  usart.o(.text)
    UART1_send_byte                          0x08005221   Thumb Code    36  usart.o(.text)
    UART2_send_byte                          0x08005245   Thumb Code    36  usart.o(.text)
    UART3_send_byte                          0x08005269   Thumb Code    36  usart.o(.text)
    uart_init                                0x0800528d   Thumb Code   168  usart.o(.text)
    uart2_init                               0x08005335   Thumb Code   158  usart.o(.text)
    uart3_init                               0x080053d3   Thumb Code   162  usart.o(.text)
    Uart1_SendStr                            0x08005475   Thumb Code    26  usart.o(.text)
    Uart2_SendStr                            0x0800548f   Thumb Code    30  usart.o(.text)
    Uart3_SendStr                            0x080054ad   Thumb Code    26  usart.o(.text)
    Clear_Buffer_UART1                       0x080054c7   Thumb Code    28  usart.o(.text)
    UART1_receive_process_event              0x080054e3   Thumb Code    30  usart.o(.text)
    USART1_IRQHandler                        0x08005501   Thumb Code    66  usart.o(.text)
    ec200x_receive_process_event             0x08005543   Thumb Code    30  usart.o(.text)
    USART2_IRQHandler                        0x08005561   Thumb Code    78  usart.o(.text)
    USART3_IRQHandler                        0x080055af   Thumb Code    44  usart.o(.text)
    __aeabi_memset                           0x08005605   Thumb Code    14  memseta.o(.text)
    __aeabi_memset4                          0x08005605   Thumb Code     0  memseta.o(.text)
    __aeabi_memset8                          0x08005605   Thumb Code     0  memseta.o(.text)
    __aeabi_memclr                           0x08005613   Thumb Code     4  memseta.o(.text)
    __aeabi_memclr4                          0x08005613   Thumb Code     0  memseta.o(.text)
    __aeabi_memclr8                          0x08005613   Thumb Code     0  memseta.o(.text)
    _memset$wrapper                          0x08005617   Thumb Code    18  memseta.o(.text)
    strcat                                   0x08005629   Thumb Code    24  strcat.o(.text)
    strstr                                   0x08005641   Thumb Code    36  strstr.o(.text)
    strncpy                                  0x08005665   Thumb Code    24  strncpy.o(.text)
    strlen                                   0x0800567d   Thumb Code    14  strlen.o(.text)
    __aeabi_fadd                             0x0800568b   Thumb Code   164  fadd.o(.text)
    __aeabi_fsub                             0x0800572f   Thumb Code     6  fadd.o(.text)
    __aeabi_frsub                            0x08005735   Thumb Code     6  fadd.o(.text)
    __aeabi_fmul                             0x0800573b   Thumb Code   100  fmul.o(.text)
    __aeabi_fdiv                             0x0800579f   Thumb Code   124  fdiv.o(.text)
    __aeabi_dadd                             0x0800581b   Thumb Code   322  dadd.o(.text)
    __aeabi_dsub                             0x0800595d   Thumb Code     6  dadd.o(.text)
    __aeabi_drsub                            0x08005963   Thumb Code     6  dadd.o(.text)
    __aeabi_dmul                             0x08005969   Thumb Code   228  dmul.o(.text)
    __aeabi_ddiv                             0x08005a4d   Thumb Code   222  ddiv.o(.text)
    __ARM_scalbn                             0x08005b2b   Thumb Code    46  dscalb.o(.text)
    scalbn                                   0x08005b2b   Thumb Code     0  dscalb.o(.text)
    __aeabi_i2f                              0x08005b59   Thumb Code    18  fflti.o(.text)
    __aeabi_i2d                              0x08005b6b   Thumb Code    34  dflti.o(.text)
    __aeabi_ui2d                             0x08005b8d   Thumb Code    26  dfltui.o(.text)
    __aeabi_d2iz                             0x08005ba7   Thumb Code    62  dfixi.o(.text)
    __aeabi_d2uiz                            0x08005be5   Thumb Code    50  dfixui.o(.text)
    __aeabi_f2d                              0x08005c17   Thumb Code    38  f2d.o(.text)
    __aeabi_d2f                              0x08005c3d   Thumb Code    56  d2f.o(.text)
    __aeabi_uidiv                            0x08005c75   Thumb Code     0  uidiv.o(.text)
    __aeabi_uidivmod                         0x08005c75   Thumb Code    44  uidiv.o(.text)
    __aeabi_uldivmod                         0x08005ca1   Thumb Code    98  uldiv.o(.text)
    __aeabi_llsl                             0x08005d03   Thumb Code    30  llshl.o(.text)
    _ll_shift_l                              0x08005d03   Thumb Code     0  llshl.o(.text)
    __aeabi_llsr                             0x08005d21   Thumb Code    32  llushr.o(.text)
    _ll_ushift_r                             0x08005d21   Thumb Code     0  llushr.o(.text)
    __aeabi_lasr                             0x08005d41   Thumb Code    36  llsshr.o(.text)
    _ll_sshift_r                             0x08005d41   Thumb Code     0  llsshr.o(.text)
    __I$use$fp                               0x08005d65   Thumb Code     0  iusefp.o(.text)
    _float_round                             0x08005d65   Thumb Code    18  fepilogue.o(.text)
    _float_epilogue                          0x08005d77   Thumb Code    92  fepilogue.o(.text)
    _double_round                            0x08005dd3   Thumb Code    30  depilogue.o(.text)
    _double_epilogue                         0x08005df1   Thumb Code   156  depilogue.o(.text)
    _dsqrt                                   0x08005e8d   Thumb Code   162  dsqrt.o(.text)
    __aeabi_d2ulz                            0x08005f2f   Thumb Code    48  dfixul.o(.text)
    __aeabi_cdrcmple                         0x08005f61   Thumb Code    48  cdrcmple.o(.text)
    __scatterload                            0x08005f91   Thumb Code    28  init.o(.text)
    __scatterload_rt2                        0x08005f91   Thumb Code     0  init.o(.text)
    __0printf                                0x08005fb5   Thumb Code    22  printfa.o(i.__0printf)
    __1printf                                0x08005fb5   Thumb Code     0  printfa.o(i.__0printf)
    __2printf                                0x08005fb5   Thumb Code     0  printfa.o(i.__0printf)
    __c89printf                              0x08005fb5   Thumb Code     0  printfa.o(i.__0printf)
    printf                                   0x08005fb5   Thumb Code     0  printfa.o(i.__0printf)
    __0sprintf                               0x08005fd5   Thumb Code    34  printfa.o(i.__0sprintf)
    __1sprintf                               0x08005fd5   Thumb Code     0  printfa.o(i.__0sprintf)
    __2sprintf                               0x08005fd5   Thumb Code     0  printfa.o(i.__0sprintf)
    __c89sprintf                             0x08005fd5   Thumb Code     0  printfa.o(i.__0sprintf)
    sprintf                                  0x08005fd5   Thumb Code     0  printfa.o(i.__0sprintf)
    __0vsprintf                              0x08005ffd   Thumb Code    30  printfa.o(i.__0vsprintf)
    __1vsprintf                              0x08005ffd   Thumb Code     0  printfa.o(i.__0vsprintf)
    __2vsprintf                              0x08005ffd   Thumb Code     0  printfa.o(i.__0vsprintf)
    __c89vsprintf                            0x08005ffd   Thumb Code     0  printfa.o(i.__0vsprintf)
    vsprintf                                 0x08005ffd   Thumb Code     0  printfa.o(i.__0vsprintf)
    __ARM_fpclassify                         0x08006021   Thumb Code    40  fpclassify.o(i.__ARM_fpclassify)
    __ieee754_rem_pio2                       0x08006049   Thumb Code   828  rred.o(i.__ieee754_rem_pio2)
    __kernel_cos                             0x080063d1   Thumb Code   230  cos_i.o(i.__kernel_cos)
    __kernel_poly                            0x080064cd   Thumb Code   170  poly.o(i.__kernel_poly)
    __kernel_sin                             0x08006579   Thumb Code   224  sin_i.o(i.__kernel_sin)
    __mathlib_dbl_infnan                     0x08006665   Thumb Code     6  dunder.o(i.__mathlib_dbl_infnan)
    __mathlib_dbl_invalid                    0x0800666b   Thumb Code    12  dunder.o(i.__mathlib_dbl_invalid)
    __mathlib_dbl_underflow                  0x08006679   Thumb Code    10  dunder.o(i.__mathlib_dbl_underflow)
    __scatterload_copy                       0x08006689   Thumb Code    14  handlers.o(i.__scatterload_copy)
    __scatterload_null                       0x08006697   Thumb Code     2  handlers.o(i.__scatterload_null)
    __scatterload_zeroinit                   0x08006699   Thumb Code    14  handlers.o(i.__scatterload_zeroinit)
    __set_errno                              0x080066a9   Thumb Code     6  errno.o(i.__set_errno)
    cos                                      0x08006f71   Thumb Code   148  cos.o(i.cos)
    sin                                      0x0800700d   Thumb Code   150  sin.o(i.sin)
    sqrt                                     0x080070ad   Thumb Code    76  sqrt.o(i.sqrt)
    gImage_qq                                0x080070f8   Data        3200  main.o(.constdata)
    asc16                                    0x08007d78   Data        1521  gui.o(.constdata)
    sz32                                     0x08008369   Data        1921  gui.o(.constdata)
    hz16                                     0x08008aea   Data        2516  gui.o(.constdata)
    hz24                                     0x080094be   Data        1406  gui.o(.constdata)
    Region$$Table$$Base                      0x08009cc8   Number         0  anon$$obj.o(Region$$Table)
    Region$$Table$$Limit                     0x08009ce8   Number         0  anon$$obj.o(Region$$Table)
    SystemCoreClock                          0x20000000   Data           4  system_stm32f10x.o(.data)
    AHBPrescTable                            0x20000004   Data          16  system_stm32f10x.o(.data)
    time3_5s                                 0x20000028   Data           4  timer.o(.data)
    errcount                                 0x20000030   Data           4  4g.o(.data)
    strx                                     0x20000034   Data           4  4g.o(.data)
    lng_r                                    0x20000038   Data           8  4g.o(.data)
    lat_r                                    0x20000040   Data           8  4g.o(.data)
    tran_lng                                 0x20000048   Data           8  4g.o(.data)
    tran_lat                                 0x20000050   Data           8  4g.o(.data)
    dlat                                     0x20000058   Data           8  4g.o(.data)
    dlng                                     0x20000060   Data           8  4g.o(.data)
    radlat                                   0x20000068   Data           8  4g.o(.data)
    magic                                    0x20000070   Data           8  4g.o(.data)
    sqrtmagic                                0x20000078   Data           8  4g.o(.data)
    mglat                                    0x20000080   Data           8  4g.o(.data)
    mglng                                    0x20000088   Data           8  4g.o(.data)
    Num                                      0x20000090   Data          10  qdtft_demo.o(.data)
    dataReady                                0x200000a0   Data           1  rs485.o(.data)
    UART4_RX_Index                           0x200000a1   Data           1  rs485.o(.data)
    value_shiji                              0x200000a2   Data           2  rs485.o(.data)
    value_yuanshi                            0x200000a4   Data           4  rs485.o(.data)
    value_xishu                              0x200000a8   Data           8  rs485.o(.data)
    value_yuliang                            0x200000b0   Data           8  rs485.o(.data)
    last_value                               0x200000b8   Data           2  rs485.o(.data)
    DHT11_Data                               0x200000ba   Data           5  dht11.o(.data)
    __stdout                                 0x200000c4   Data           4  usart.o(.data)
    ATSTR                                    0x200000cc   Data         512  4g.o(.bss)
    GPRMCSTR                                 0x200002cc   Data         128  4g.o(.bss)
    GPRMCSTRLON                              0x2000034c   Data          64  4g.o(.bss)
    GPRMCSTRLAT                              0x2000038c   Data          64  4g.o(.bss)
    IMEINUMBER                               0x200003cc   Data          64  4g.o(.bss)
    latdata                                  0x2000040c   Data          84  4g.o(.bss)
    latStrAF                                 0x20000460   Data          64  4g.o(.bss)
    lonStrAF                                 0x200004a0   Data          64  4g.o(.bss)
    UART4_RX_BUF                             0x200004e0   Data           9  rs485.o(.bss)
    buf_uart1                                0x200004ec   Data         520  usart.o(.bss)
    buf_uart2                                0x200006f4   Data         520  usart.o(.bss)
    buf_uart3                                0x200008fc   Data         520  usart.o(.bss)
    __initial_sp                             0x20000f08   Data           0  startup_stm32f10x_hd.o(STACK)



==============================================================================

Memory Map of the image

  Image Entry point : 0x08000131

  Load Region LR_IROM1 (Base: 0x08000000, Size: 0x00009db4, Max: 0x00080000, ABSOLUTE)

    Execution Region ER_IROM1 (Exec base: 0x08000000, Load base: 0x08000000, Size: 0x00009ce8, Max: 0x00080000, ABSOLUTE)

    Exec Addr    Load Addr    Size         Type   Attr      Idx    E Section Name        Object

    0x08000000   0x08000000   0x00000130   Data   RO          509    RESET               startup_stm32f10x_hd.o
    0x08000130   0x08000130   0x00000000   Code   RO          767  * .ARM.Collect$$$$00000000  mc_w.l(entry.o)
    0x08000130   0x08000130   0x00000004   Code   RO         1097    .ARM.Collect$$$$00000001  mc_w.l(entry2.o)
    0x08000134   0x08000134   0x00000004   Code   RO         1100    .ARM.Collect$$$$00000004  mc_w.l(entry5.o)
    0x08000138   0x08000138   0x00000000   Code   RO         1102    .ARM.Collect$$$$00000008  mc_w.l(entry7b.o)
    0x08000138   0x08000138   0x00000000   Code   RO         1104    .ARM.Collect$$$$0000000A  mc_w.l(entry8b.o)
    0x08000138   0x08000138   0x00000008   Code   RO         1105    .ARM.Collect$$$$0000000B  mc_w.l(entry9a.o)
    0x08000140   0x08000140   0x00000000   Code   RO         1107    .ARM.Collect$$$$0000000D  mc_w.l(entry10a.o)
    0x08000140   0x08000140   0x00000000   Code   RO         1109    .ARM.Collect$$$$0000000F  mc_w.l(entry11a.o)
    0x08000140   0x08000140   0x00000004   Code   RO         1098    .ARM.Collect$$$$00002712  mc_w.l(entry2.o)
    0x08000144   0x08000144   0x00000280   Code   RO            1    .text               main.o
    0x080003c4   0x080003c4   0x00000012   Code   RO          120    .text               stm32f10x_it.o
    0x080003d6   0x080003d6   0x00000002   PAD
    0x080003d8   0x080003d8   0x000001dc   Code   RO          158    .text               system_stm32f10x.o
    0x080005b4   0x080005b4   0x000000b8   Code   RO          176    .text               misc.o
    0x0800066c   0x0800066c   0x00000388   Code   RO          188    .text               stm32f10x_adc.o
    0x080009f4   0x080009f4   0x000004a4   Code   RO          317    .text               stm32f10x_flash.o
    0x08000e98   0x08000e98   0x00000298   Code   RO          341    .text               stm32f10x_gpio.o
    0x08001130   0x08001130   0x0000003c   Code   RO          368    .text               stm32f10x_iwdg.o
    0x0800116c   0x0800116c   0x000002f4   Code   RO          398    .text               stm32f10x_rcc.o
    0x08001460   0x08001460   0x00000c2a   Code   RO          457    .text               stm32f10x_tim.o
    0x0800208a   0x0800208a   0x00000002   PAD
    0x0800208c   0x0800208c   0x0000039c   Code   RO          469    .text               stm32f10x_usart.o
    0x08002428   0x08002428   0x00000024   Code   RO          510    .text               startup_stm32f10x_hd.o
    0x0800244c   0x0800244c   0x000000c4   Code   RO          514    .text               led.o
    0x08002510   0x08002510   0x00000028   Code   RO          526    .text               wdg.o
    0x08002538   0x08002538   0x000000f4   Code   RO          538    .text               timer.o
    0x0800262c   0x0800262c   0x000016ec   Code   RO          557    .text               4g.o
    0x08003d18   0x08003d18   0x00000818   Code   RO          587    .text               gui.o
    0x08004530   0x08004530   0x000003ec   Code   RO          605    .text               lcd_driver.o
    0x0800491c   0x0800491c   0x000002c8   Code   RO          620    .text               qdtft_demo.o
    0x08004be4   0x08004be4   0x00000328   Code   RO          635    .text               rs485.o
    0x08004f0c   0x08004f0c   0x0000017c   Code   RO          664    .text               dht11.o
    0x08005088   0x08005088   0x000000e4   Code   RO          682    .text               adc.o
    0x0800516c   0x0800516c   0x00000098   Code   RO          694    .text               delay.o
    0x08005204   0x08005204   0x00000008   Code   RO          708    .text               sys.o
    0x0800520c   0x0800520c   0x000003f8   Code   RO          720    .text               usart.o
    0x08005604   0x08005604   0x00000024   Code   RO          770    .text               mc_w.l(memseta.o)
    0x08005628   0x08005628   0x00000018   Code   RO          772    .text               mc_w.l(strcat.o)
    0x08005640   0x08005640   0x00000024   Code   RO          774    .text               mc_w.l(strstr.o)
    0x08005664   0x08005664   0x00000018   Code   RO          776    .text               mc_w.l(strncpy.o)
    0x0800567c   0x0800567c   0x0000000e   Code   RO          778    .text               mc_w.l(strlen.o)
    0x0800568a   0x0800568a   0x000000b0   Code   RO         1041    .text               mf_w.l(fadd.o)
    0x0800573a   0x0800573a   0x00000064   Code   RO         1043    .text               mf_w.l(fmul.o)
    0x0800579e   0x0800579e   0x0000007c   Code   RO         1045    .text               mf_w.l(fdiv.o)
    0x0800581a   0x0800581a   0x0000014e   Code   RO         1047    .text               mf_w.l(dadd.o)
    0x08005968   0x08005968   0x000000e4   Code   RO         1049    .text               mf_w.l(dmul.o)
    0x08005a4c   0x08005a4c   0x000000de   Code   RO         1051    .text               mf_w.l(ddiv.o)
    0x08005b2a   0x08005b2a   0x0000002e   Code   RO         1053    .text               mf_w.l(dscalb.o)
    0x08005b58   0x08005b58   0x00000012   Code   RO         1055    .text               mf_w.l(fflti.o)
    0x08005b6a   0x08005b6a   0x00000022   Code   RO         1057    .text               mf_w.l(dflti.o)
    0x08005b8c   0x08005b8c   0x0000001a   Code   RO         1059    .text               mf_w.l(dfltui.o)
    0x08005ba6   0x08005ba6   0x0000003e   Code   RO         1061    .text               mf_w.l(dfixi.o)
    0x08005be4   0x08005be4   0x00000032   Code   RO         1063    .text               mf_w.l(dfixui.o)
    0x08005c16   0x08005c16   0x00000026   Code   RO         1065    .text               mf_w.l(f2d.o)
    0x08005c3c   0x08005c3c   0x00000038   Code   RO         1067    .text               mf_w.l(d2f.o)
    0x08005c74   0x08005c74   0x0000002c   Code   RO         1111    .text               mc_w.l(uidiv.o)
    0x08005ca0   0x08005ca0   0x00000062   Code   RO         1113    .text               mc_w.l(uldiv.o)
    0x08005d02   0x08005d02   0x0000001e   Code   RO         1115    .text               mc_w.l(llshl.o)
    0x08005d20   0x08005d20   0x00000020   Code   RO         1117    .text               mc_w.l(llushr.o)
    0x08005d40   0x08005d40   0x00000024   Code   RO         1119    .text               mc_w.l(llsshr.o)
    0x08005d64   0x08005d64   0x00000000   Code   RO         1128    .text               mc_w.l(iusefp.o)
    0x08005d64   0x08005d64   0x0000006e   Code   RO         1129    .text               mf_w.l(fepilogue.o)
    0x08005dd2   0x08005dd2   0x000000ba   Code   RO         1131    .text               mf_w.l(depilogue.o)
    0x08005e8c   0x08005e8c   0x000000a2   Code   RO         1133    .text               mf_w.l(dsqrt.o)
    0x08005f2e   0x08005f2e   0x00000030   Code   RO         1135    .text               mf_w.l(dfixul.o)
    0x08005f5e   0x08005f5e   0x00000002   PAD
    0x08005f60   0x08005f60   0x00000030   Code   RO         1139    .text               mf_w.l(cdrcmple.o)
    0x08005f90   0x08005f90   0x00000024   Code   RO         1145    .text               mc_w.l(init.o)
    0x08005fb4   0x08005fb4   0x00000020   Code   RO         1013    i.__0printf         mc_w.l(printfa.o)
    0x08005fd4   0x08005fd4   0x00000028   Code   RO         1015    i.__0sprintf        mc_w.l(printfa.o)
    0x08005ffc   0x08005ffc   0x00000024   Code   RO         1019    i.__0vsprintf       mc_w.l(printfa.o)
    0x08006020   0x08006020   0x00000028   Code   RO         1141    i.__ARM_fpclassify  m_ws.l(fpclassify.o)
    0x08006048   0x08006048   0x00000388   Code   RO         1086    i.__ieee754_rem_pio2  m_ws.l(rred.o)
    0x080063d0   0x080063d0   0x000000fc   Code   RO         1069    i.__kernel_cos      m_ws.l(cos_i.o)
    0x080064cc   0x080064cc   0x000000aa   Code   RO         1143    i.__kernel_poly     m_ws.l(poly.o)
    0x08006576   0x08006576   0x00000002   PAD
    0x08006578   0x08006578   0x000000ec   Code   RO         1091    i.__kernel_sin      m_ws.l(sin_i.o)
    0x08006664   0x08006664   0x00000006   Code   RO         1073    i.__mathlib_dbl_infnan  m_ws.l(dunder.o)
    0x0800666a   0x0800666a   0x0000000c   Code   RO         1075    i.__mathlib_dbl_invalid  m_ws.l(dunder.o)
    0x08006676   0x08006676   0x00000002   PAD
    0x08006678   0x08006678   0x00000010   Code   RO         1078    i.__mathlib_dbl_underflow  m_ws.l(dunder.o)
    0x08006688   0x08006688   0x0000000e   Code   RO         1149    i.__scatterload_copy  mc_w.l(handlers.o)
    0x08006696   0x08006696   0x00000002   Code   RO         1150    i.__scatterload_null  mc_w.l(handlers.o)
    0x08006698   0x08006698   0x0000000e   Code   RO         1151    i.__scatterload_zeroinit  mc_w.l(handlers.o)
    0x080066a6   0x080066a6   0x00000002   PAD
    0x080066a8   0x080066a8   0x0000000c   Code   RO         1123    i.__set_errno       mc_w.l(errno.o)
    0x080066b4   0x080066b4   0x00000184   Code   RO         1020    i._fp_digits        mc_w.l(printfa.o)
    0x08006838   0x08006838   0x000006dc   Code   RO         1021    i._printf_core      mc_w.l(printfa.o)
    0x08006f14   0x08006f14   0x00000024   Code   RO         1022    i._printf_post_padding  mc_w.l(printfa.o)
    0x08006f38   0x08006f38   0x0000002e   Code   RO         1023    i._printf_pre_padding  mc_w.l(printfa.o)
    0x08006f66   0x08006f66   0x0000000a   Code   RO         1025    i._sputc            mc_w.l(printfa.o)
    0x08006f70   0x08006f70   0x0000009c   Code   RO          744    i.cos               m_ws.l(cos.o)
    0x0800700c   0x0800700c   0x000000a0   Code   RO          752    i.sin               m_ws.l(sin.o)
    0x080070ac   0x080070ac   0x0000004c   Code   RO          760    i.sqrt              m_ws.l(sqrt.o)
    0x080070f8   0x080070f8   0x00000c80   Data   RO            2    .constdata          main.o
    0x08007d78   0x08007d78   0x00001cc4   Data   RO          588    .constdata          gui.o
    0x08009a3c   0x08009a3c   0x00000004   PAD
    0x08009a40   0x08009a40   0x00000030   Data   RO         1070    .constdata          m_ws.l(cos_i.o)
    0x08009a70   0x08009a70   0x000000c8   Data   RO         1088    .constdata          m_ws.l(rred.o)
    0x08009b38   0x08009b38   0x00000028   Data   RO         1092    .constdata          m_ws.l(sin_i.o)
    0x08009b60   0x08009b60   0x00000068   Data   RO            3    .conststring        main.o
    0x08009bc8   0x08009bc8   0x000000fd   Data   RO          564    .conststring        4g.o
    0x08009cc5   0x08009cc5   0x00000003   PAD
    0x08009cc8   0x08009cc8   0x00000020   Data   RO         1147    Region$$Table       anon$$obj.o


    Execution Region RW_IRAM1 (Exec base: 0x20000000, Load base: 0x08009ce8, Size: 0x00000f08, Max: 0x00010000, ABSOLUTE)

    Exec Addr    Load Addr    Size         Type   Attr      Idx    E Section Name        Object

    0x20000000   0x08009ce8   0x00000014   Data   RW          159    .data               system_stm32f10x.o
    0x20000014   0x08009cfc   0x00000014   Data   RW          399    .data               stm32f10x_rcc.o
    0x20000028   0x08009d10   0x00000004   Data   RW          539    .data               timer.o
    0x2000002c   0x08009d14   0x00000004   PAD
    0x20000030   0x08009d18   0x00000060   Data   RW          565    .data               4g.o
    0x20000090   0x08009d78   0x0000000a   Data   RW          621    .data               qdtft_demo.o
    0x2000009a   0x08009d82   0x00000006   PAD
    0x200000a0   0x08009d88   0x00000018   Data   RW          638    .data               rs485.o
    0x200000b8   0x08009da0   0x00000002   Data   RW          640    .data               rs485.o
    0x200000ba   0x08009da2   0x00000005   Data   RW          665    .data               dht11.o
    0x200000bf   0x08009da7   0x00000001   PAD
    0x200000c0   0x08009da8   0x00000004   Data   RW          695    .data               delay.o
    0x200000c4   0x08009dac   0x00000004   Data   RW          722    .data               usart.o
    0x200000c8   0x08009db0   0x00000004   Data   RW         1124    .data               mc_w.l(errno.o)
    0x200000cc        -       0x00000414   Zero   RW          559    .bss                4g.o
    0x200004e0        -       0x00000009   Zero   RW          636    .bss                rs485.o
    0x200004e9   0x08009db4   0x00000003   PAD
    0x200004ec        -       0x00000618   Zero   RW          721    .bss                usart.o
    0x20000b04   0x08009db4   0x00000004   PAD
    0x20000b08        -       0x00000400   Zero   RW          507    STACK               startup_stm32f10x_hd.o


==============================================================================

Image component sizes


      Code (inc. data)   RO Data    RW Data    ZI Data      Debug   Object Name

      5868       1656        253         96       1044      22781   4g.o
       228         10          0          0          0       1163   adc.o
         0          0          0          0          0         32   core_cm3.o
       152         14          0          4          0       1155   delay.o
       380          8          0          5          0       2773   dht11.o
      2072         18       7364          0          0       6993   gui.o
      1004         12          0          0          0       3477   lcd_driver.o
       196         12          0          0          0        899   led.o
       640        196       3304          0          0     270651   main.o
       184         12          0          0          0       2065   misc.o
       712        182          0         10          0       2321   qdtft_demo.o
       808         98          0         26          9       4685   rs485.o
        36          8        304          0       1024        820   startup_stm32f10x_hd.o
       904         24          0          0          0      11961   stm32f10x_adc.o
      1188         22          0          0          0       9206   stm32f10x_flash.o
       664         36          0          0          0       6353   stm32f10x_gpio.o
        18          0          0          0          0       1222   stm32f10x_it.o
        60          6          0          0          0       1369   stm32f10x_iwdg.o
       756         32          0         20          0       9544   stm32f10x_rcc.o
      3114         84          0          0          0      25244   stm32f10x_tim.o
       924         20          0          0          0       9308   stm32f10x_usart.o
         8          0          0          0          0        485   sys.o
       476         32          0         20          0       2229   system_stm32f10x.o
       244         16          0          4          0       1477   timer.o
      1016         42          0          4       1560       6954   usart.o
        40          0          0          0          0        762   wdg.o

    ----------------------------------------------------------------------
     21696       2540      11264        200       3644     405929   Object Totals
         0          0         32          0          0          0   (incl. Generated)
         4          0          7         11          7          0   (incl. Padding)

    ----------------------------------------------------------------------

      Code (inc. data)   RO Data    RW Data    ZI Data      Debug   Library Member Name

       156          8          0          0          0        104   cos.o
       252         22         48          0          0        124   cos_i.o
        34          6          0          0          0        204   dunder.o
        40          0          0          0          0         68   fpclassify.o
       170          0          0          0          0         96   poly.o
       904         76        200          0          0        140   rred.o
       160         10          0          0          0        108   sin.o
       236         12         40          0          0        128   sin_i.o
        76          0          0          0          0         84   sqrt.o
         0          0          0          0          0          0   entry.o
         0          0          0          0          0          0   entry10a.o
         0          0          0          0          0          0   entry11a.o
         8          4          0          0          0          0   entry2.o
         4          0          0          0          0          0   entry5.o
         0          0          0          0          0          0   entry7b.o
         0          0          0          0          0          0   entry8b.o
         8          4          0          0          0          0   entry9a.o
        12          6          0          4          0         68   errno.o
        30          0          0          0          0          0   handlers.o
        36          8          0          0          0         68   init.o
         0          0          0          0          0          0   iusefp.o
        30          0          0          0          0         68   llshl.o
        36          0          0          0          0         68   llsshr.o
        32          0          0          0          0         68   llushr.o
        36          0          0          0          0        108   memseta.o
      2344        102          0          0          0        684   printfa.o
        24          0          0          0          0         68   strcat.o
        14          0          0          0          0         68   strlen.o
        24          0          0          0          0         76   strncpy.o
        36          0          0          0          0         80   strstr.o
        44          0          0          0          0         80   uidiv.o
        98          0          0          0          0         92   uldiv.o
        48          0          0          0          0         68   cdrcmple.o
        56          0          0          0          0         88   d2f.o
       334          0          0          0          0        148   dadd.o
       222          0          0          0          0        100   ddiv.o
       186          0          0          0          0        176   depilogue.o
        62          0          0          0          0         80   dfixi.o
        50          0          0          0          0         76   dfixui.o
        48          0          0          0          0         68   dfixul.o
        34          0          0          0          0         76   dflti.o
        26          0          0          0          0         76   dfltui.o
       228          0          0          0          0         96   dmul.o
        46          0          0          0          0         80   dscalb.o
       162          0          0          0          0        100   dsqrt.o
        38          0          0          0          0         68   f2d.o
       176          0          0          0          0        140   fadd.o
       124          0          0          0          0         88   fdiv.o
       110          0          0          0          0        168   fepilogue.o
        18          0          0          0          0         68   fflti.o
       100          0          0          0          0         76   fmul.o

    ----------------------------------------------------------------------
      6920        258        288          4          0       4492   Library Totals
         8          0          0          0          0          0   (incl. Padding)

    ----------------------------------------------------------------------

      Code (inc. data)   RO Data    RW Data    ZI Data      Debug   Library Name

      2028        134        288          0          0       1056   m_ws.l
      2816        124          0          4          0       1596   mc_w.l
      2068          0          0          0          0       1840   mf_w.l

    ----------------------------------------------------------------------
      6920        258        288          4          0       4492   Library Totals

    ----------------------------------------------------------------------

==============================================================================


      Code (inc. data)   RO Data    RW Data    ZI Data      Debug   

     28616       2798      11552        204       3644     405789   Grand Totals
     28616       2798      11552        204       3644     405789   ELF Image Totals
     28616       2798      11552        204          0          0   ROM Totals

==============================================================================

    Total RO  Size (Code + RO Data)                40168 (  39.23kB)
    Total RW  Size (RW Data + ZI Data)              3848 (   3.76kB)
    Total ROM Size (Code + RO Data + RW Data)      40372 (  39.43kB)

==============================================================================

