Component: ARM Compiler 5.06 update 5 (build 528) Tool: armlink [4d35e2]

==============================================================================

Section Cross References

    main.o(.text) refers to delay.o(.text) for delay_init
    main.o(.text) refers to sys.o(.text) for NVIC_Configuration
    main.o(.text) refers to led.o(.text) for CSTX_4GCTR_Init
    main.o(.text) refers to usart.o(.text) for uart_init
    main.o(.text) refers to rs485.o(.text) for RS485_Init
    main.o(.text) refers to lcd_driver.o(.text) for Lcd_Init
    main.o(.text) refers to qdtft_demo.o(.text) for Num_Test
    main.o(.text) refers to 4g.o(.text) for Close_MQTT_aliyunStudio
    main.o(.text) refers to dht11.o(.text) for DHT11_Init
    main.o(.text) refers to adc.o(.text) for Adc_Init
    main.o(.text) refers to timer.o(.text) for TIM3_Int_Init
    main.o(.text) refers to printfa.o(i.__0sprintf) for __2sprintf
    main.o(.text) refers to printfa.o(i.__0printf) for __2printf
    main.o(.text) refers to memseta.o(.text) for __aeabi_memclr4
    main.o(.text) refers to gui.o(.text) for Gui_DrawFont_GBK16
    main.o(.text) refers to main.o(.constdata) for .constdata
    main.o(.text) refers to usart.o(.data) for value_shiji
    main.o(.text) refers to usart.o(.data) for last_value
    main.o(.text) refers to timer.o(.data) for time3_5s
    system_stm32f10x.o(.text) refers to stm32f10x_rcc.o(.text) for RCC_DeInit
    system_stm32f10x.o(.text) refers to stm32f10x_flash.o(.text) for FLASH_PrefetchBufferCmd
    system_stm32f10x.o(.text) refers to system_stm32f10x.o(.data) for .data
    stm32f10x_adc.o(.text) refers to stm32f10x_rcc.o(.text) for RCC_APB2PeriphResetCmd
    stm32f10x_bkp.o(.text) refers to stm32f10x_rcc.o(.text) for RCC_BackupResetCmd
    stm32f10x_can.o(.text) refers to stm32f10x_rcc.o(.text) for RCC_APB1PeriphResetCmd
    stm32f10x_cec.o(.text) refers to stm32f10x_rcc.o(.text) for RCC_APB1PeriphResetCmd
    stm32f10x_dac.o(.text) refers to stm32f10x_rcc.o(.text) for RCC_APB1PeriphResetCmd
    stm32f10x_gpio.o(.text) refers to stm32f10x_rcc.o(.text) for RCC_APB2PeriphResetCmd
    stm32f10x_i2c.o(.text) refers to stm32f10x_rcc.o(.text) for RCC_APB1PeriphResetCmd
    stm32f10x_pwr.o(.text) refers to stm32f10x_rcc.o(.text) for RCC_APB1PeriphResetCmd
    stm32f10x_rcc.o(.text) refers to stm32f10x_rcc.o(.data) for .data
    stm32f10x_spi.o(.text) refers to stm32f10x_rcc.o(.text) for RCC_APB2PeriphResetCmd
    stm32f10x_tim.o(.text) refers to stm32f10x_rcc.o(.text) for RCC_APB2PeriphResetCmd
    stm32f10x_usart.o(.text) refers to stm32f10x_rcc.o(.text) for RCC_APB2PeriphResetCmd
    stm32f10x_wwdg.o(.text) refers to stm32f10x_rcc.o(.text) for RCC_APB1PeriphResetCmd
    startup_stm32f10x_hd.o(RESET) refers to startup_stm32f10x_hd.o(STACK) for __initial_sp
    startup_stm32f10x_hd.o(RESET) refers to startup_stm32f10x_hd.o(.text) for Reset_Handler
    startup_stm32f10x_hd.o(RESET) refers to stm32f10x_it.o(.text) for NMI_Handler
    startup_stm32f10x_hd.o(RESET) refers to timer.o(.text) for TIM3_IRQHandler
    startup_stm32f10x_hd.o(RESET) refers to usart.o(.text) for USART1_IRQHandler
    startup_stm32f10x_hd.o(RESET) refers to rs485.o(.text) for UART4_IRQHandler
    startup_stm32f10x_hd.o(.text) refers to system_stm32f10x.o(.text) for SystemInit
    startup_stm32f10x_hd.o(.text) refers to entry.o(.ARM.Collect$$$$00000000) for __main
    led.o(.text) refers to stm32f10x_rcc.o(.text) for RCC_APB2PeriphClockCmd
    led.o(.text) refers to stm32f10x_gpio.o(.text) for GPIO_PinRemapConfig
    led.o(.text) refers to delay.o(.text) for delay_ms
    wdg.o(.text) refers to stm32f10x_iwdg.o(.text) for IWDG_WriteAccessCmd
    timer.o(.text) refers to stm32f10x_rcc.o(.text) for RCC_APB1PeriphClockCmd
    timer.o(.text) refers to stm32f10x_tim.o(.text) for TIM_TimeBaseInit
    timer.o(.text) refers to misc.o(.text) for NVIC_Init
    timer.o(.text) refers to timer.o(.data) for .data
    4g.o(.text) refers to strstr.o(.text) for strstr
    4g.o(.text) refers to gui.o(.text) for Gui_DrawFont_GBK16
    4g.o(.text) refers to memseta.o(.text) for __aeabi_memclr4
    4g.o(.text) refers to printfa.o(i.__0printf) for __c89printf
    4g.o(.text) refers to delay.o(.text) for delay_ms
    4g.o(.text) refers to usart.o(.text) for Uart2_SendStr
    4g.o(.text) refers to strncpy.o(.text) for strncpy
    4g.o(.text) refers to strcat.o(.text) for strcat
    4g.o(.text) refers to strlen.o(.text) for strlen
    4g.o(.text) refers to usart.o(.bss) for buf_uart2
    4g.o(.text) refers to 4g.o(.data) for .data
    4g.o(.text) refers to 4g.o(.bss) for .bss
    4g.o(.text) refers to fflti.o(.text) for __aeabi_i2f
    4g.o(.text) refers to fdiv.o(.text) for __aeabi_fdiv
    4g.o(.text) refers to fadd.o(.text) for __aeabi_fadd
    4g.o(.text) refers to f2d.o(.text) for __aeabi_f2d
    4g.o(.text) refers to ddiv.o(.text) for __aeabi_ddiv
    4g.o(.text) refers to dflti.o(.text) for __aeabi_i2d
    4g.o(.text) refers to dadd.o(.text) for __aeabi_dadd
[...]
    ..\STM32F10x_FWLib\src\stm32f10x_sdio.c  0x00000000   Number         0  stm32f10x_sdio.o ABSOLUTE
    ..\STM32F10x_FWLib\src\stm32f10x_spi.c   0x00000000   Number         0  stm32f10x_spi.o ABSOLUTE
    ..\STM32F10x_FWLib\src\stm32f10x_tim.c   0x00000000   Number         0  stm32f10x_tim.o ABSOLUTE
    ..\STM32F10x_FWLib\src\stm32f10x_usart.c 0x00000000   Number         0  stm32f10x_usart.o ABSOLUTE
    ..\STM32F10x_FWLib\src\stm32f10x_wwdg.c  0x00000000   Number         0  stm32f10x_wwdg.o ABSOLUTE
    ..\SYSTEM\delay\delay.c                  0x00000000   Number         0  delay.o ABSOLUTE
    ..\SYSTEM\sys\sys.c                      0x00000000   Number         0  sys.o ABSOLUTE
    ..\SYSTEM\usart\usart.c                  0x00000000   Number         0  usart.o ABSOLUTE
    ..\\CORE\\core_cm3.c                     0x00000000   Number         0  core_cm3.o ABSOLUTE
    cdcmple.s                                0x00000000   Number         0  cdcmple.o ABSOLUTE
    cdrcmple.s                               0x00000000   Number         0  cdrcmple.o ABSOLUTE
    dc.s                                     0x00000000   Number         0  dc.o ABSOLUTE
    handlers.s                               0x00000000   Number         0  handlers.o ABSOLUTE
    init.s                                   0x00000000   Number         0  init.o ABSOLUTE
    main.c                                   0x00000000   Number         0  main.o ABSOLUTE
    stm32f10x_it.c                           0x00000000   Number         0  stm32f10x_it.o ABSOLUTE
    system_stm32f10x.c                       0x00000000   Number         0  system_stm32f10x.o ABSOLUTE
    RESET                                    0x08000000   Section      304  startup_stm32f10x_hd.o(RESET)
    .ARM.Collect$$$$00000000                 0x08000130   Section        0  entry.o(.ARM.Collect$$$$00000000)
    .ARM.Collect$$$$00000001                 0x08000130   Section        4  entry2.o(.ARM.Collect$$$$00000001)
    .ARM.Collect$$$$00000004                 0x08000134   Section        4  entry5.o(.ARM.Collect$$$$00000004)
    .ARM.Collect$$$$00000008                 0x08000138   Section        0  entry7b.o(.ARM.Collect$$$$00000008)
    .ARM.Collect$$$$0000000A                 0x08000138   Section        0  entry8b.o(.ARM.Collect$$$$0000000A)
    .ARM.Collect$$$$0000000B                 0x08000138   Section        8  entry9a.o(.ARM.Collect$$$$0000000B)
    .ARM.Collect$$$$0000000D                 0x08000140   Section        0  entry10a.o(.ARM.Collect$$$$0000000D)
    .ARM.Collect$$$$0000000F                 0x08000140   Section        0  entry11a.o(.ARM.Collect$$$$0000000F)
    .ARM.Collect$$$$00002712                 0x08000140   Section        4  entry2.o(.ARM.Collect$$$$00002712)
    __lit__00000000                          0x08000140   Data           4  entry2.o(.ARM.Collect$$$$00002712)
    .text                                    0x08000144   Section        0  main.o(.text)
    .text                                    0x08000528   Section        0  stm32f10x_it.o(.text)
    .text                                    0x0800053c   Section        0  system_stm32f10x.o(.text)
    SetSysClockTo72                          0x080005a7   Thumb Code   166  system_stm32f10x.o(.text)
    SetSysClock                              0x0800064d   Thumb Code     2  system_stm32f10x.o(.text)
    .text                                    0x08000718   Section        0  misc.o(.text)
    .text                                    0x080007d0   Section        0  stm32f10x_adc.o(.text)
    .text                                    0x08000b58   Section        0  stm32f10x_flash.o(.text)
    .text                                    0x08000ffc   Section        0  stm32f10x_gpio.o(.text)
    .text                                    0x08001294   Section        0  stm32f10x_iwdg.o(.text)
    .text                                    0x080012d0   Section        0  stm32f10x_rcc.o(.text)
    .text                                    0x080015c4   Section        0  stm32f10x_tim.o(.text)
    TI4_Config                               0x08001a2d   Thumb Code   102  stm32f10x_tim.o(.text)
    TI3_Config                               0x08001aa3   Thumb Code    98  stm32f10x_tim.o(.text)
    TI2_Config                               0x08001b1d   Thumb Code   102  stm32f10x_tim.o(.text)
    TI1_Config                               0x08001b93   Thumb Code    94  stm32f10x_tim.o(.text)
    .text                                    0x080021f0   Section        0  stm32f10x_usart.o(.text)
    .text                                    0x0800258c   Section       36  startup_stm32f10x_hd.o(.text)
    .text                                    0x080025b0   Section        0  led.o(.text)
    .text                                    0x08002674   Section        0  wdg.o(.text)
    .text                                    0x0800269c   Section        0  timer.o(.text)
    .text                                    0x08002790   Section        0  4g.o(.text)
    NVIC_SystemReset                         0x08003e0b   Thumb Code    20  4g.o(.text)
    .text                                    0x08003e64   Section        0  gui.o(.text)
    .text                                    0x0800467c   Section        0  lcd_driver.o(.text)
    .text                                    0x08004a68   Section        0  qdtft_demo.o(.text)
    .text                                    0x08004d2c   Section        0  rs485.o(.text)
    _485_delay                               0x08004d2d   Thumb Code    18  rs485.o(.text)
    Delay                                    0x08004e19   Thumb Code    18  rs485.o(.text)
    .text                                    0x08005104   Section        0  dht11.o(.text)
    DHT11_GPIO_Config                        0x08005105   Thumb Code    40  dht11.o(.text)
    DHT11_Mode_IPU                           0x08005141   Thumb Code    26  dht11.o(.text)
    DHT11_Mode_Out_PP                        0x0800515b   Thumb Code    32  dht11.o(.text)
    DHT11_ReadByte                           0x0800517b   Thumb Code    98  dht11.o(.text)
    .text                                    0x08005280   Section        0  adc.o(.text)
    .text                                    0x08005364   Section        0  delay.o(.text)
    .text                                    0x080053fc   Section        0  sys.o(.text)
    .text                                    0x08005404   Section        0  usart.o(.text)
    .text                                    0x08005874   Section        0  memseta.o(.text)
    .text                                    0x08005898   Section        0  strcat.o(.text)
    .text                                    0x080058b0   Section        0  strstr.o(.text)
    .text                                    0x080058d4   Section        0  strncpy.o(.text)
    .text                                    0x080058ec   Section        0  strlen.o(.text)
    .text                                    0x080058fa   Section        0  fadd.o(.text)
    .text                                    0x080059aa   Section        0  fmul.o(.text)
    .text                                    0x08005a0e   Section        0  fdiv.o(.text)
    .text                                    0x08005a8a   Section        0  fscalb.o(.text)
    .text                                    0x08005aa2   Section        0  dadd.o(.text)
    .text                                    0x08005bf0   Section        0  dmul.o(.text)
    .text                                    0x08005cd4   Section        0  ddiv.o(.text)
    .text                                    0x08005db2   Section        0  dscalb.o(.text)
    .text                                    0x08005de0   Section        0  fflti.o(.text)
    .text                                    0x08005df2   Section        0  ffltui.o(.text)
    .text                                    0x08005dfc   Section        0  dflti.o(.text)
    .text                                    0x08005e1e   Section        0  dfltui.o(.text)
    .text                                    0x08005e38   Section        0  ffixi.o(.text)
    .text                                    0x08005e6a   Section        0  dfixi.o(.text)
    .text                                    0x08005ea8   Section        0  dfixui.o(.text)
    .text                                    0x08005eda   Section        0  f2d.o(.text)
    .text                                    0x08005f00   Section        0  d2f.o(.text)
    .text                                    0x08005f38   Section        0  uidiv.o(.text)
    .text                                    0x08005f64   Section        0  uldiv.o(.text)
    .text                                    0x08005fc6   Section        0  llshl.o(.text)
    .text                                    0x08005fe4   Section        0  llushr.o(.text)
    .text                                    0x08006004   Section        0  llsshr.o(.text)
    .text                                    0x08006028   Section        0  fepilogue.o(.text)
    .text                                    0x08006028   Section        0  iusefp.o(.text)
    .text                                    0x08006096   Section        0  depilogue.o(.text)
    .text                                    0x08006150   Section        0  dsqrt.o(.text)
    .text                                    0x080061f2   Section        0  dfixul.o(.text)
    .text                                    0x08006224   Section       48  cdrcmple.o(.text)
    .text                                    0x08006254   Section       36  init.o(.text)
    i.__0printf                              0x08006278   Section        0  printfa.o(i.__0printf)
    i.__0sprintf                             0x08006298   Section        0  printfa.o(i.__0sprintf)
    i.__ARM_fpclassify                       0x080062c0   Section        0  fpclassify.o(i.__ARM_fpclassify)
    i.__ieee754_rem_pio2                     0x080062e8   Section        0  rred.o(i.__ieee754_rem_pio2)
    i.__kernel_cos                           0x08006670   Section        0  cos_i.o(i.__kernel_cos)
    i.__kernel_poly                          0x0800676c   Section        0  poly.o(i.__kernel_poly)
    i.__kernel_sin                           0x08006818   Section        0  sin_i.o(i.__kernel_sin)
    i.__mathlib_dbl_infnan                   0x08006904   Section        0  dunder.o(i.__mathlib_dbl_infnan)
    i.__mathlib_dbl_invalid                  0x0800690a   Section        0  dunder.o(i.__mathlib_dbl_invalid)
    i.__mathlib_dbl_underflow                0x08006918   Section        0  dunder.o(i.__mathlib_dbl_underflow)
    i.__scatterload_copy                     0x08006928   Section       14  handlers.o(i.__scatterload_copy)
    i.__scatterload_null                     0x08006936   Section        2  handlers.o(i.__scatterload_null)
    i.__scatterload_zeroinit                 0x08006938   Section       14  handlers.o(i.__scatterload_zeroinit)
    i.__set_errno                            0x08006948   Section        0  errno.o(i.__set_errno)
    i._fp_digits                             0x08006954   Section        0  printfa.o(i._fp_digits)
    _fp_digits                               0x08006955   Thumb Code   366  printfa.o(i._fp_digits)
    i._printf_core                           0x08006ad8   Section        0  printfa.o(i._printf_core)
    _printf_core                             0x08006ad9   Thumb Code  1744  printfa.o(i._printf_core)
    i._printf_post_padding                   0x080071b4   Section        0  printfa.o(i._printf_post_padding)
    _printf_post_padding                     0x080071b5   Thumb Code    36  printfa.o(i._printf_post_padding)
    i._printf_pre_padding                    0x080071d8   Section        0  printfa.o(i._printf_pre_padding)
    _printf_pre_padding                      0x080071d9   Thumb Code    46  printfa.o(i._printf_pre_padding)
    i._sputc                                 0x08007206   Section        0  printfa.o(i._sputc)
    _sputc                                   0x08007207   Thumb Code    10  printfa.o(i._sputc)
    i.cos                                    0x08007210   Section        0  cos.o(i.cos)
    i.sin                                    0x080072ac   Section        0  sin.o(i.sin)
    i.sqrt                                   0x0800734c   Section        0  sqrt.o(i.sqrt)
    .constdata                               0x08007398   Section     3200  main.o(.constdata)
    .constdata                               0x08008018   Section     7364  gui.o(.constdata)
    .constdata                               0x08009ce0   Section       48  cos_i.o(.constdata)
    C                                        0x08009ce0   Data          48  cos_i.o(.constdata)
    .constdata                               0x08009d10   Section      200  rred.o(.constdata)
    pio2s                                    0x08009d10   Data          48  rred.o(.constdata)
    twooverpi                                0x08009d40   Data         152  rred.o(.constdata)
    .constdata                               0x08009dd8   Section       40  sin_i.o(.constdata)
    S                                        0x08009dd8   Data          40  sin_i.o(.constdata)
    .conststring                             0x08009e00   Section      253  4g.o(.conststring)
    .data                                    0x20000000   Section       20  system_stm32f10x.o(.data)
    .data                                    0x20000014   Section       20  stm32f10x_rcc.o(.data)
    ADCPrescTable                            0x20000014   Data           4  stm32f10x_rcc.o(.data)
    APBAHBPrescTable                         0x20000018   Data          16  stm32f10x_rcc.o(.data)
    .data                                    0x20000028   Section        4  timer.o(.data)
    .data                                    0x20000030   Section       96  4g.o(.data)
    .data                                    0x20000090   Section       10  qdtft_demo.o(.data)
    .data                                    0x2000009c   Section       40  rs485.o(.data)
    .data                                    0x200000c4   Section        5  dht11.o(.data)
    .data                                    0x200000ca   Section        4  delay.o(.data)
    fac_us                                   0x200000ca   Data           1  delay.o(.data)
    fac_ms                                   0x200000cc   Data           2  delay.o(.data)
    .data                                    0x200000d0   Section       24  usart.o(.data)
    .data                                    0x200000e8   Section        2  usart.o(.data)
    .data                                    0x200000ec   Section        4  usart.o(.data)
    .data                                    0x200000f0   Section        4  errno.o(.data)
    _errno                                   0x200000f0   Data           4  errno.o(.data)
    .bss                                     0x200000f4   Section     1044  4g.o(.bss)
    .bss                                     0x20000508   Section     1024  rs485.o(.bss)
    .bss                                     0x20000908   Section     1052  usart.o(.bss)
    STACK                                    0x20000d28   Section     1024  startup_stm32f10x_hd.o(STACK)

    Global Symbols

    Symbol Name                              Value     Ov Type        Size  Object(Section)

    BuildAttributes$$THM_ISAv4$P$D$K$B$S$PE$A:L22UL41UL21$X:L11$S22US41US21$IEEE1$IW$USESV6$~STKCKD$USESV7$~SHL$OTIME$ROPI$IEEEX$EBA8$MICROLIB$REQ8$PRES8$EABIv2 0x00000000   Number         0  anon$$obj.o ABSOLUTE
    __ARM_use_no_argv                        0x00000000   Number         0  main.o ABSOLUTE
    __use_no_errno                           0x00000000   Number         0  useno.o ABSOLUTE
    __use_no_exception_handling              0x00000000   Number         0  useno.o ABSOLUTE
    __use_no_fp                              0x00000000   Number         0  useno.o ABSOLUTE
    __use_no_heap                            0x00000000   Number         0  useno.o ABSOLUTE
    __use_no_heap_region                     0x00000000   Number         0  useno.o ABSOLUTE
    __use_no_semihosting                     0x00000000   Number         0  useno.o ABSOLUTE
    __use_no_semihosting_swi                 0x00000000   Number         0  useno.o ABSOLUTE
    __use_no_signal_handling                 0x00000000   Number         0  useno.o ABSOLUTE
    _printf_a                                0x00000000   Number         0  stubs.o ABSOLUTE
    _printf_c                                0x00000000   Number         0  stubs.o ABSOLUTE
    _printf_charcount                        0x00000000   Number         0  stubs.o ABSOLUTE
    _printf_d                                0x00000000   Number         0  stubs.o ABSOLUTE
    _printf_e                                0x00000000   Number         0  stubs.o ABSOLUTE
    _printf_f                                0x00000000   Number         0  stubs.o ABSOLUTE
    _printf_flags                            0x00000000   Number         0  stubs.o ABSOLUTE
    _printf_fp_dec                           0x00000000   Number         0  stubs.o ABSOLUTE
    _printf_fp_hex                           0x00000000   Number         0  stubs.o ABSOLUTE
    _printf_g                                0x00000000   Number         0  stubs.o ABSOLUTE
    _printf_i                                0x00000000   Number         0  stubs.o ABSOLUTE
    _printf_int_dec                          0x00000000   Number         0  stubs.o ABSOLUTE
    _printf_l                                0x00000000   Number         0  stubs.o ABSOLUTE
    _printf_lc                               0x00000000   Number         0  stubs.o ABSOLUTE
    _printf_ll                               0x00000000   Number         0  stubs.o ABSOLUTE
    _printf_lld                              0x00000000   Number         0  stubs.o ABSOLUTE
    _printf_lli                              0x00000000   Number         0  stubs.o ABSOLUTE
    _printf_llo                              0x00000000   Number         0  stubs.o ABSOLUTE
    _printf_llu                              0x00000000   Number         0  stubs.o ABSOLUTE
    _printf_llx                              0x00000000   Number         0  stubs.o ABSOLUTE
    _printf_longlong_dec                     0x00000000   Number         0  stubs.o ABSOLUTE
    _printf_longlong_hex                     0x00000000   Number         0  stubs.o ABSOLUTE
    _printf_longlong_oct                     0x00000000   Number         0  stubs.o ABSOLUTE
    _printf_ls                               0x00000000   Number         0  stubs.o ABSOLUTE
    _printf_mbtowc                           0x00000000   Number         0  stubs.o ABSOLUTE
    _printf_n                                0x00000000   Number         0  stubs.o ABSOLUTE
    _printf_o                                0x00000000   Number         0  stubs.o ABSOLUTE
    _printf_p                                0x00000000   Number         0  stubs.o ABSOLUTE
    _printf_percent                          0x00000000   Number         0  stubs.o ABSOLUTE
    _printf_pre_padding                      0x00000000   Number         0  stubs.o ABSOLUTE
    _printf_return_value                     0x00000000   Number         0  stubs.o ABSOLUTE
    _printf_s                                0x00000000   Number         0  stubs.o ABSOLUTE
    _printf_sizespec                         0x00000000   Number         0  stubs.o ABSOLUTE
    _printf_str                              0x00000000   Number         0  stubs.o ABSOLUTE
    _printf_truncate_signed                  0x00000000   Number         0  stubs.o ABSOLUTE
    _printf_truncate_unsigned                0x00000000   Number         0  stubs.o ABSOLUTE
    _printf_u                                0x00000000   Number         0  stubs.o ABSOLUTE
    _printf_wc                               0x00000000   Number         0  stubs.o ABSOLUTE
    _printf_wctomb                           0x00000000   Number         0  stubs.o ABSOLUTE
    _printf_widthprec                        0x00000000   Number         0  stubs.o ABSOLUTE
    _printf_x                                0x00000000   Number         0  stubs.o ABSOLUTE
    __cpp_initialize__aeabi_                  - Undefined Weak Reference
    __cxa_finalize                            - Undefined Weak Reference
    __decompress                              - Undefined Weak Reference
    _clock_init                               - Undefined Weak Reference
    _microlib_exit                            - Undefined Weak Reference
    __Vectors_Size                           0x00000130   Number         0  startup_stm32f10x_hd.o ABSOLUTE
    __Vectors                                0x08000000   Data           4  startup_stm32f10x_hd.o(RESET)
    __Vectors_End                            0x08000130   Data           0  startup_stm32f10x_hd.o(RESET)
    __main                                   0x08000131   Thumb Code     0  entry.o(.ARM.Collect$$$$00000000)
    _main_stk                                0x08000131   Thumb Code     0  entry2.o(.ARM.Collect$$$$00000001)
    _main_scatterload                        0x08000135   Thumb Code     0  entry5.o(.ARM.Collect$$$$00000004)
    __main_after_scatterload                 0x08000139   Thumb Code     0  entry5.o(.ARM.Collect$$$$00000004)
    _main_clock                              0x08000139   Thumb Code     0  entry7b.o(.ARM.Collect$$$$00000008)
    _main_cpp_init                           0x08000139   Thumb Code     0  entry8b.o(.ARM.Collect$$$$0000000A)
    _main_init                               0x08000139   Thumb Code     0  entry9a.o(.ARM.Collect$$$$0000000B)
    __rt_final_cpp                           0x08000141   Thumb Code     0  entry10a.o(.ARM.Collect$$$$0000000D)
    __rt_final_exit                          0x08000141   Thumb Code     0  entry11a.o(.ARM.Collect$$$$0000000F)
    main                                     0x08000145   Thumb Code   702  main.o(.text)
    NMI_Handler                              0x08000529   Thumb Code     2  stm32f10x_it.o(.text)
    HardFault_Handler                        0x0800052b   Thumb Code     2  stm32f10x_it.o(.text)
    MemManage_Handler                        0x0800052d   Thumb Code     2  stm32f10x_it.o(.text)
    BusFault_Handler                         0x0800052f   Thumb Code     2  stm32f10x_it.o(.text)
    UsageFault_Handler                       0x08000531   Thumb Code     2  stm32f10x_it.o(.text)
    SVC_Handler                              0x08000533   Thumb Code     2  stm32f10x_it.o(.text)
    DebugMon_Handler                         0x08000535   Thumb Code     2  stm32f10x_it.o(.text)
    PendSV_Handler                           0x08000537   Thumb Code     2  stm32f10x_it.o(.text)
    SysTick_Handler                          0x08000539   Thumb Code     2  stm32f10x_it.o(.text)
    RCC_Configuration                        0x0800053d   Thumb Code   106  system_stm32f10x.o(.text)
    SystemInit                               0x0800064f   Thumb Code    64  system_stm32f10x.o(.text)
    SystemCoreClockUpdate                    0x0800068f   Thumb Code   106  system_stm32f10x.o(.text)
    NVIC_PriorityGroupConfig                 0x08000719   Thumb Code    10  misc.o(.text)
    NVIC_Init                                0x08000723   Thumb Code    96  misc.o(.text)
    NVIC_SetVectorTable                      0x08000783   Thumb Code    14  misc.o(.text)
    NVIC_SystemLPConfig                      0x08000791   Thumb Code    24  misc.o(.text)
    SysTick_CLKSourceConfig                  0x080007a9   Thumb Code    28  misc.o(.text)
    ADC_DeInit                               0x080007d1   Thumb Code    88  stm32f10x_adc.o(.text)
    ADC_Init                                 0x08000829   Thumb Code    62  stm32f10x_adc.o(.text)
    ADC_StructInit                           0x08000867   Thumb Code    18  stm32f10x_adc.o(.text)
    ADC_Cmd                                  0x08000879   Thumb Code    24  stm32f10x_adc.o(.text)
    ADC_DMACmd                               0x08000891   Thumb Code    24  stm32f10x_adc.o(.text)
    ADC_ITConfig                             0x080008a9   Thumb Code    22  stm32f10x_adc.o(.text)
    ADC_ResetCalibration                     0x080008bf   Thumb Code    10  stm32f10x_adc.o(.text)
    ADC_GetResetCalibrationStatus            0x080008c9   Thumb Code    14  stm32f10x_adc.o(.text)
    ADC_StartCalibration                     0x080008d7   Thumb Code    10  stm32f10x_adc.o(.text)
    ADC_GetCalibrationStatus                 0x080008e1   Thumb Code    14  stm32f10x_adc.o(.text)
    ADC_SoftwareStartConvCmd                 0x080008ef   Thumb Code    24  stm32f10x_adc.o(.text)
    ADC_GetSoftwareStartConvStatus           0x08000907   Thumb Code    14  stm32f10x_adc.o(.text)
    ADC_DiscModeChannelCountConfig           0x08000915   Thumb Code    16  stm32f10x_adc.o(.text)
    ADC_DiscModeCmd                          0x08000925   Thumb Code    24  stm32f10x_adc.o(.text)
    ADC_RegularChannelConfig                 0x0800093d   Thumb Code   116  stm32f10x_adc.o(.text)
    ADC_ExternalTrigConvCmd                  0x080009b1   Thumb Code    24  stm32f10x_adc.o(.text)
    ADC_GetConversionValue                   0x080009c9   Thumb Code     6  stm32f10x_adc.o(.text)
    ADC_GetDualModeConversionValue           0x080009cf   Thumb Code     8  stm32f10x_adc.o(.text)
    ADC_AutoInjectedConvCmd                  0x080009d7   Thumb Code    24  stm32f10x_adc.o(.text)
    ADC_InjectedDiscModeCmd                  0x080009ef   Thumb Code    24  stm32f10x_adc.o(.text)
    ADC_ExternalTrigInjectedConvConfig       0x08000a07   Thumb Code    12  stm32f10x_adc.o(.text)
    ADC_ExternalTrigInjectedConvCmd          0x08000a13   Thumb Code    24  stm32f10x_adc.o(.text)
    ADC_SoftwareStartInjectedConvCmd         0x08000a2b   Thumb Code    24  stm32f10x_adc.o(.text)
    ADC_GetSoftwareStartInjectedConvCmdStatus 0x08000a43   Thumb Code    14  stm32f10x_adc.o(.text)
    ADC_InjectedChannelConfig                0x08000a51   Thumb Code    74  stm32f10x_adc.o(.text)
    ADC_InjectedSequencerLengthConfig        0x08000a9b   Thumb Code    16  stm32f10x_adc.o(.text)
    ADC_SetInjectedOffset                    0x08000aab   Thumb Code    16  stm32f10x_adc.o(.text)
    ADC_GetInjectedConversionValue           0x08000abb   Thumb Code    20  stm32f10x_adc.o(.text)
    ADC_AnalogWatchdogCmd                    0x08000acf   Thumb Code    12  stm32f10x_adc.o(.text)
    ADC_AnalogWatchdogThresholdsConfig       0x08000adb   Thumb Code     6  stm32f10x_adc.o(.text)
    ADC_AnalogWatchdogSingleChannelConfig    0x08000ae1   Thumb Code    12  stm32f10x_adc.o(.text)
    ADC_TempSensorVrefintCmd                 0x08000aed   Thumb Code    28  stm32f10x_adc.o(.text)
    ADC_GetFlagStatus                        0x08000b09   Thumb Code    14  stm32f10x_adc.o(.text)
    ADC_ClearFlag                            0x08000b17   Thumb Code     6  stm32f10x_adc.o(.text)
    ADC_GetITStatus                          0x08000b1d   Thumb Code    28  stm32f10x_adc.o(.text)
    ADC_ClearITPendingBit                    0x08000b39   Thumb Code     8  stm32f10x_adc.o(.text)
    FLASH_SetLatency                         0x08000b59   Thumb Code    14  stm32f10x_flash.o(.text)
    FLASH_HalfCycleAccessCmd                 0x08000b67   Thumb Code    18  stm32f10x_flash.o(.text)
    FLASH_PrefetchBufferCmd                  0x08000b79   Thumb Code    18  stm32f10x_flash.o(.text)
    FLASH_Unlock                             0x08000b8b   Thumb Code    12  stm32f10x_flash.o(.text)
    FLASH_UnlockBank1                        0x08000b97   Thumb Code    12  stm32f10x_flash.o(.text)
    FLASH_Lock                               0x08000ba3   Thumb Code    12  stm32f10x_flash.o(.text)
    FLASH_LockBank1                          0x08000baf   Thumb Code    12  stm32f10x_flash.o(.text)
    FLASH_GetBank1Status                     0x08000bbb   Thumb Code    34  stm32f10x_flash.o(.text)
    FLASH_WaitForLastOperation               0x08000bdd   Thumb Code    32  stm32f10x_flash.o(.text)
    FLASH_ErasePage                          0x08000bfd   Thumb Code    56  stm32f10x_flash.o(.text)
    FLASH_EraseAllPages                      0x08000c35   Thumb Code    52  stm32f10x_flash.o(.text)
    FLASH_WaitForLastBank1Operation          0x08000c69   Thumb Code    32  stm32f10x_flash.o(.text)
    FLASH_EraseAllBank1Pages                 0x08000c89   Thumb Code    52  stm32f10x_flash.o(.text)
    FLASH_GetReadOutProtectionStatus         0x08000cbd   Thumb Code    14  stm32f10x_flash.o(.text)
    FLASH_EraseOptionBytes                   0x08000ccb   Thumb Code   120  stm32f10x_flash.o(.text)
    FLASH_ProgramWord                        0x08000d43   Thumb Code    86  stm32f10x_flash.o(.text)
    FLASH_ProgramHalfWord                    0x08000d99   Thumb Code    48  stm32f10x_flash.o(.text)
    FLASH_ProgramOptionByteData              0x08000dc9   Thumb Code    62  stm32f10x_flash.o(.text)
    FLASH_EnableWriteProtection              0x08000e07   Thumb Code   158  stm32f10x_flash.o(.text)
    FLASH_ReadOutProtection                  0x08000ea5   Thumb Code   120  stm32f10x_flash.o(.text)
    FLASH_UserOptionByteConfig               0x08000f1d   Thumb Code    98  stm32f10x_flash.o(.text)
    FLASH_GetUserOptionByte                  0x08000f7f   Thumb Code     8  stm32f10x_flash.o(.text)
    FLASH_GetWriteProtectionOptionByte       0x08000f87   Thumb Code     6  stm32f10x_flash.o(.text)
    FLASH_GetPrefetchBufferStatus            0x08000f8d   Thumb Code    14  stm32f10x_flash.o(.text)
    FLASH_ITConfig                           0x08000f9b   Thumb Code    22  stm32f10x_flash.o(.text)
    FLASH_GetFlagStatus                      0x08000fb1   Thumb Code    30  stm32f10x_flash.o(.text)
    FLASH_ClearFlag                          0x08000fcf   Thumb Code     6  stm32f10x_flash.o(.text)
    FLASH_GetStatus                          0x08000fd5   Thumb Code    34  stm32f10x_flash.o(.text)
    GPIO_DeInit                              0x08000ffd   Thumb Code   188  stm32f10x_gpio.o(.text)
    GPIO_AFIODeInit                          0x080010b9   Thumb Code    22  stm32f10x_gpio.o(.text)
    GPIO_Init                                0x080010cf   Thumb Code   166  stm32f10x_gpio.o(.text)
    GPIO_StructInit                          0x08001175   Thumb Code    16  stm32f10x_gpio.o(.text)
    GPIO_ReadInputDataBit                    0x08001185   Thumb Code    14  stm32f10x_gpio.o(.text)
    GPIO_ReadInputData                       0x08001193   Thumb Code     6  stm32f10x_gpio.o(.text)
    GPIO_ReadOutputDataBit                   0x08001199   Thumb Code    14  stm32f10x_gpio.o(.text)
    GPIO_ReadOutputData                      0x080011a7   Thumb Code     6  stm32f10x_gpio.o(.text)
    GPIO_SetBits                             0x080011ad   Thumb Code     4  stm32f10x_gpio.o(.text)
    GPIO_ResetBits                           0x080011b1   Thumb Code     4  stm32f10x_gpio.o(.text)
    GPIO_WriteBit                            0x080011b5   Thumb Code    12  stm32f10x_gpio.o(.text)
    GPIO_Write                               0x080011c1   Thumb Code     4  stm32f10x_gpio.o(.text)
    GPIO_PinLockConfig                       0x080011c5   Thumb Code    16  stm32f10x_gpio.o(.text)
    GPIO_EventOutputConfig                   0x080011d5   Thumb Code    22  stm32f10x_gpio.o(.text)
    GPIO_EventOutputCmd                      0x080011eb   Thumb Code     6  stm32f10x_gpio.o(.text)
    GPIO_PinRemapConfig                      0x080011f1   Thumb Code    86  stm32f10x_gpio.o(.text)
    GPIO_EXTILineConfig                      0x08001247   Thumb Code    34  stm32f10x_gpio.o(.text)
    GPIO_ETH_MediaInterfaceConfig            0x08001269   Thumb Code     8  stm32f10x_gpio.o(.text)
    IWDG_WriteAccessCmd                      0x08001295   Thumb Code     6  stm32f10x_iwdg.o(.text)
    IWDG_SetPrescaler                        0x0800129b   Thumb Code     6  stm32f10x_iwdg.o(.text)
    IWDG_SetReload                           0x080012a1   Thumb Code     6  stm32f10x_iwdg.o(.text)
    IWDG_ReloadCounter                       0x080012a7   Thumb Code    10  stm32f10x_iwdg.o(.text)
    IWDG_Enable                              0x080012b1   Thumb Code    10  stm32f10x_iwdg.o(.text)
    IWDG_GetFlagStatus                       0x080012bb   Thumb Code    16  stm32f10x_iwdg.o(.text)
    RCC_DeInit                               0x080012d1   Thumb Code    50  stm32f10x_rcc.o(.text)
    RCC_HSEConfig                            0x08001303   Thumb Code    50  stm32f10x_rcc.o(.text)
    RCC_GetFlagStatus                        0x08001335   Thumb Code    42  stm32f10x_rcc.o(.text)
    RCC_WaitForHSEStartUp                    0x0800135f   Thumb Code    48  stm32f10x_rcc.o(.text)
    RCC_AdjustHSICalibrationValue            0x0800138f   Thumb Code    16  stm32f10x_rcc.o(.text)
    RCC_HSICmd                               0x0800139f   Thumb Code     6  stm32f10x_rcc.o(.text)
    RCC_PLLConfig                            0x080013a5   Thumb Code    16  stm32f10x_rcc.o(.text)
    RCC_PLLCmd                               0x080013b5   Thumb Code     6  stm32f10x_rcc.o(.text)
    RCC_SYSCLKConfig                         0x080013bb   Thumb Code    14  stm32f10x_rcc.o(.text)
    RCC_GetSYSCLKSource                      0x080013c9   Thumb Code    10  stm32f10x_rcc.o(.text)
    RCC_HCLKConfig                           0x080013d3   Thumb Code    14  stm32f10x_rcc.o(.text)
    RCC_PCLK1Config                          0x080013e1   Thumb Code    14  stm32f10x_rcc.o(.text)
    RCC_PCLK2Config                          0x080013ef   Thumb Code    16  stm32f10x_rcc.o(.text)
    RCC_ITConfig                             0x080013ff   Thumb Code    22  stm32f10x_rcc.o(.text)
    RCC_USBCLKConfig                         0x08001415   Thumb Code     8  stm32f10x_rcc.o(.text)
    RCC_ADCCLKConfig                         0x0800141d   Thumb Code    14  stm32f10x_rcc.o(.text)
    RCC_LSEConfig                            0x0800142b   Thumb Code    36  stm32f10x_rcc.o(.text)
    RCC_LSICmd                               0x0800144f   Thumb Code     6  stm32f10x_rcc.o(.text)
    RCC_RTCCLKConfig                         0x08001455   Thumb Code    10  stm32f10x_rcc.o(.text)
    RCC_RTCCLKCmd                            0x0800145f   Thumb Code     8  stm32f10x_rcc.o(.text)
    RCC_GetClocksFreq                        0x08001467   Thumb Code   154  stm32f10x_rcc.o(.text)
    RCC_AHBPeriphClockCmd                    0x08001501   Thumb Code    22  stm32f10x_rcc.o(.text)
    RCC_APB2PeriphClockCmd                   0x08001517   Thumb Code    22  stm32f10x_rcc.o(.text)
    RCC_APB1PeriphClockCmd                   0x0800152d   Thumb Code    22  stm32f10x_rcc.o(.text)
    RCC_APB2PeriphResetCmd                   0x08001543   Thumb Code    22  stm32f10x_rcc.o(.text)
    RCC_APB1PeriphResetCmd                   0x08001559   Thumb Code    22  stm32f10x_rcc.o(.text)
    RCC_BackupResetCmd                       0x0800156f   Thumb Code     8  stm32f10x_rcc.o(.text)
    RCC_ClockSecuritySystemCmd               0x08001577   Thumb Code     6  stm32f10x_rcc.o(.text)
    RCC_MCOConfig                            0x0800157d   Thumb Code     6  stm32f10x_rcc.o(.text)
    RCC_ClearFlag                            0x08001583   Thumb Code    12  stm32f10x_rcc.o(.text)
    RCC_GetITStatus                          0x0800158f   Thumb Code    16  stm32f10x_rcc.o(.text)
    RCC_ClearITPendingBit                    0x0800159f   Thumb Code     6  stm32f10x_rcc.o(.text)
    TIM_DeInit                               0x080015c5   Thumb Code   464  stm32f10x_tim.o(.text)
    TIM_TimeBaseInit                         0x08001795   Thumb Code   114  stm32f10x_tim.o(.text)
    TIM_OC1Init                              0x08001807   Thumb Code   114  stm32f10x_tim.o(.text)
    TIM_OC2Init                              0x08001879   Thumb Code   128  stm32f10x_tim.o(.text)
    TIM_OC3Init                              0x080018f9   Thumb Code   124  stm32f10x_tim.o(.text)
    TIM_OC4Init                              0x08001975   Thumb Code   160  stm32f10x_tim.o(.text)
    TIM_SetIC4Prescaler                      0x08001a15   Thumb Code    24  stm32f10x_tim.o(.text)
    TIM_SetIC3Prescaler                      0x08001a93   Thumb Code    16  stm32f10x_tim.o(.text)
    TIM_SetIC2Prescaler                      0x08001b05   Thumb Code    24  stm32f10x_tim.o(.text)
    TIM_SetIC1Prescaler                      0x08001b83   Thumb Code    16  stm32f10x_tim.o(.text)
    TIM_ICInit                               0x08001bf1   Thumb Code   114  stm32f10x_tim.o(.text)
    TIM_PWMIConfig                           0x08001c63   Thumb Code   106  stm32f10x_tim.o(.text)
    TIM_BDTRConfig                           0x08001ccd   Thumb Code    34  stm32f10x_tim.o(.text)
    TIM_TimeBaseStructInit                   0x08001cef   Thumb Code    18  stm32f10x_tim.o(.text)
    TIM_OCStructInit                         0x08001d01   Thumb Code    20  stm32f10x_tim.o(.text)
    TIM_ICStructInit                         0x08001d15   Thumb Code    16  stm32f10x_tim.o(.text)
    TIM_BDTRStructInit                       0x08001d25   Thumb Code    18  stm32f10x_tim.o(.text)
    TIM_Cmd                                  0x08001d37   Thumb Code    24  stm32f10x_tim.o(.text)
    TIM_CtrlPWMOutputs                       0x08001d4f   Thumb Code    28  stm32f10x_tim.o(.text)
    TIM_ITConfig                             0x08001d6b   Thumb Code    20  stm32f10x_tim.o(.text)
    TIM_GenerateEvent                        0x08001d7f   Thumb Code     4  stm32f10x_tim.o(.text)
    TIM_DMAConfig                            0x08001d83   Thumb Code     8  stm32f10x_tim.o(.text)
    TIM_DMACmd                               0x08001d8b   Thumb Code    20  stm32f10x_tim.o(.text)
    TIM_InternalClockConfig                  0x08001d9f   Thumb Code    10  stm32f10x_tim.o(.text)
    TIM_SelectInputTrigger                   0x08001da9   Thumb Code    12  stm32f10x_tim.o(.text)
    TIM_ITRxExternalClockConfig              0x08001db5   Thumb Code    20  stm32f10x_tim.o(.text)
    TIM_TIxExternalClockConfig               0x08001dc9   Thumb Code    48  stm32f10x_tim.o(.text)
    TIM_ETRConfig                            0x08001df9   Thumb Code    24  stm32f10x_tim.o(.text)
    TIM_ETRClockMode1Config                  0x08001e11   Thumb Code    52  stm32f10x_tim.o(.text)
    TIM_ETRClockMode2Config                  0x08001e45   Thumb Code    20  stm32f10x_tim.o(.text)
    TIM_PrescalerConfig                      0x08001e59   Thumb Code     6  stm32f10x_tim.o(.text)
    TIM_CounterModeConfig                    0x08001e5f   Thumb Code    12  stm32f10x_tim.o(.text)
    TIM_EncoderInterfaceConfig               0x08001e6b   Thumb Code    50  stm32f10x_tim.o(.text)
    TIM_ForcedOC1Config                      0x08001e9d   Thumb Code    12  stm32f10x_tim.o(.text)
    TIM_ForcedOC2Config                      0x08001ea9   Thumb Code    20  stm32f10x_tim.o(.text)
    TIM_ForcedOC3Config                      0x08001ebd   Thumb Code    12  stm32f10x_tim.o(.text)
    TIM_ForcedOC4Config                      0x08001ec9   Thumb Code    20  stm32f10x_tim.o(.text)
    TIM_ARRPreloadConfig                     0x08001edd   Thumb Code    24  stm32f10x_tim.o(.text)
    TIM_SelectCOM                            0x08001ef5   Thumb Code    24  stm32f10x_tim.o(.text)
    TIM_SelectCCDMA                          0x08001f0d   Thumb Code    24  stm32f10x_tim.o(.text)
    TIM_CCPreloadControl                     0x08001f25   Thumb Code    24  stm32f10x_tim.o(.text)
    TIM_OC1PreloadConfig                     0x08001f3d   Thumb Code    12  stm32f10x_tim.o(.text)
    TIM_OC2PreloadConfig                     0x08001f49   Thumb Code    20  stm32f10x_tim.o(.text)
    TIM_OC3PreloadConfig                     0x08001f5d   Thumb Code    12  stm32f10x_tim.o(.text)
    TIM_OC4PreloadConfig                     0x08001f69   Thumb Code    20  stm32f10x_tim.o(.text)
    TIM_OC1FastConfig                        0x08001f7d   Thumb Code    12  stm32f10x_tim.o(.text)
    TIM_OC2FastConfig                        0x08001f89   Thumb Code    20  stm32f10x_tim.o(.text)
    TIM_OC3FastConfig                        0x08001f9d   Thumb Code    12  stm32f10x_tim.o(.text)
    TIM_OC4FastConfig                        0x08001fa9   Thumb Code    20  stm32f10x_tim.o(.text)
    TIM_ClearOC1Ref                          0x08001fbd   Thumb Code    12  stm32f10x_tim.o(.text)
    TIM_ClearOC2Ref                          0x08001fc9   Thumb Code    20  stm32f10x_tim.o(.text)
    TIM_ClearOC3Ref                          0x08001fdd   Thumb Code    12  stm32f10x_tim.o(.text)
    TIM_ClearOC4Ref                          0x08001fe9   Thumb Code    20  stm32f10x_tim.o(.text)
    TIM_OC1PolarityConfig                    0x08001ffd   Thumb Code    12  stm32f10x_tim.o(.text)
    TIM_OC1NPolarityConfig                   0x08002009   Thumb Code    12  stm32f10x_tim.o(.text)
    TIM_OC2PolarityConfig                    0x08002015   Thumb Code    20  stm32f10x_tim.o(.text)
    TIM_OC2NPolarityConfig                   0x08002029   Thumb Code    20  stm32f10x_tim.o(.text)
    TIM_OC3PolarityConfig                    0x0800203d   Thumb Code    20  stm32f10x_tim.o(.text)
    TIM_OC3NPolarityConfig                   0x08002051   Thumb Code    20  stm32f10x_tim.o(.text)
    TIM_OC4PolarityConfig                    0x08002065   Thumb Code    20  stm32f10x_tim.o(.text)
    TIM_CCxCmd                               0x08002079   Thumb Code    22  stm32f10x_tim.o(.text)
    TIM_CCxNCmd                              0x0800208f   Thumb Code    22  stm32f10x_tim.o(.text)
    TIM_SelectOCxM                           0x080020a5   Thumb Code    76  stm32f10x_tim.o(.text)
    TIM_UpdateDisableConfig                  0x080020f1   Thumb Code    24  stm32f10x_tim.o(.text)
    TIM_UpdateRequestConfig                  0x08002109   Thumb Code    24  stm32f10x_tim.o(.text)
    TIM_SelectHallSensor                     0x08002121   Thumb Code    24  stm32f10x_tim.o(.text)
    TIM_SelectOnePulseMode                   0x08002139   Thumb Code    16  stm32f10x_tim.o(.text)
    TIM_SelectOutputTrigger                  0x08002149   Thumb Code    16  stm32f10x_tim.o(.text)
    TIM_SelectSlaveMode                      0x08002159   Thumb Code    16  stm32f10x_tim.o(.text)
    TIM_SelectMasterSlaveMode                0x08002169   Thumb Code    16  stm32f10x_tim.o(.text)
    TIM_SetCounter                           0x08002179   Thumb Code     4  stm32f10x_tim.o(.text)
    TIM_SetAutoreload                        0x0800217d   Thumb Code     4  stm32f10x_tim.o(.text)
    TIM_SetCompare1                          0x08002181   Thumb Code     4  stm32f10x_tim.o(.text)
    TIM_SetCompare2                          0x08002185   Thumb Code     4  stm32f10x_tim.o(.text)
    TIM_SetCompare3                          0x08002189   Thumb Code     4  stm32f10x_tim.o(.text)
    TIM_SetCompare4                          0x0800218d   Thumb Code     6  stm32f10x_tim.o(.text)
    TIM_SetClockDivision                     0x08002193   Thumb Code    16  stm32f10x_tim.o(.text)
    TIM_GetCapture1                          0x080021a3   Thumb Code     4  stm32f10x_tim.o(.text)
    TIM_GetCapture2                          0x080021a7   Thumb Code     4  stm32f10x_tim.o(.text)
    TIM_GetCapture3                          0x080021ab   Thumb Code     4  stm32f10x_tim.o(.text)
    TIM_GetCapture4                          0x080021af   Thumb Code     6  stm32f10x_tim.o(.text)
    TIM_GetCounter                           0x080021b5   Thumb Code     4  stm32f10x_tim.o(.text)
    TIM_GetPrescaler                         0x080021b9   Thumb Code     4  stm32f10x_tim.o(.text)
    TIM_GetFlagStatus                        0x080021bd   Thumb Code    14  stm32f10x_tim.o(.text)
    TIM_ClearFlag                            0x080021cb   Thumb Code     6  stm32f10x_tim.o(.text)
    TIM_GetITStatus                          0x080021d1   Thumb Code    24  stm32f10x_tim.o(.text)
    TIM_ClearITPendingBit                    0x080021e9   Thumb Code     6  stm32f10x_tim.o(.text)
    USART_DeInit                             0x080021f1   Thumb Code   144  stm32f10x_usart.o(.text)
    USART_Init                               0x08002281   Thumb Code   182  stm32f10x_usart.o(.text)
    USART_StructInit                         0x08002337   Thumb Code    22  stm32f10x_usart.o(.text)
    USART_ClockInit                          0x0800234d   Thumb Code    30  stm32f10x_usart.o(.text)
    USART_ClockStructInit                    0x0800236b   Thumb Code    12  stm32f10x_usart.o(.text)
    USART_Cmd                                0x08002377   Thumb Code    24  stm32f10x_usart.o(.text)
    USART_ITConfig                           0x0800238f   Thumb Code    54  stm32f10x_usart.o(.text)
    USART_DMACmd                             0x080023c5   Thumb Code    20  stm32f10x_usart.o(.text)
    USART_SetAddress                         0x080023d9   Thumb Code    16  stm32f10x_usart.o(.text)
    USART_WakeUpConfig                       0x080023e9   Thumb Code    16  stm32f10x_usart.o(.text)
    USART_ReceiverWakeUpCmd                  0x080023f9   Thumb Code    24  stm32f10x_usart.o(.text)
    USART_LINBreakDetectLengthConfig         0x08002411   Thumb Code    16  stm32f10x_usart.o(.text)
    USART_LINCmd                             0x08002421   Thumb Code    24  stm32f10x_usart.o(.text)
    USART_SendData                           0x08002439   Thumb Code     8  stm32f10x_usart.o(.text)
    USART_ReceiveData                        0x08002441   Thumb Code     8  stm32f10x_usart.o(.text)
    USART_SendBreak                          0x08002449   Thumb Code    10  stm32f10x_usart.o(.text)
    USART_SetGuardTime                       0x08002453   Thumb Code    16  stm32f10x_usart.o(.text)
    USART_SetPrescaler                       0x08002463   Thumb Code    16  stm32f10x_usart.o(.text)
    USART_SmartCardCmd                       0x08002473   Thumb Code    24  stm32f10x_usart.o(.text)
    USART_SmartCardNACKCmd                   0x0800248b   Thumb Code    24  stm32f10x_usart.o(.text)
    USART_HalfDuplexCmd                      0x080024a3   Thumb Code    24  stm32f10x_usart.o(.text)
    USART_OverSampling8Cmd                   0x080024bb   Thumb Code    24  stm32f10x_usart.o(.text)
    USART_OneBitMethodCmd                    0x080024d3   Thumb Code    24  stm32f10x_usart.o(.text)
    USART_IrDAConfig                         0x080024eb   Thumb Code    16  stm32f10x_usart.o(.text)
    USART_IrDACmd                            0x080024fb   Thumb Code    24  stm32f10x_usart.o(.text)
    USART_GetFlagStatus                      0x08002513   Thumb Code    14  stm32f10x_usart.o(.text)
    USART_ClearFlag                          0x08002521   Thumb Code     8  stm32f10x_usart.o(.text)
    USART_GetITStatus                        0x08002529   Thumb Code    64  stm32f10x_usart.o(.text)
    USART_ClearITPendingBit                  0x08002569   Thumb Code    16  stm32f10x_usart.o(.text)
    Reset_Handler                            0x0800258d   Thumb Code     8  startup_stm32f10x_hd.o(.text)
    ADC1_2_IRQHandler                        0x080025a7   Thumb Code     0  startup_stm32f10x_hd.o(.text)
    ADC3_IRQHandler                          0x080025a7   Thumb Code     0  startup_stm32f10x_hd.o(.text)
    CAN1_RX1_IRQHandler                      0x080025a7   Thumb Code     0  startup_stm32f10x_hd.o(.text)
    CAN1_SCE_IRQHandler                      0x080025a7   Thumb Code     0  startup_stm32f10x_hd.o(.text)
    DMA1_Channel1_IRQHandler                 0x080025a7   Thumb Code     0  startup_stm32f10x_hd.o(.text)
    DMA1_Channel2_IRQHandler                 0x080025a7   Thumb Code     0  startup_stm32f10x_hd.o(.text)
    DMA1_Channel3_IRQHandler                 0x080025a7   Thumb Code     0  startup_stm32f10x_hd.o(.text)
    DMA1_Channel4_IRQHandler                 0x080025a7   Thumb Code     0  startup_stm32f10x_hd.o(.text)
    DMA1_Channel5_IRQHandler                 0x080025a7   Thumb Code     0  startup_stm32f10x_hd.o(.text)
    DMA1_Channel6_IRQHandler                 0x080025a7   Thumb Code     0  startup_stm32f10x_hd.o(.text)
    DMA1_Channel7_IRQHandler                 0x080025a7   Thumb Code     0  startup_stm32f10x_hd.o(.text)
    DMA2_Channel1_IRQHandler                 0x080025a7   Thumb Code     0  startup_stm32f10x_hd.o(.text)
    DMA2_Channel2_IRQHandler                 0x080025a7   Thumb Code     0  startup_stm32f10x_hd.o(.text)
    DMA2_Channel3_IRQHandler                 0x080025a7   Thumb Code     0  startup_stm32f10x_hd.o(.text)
    DMA2_Channel4_5_IRQHandler               0x080025a7   Thumb Code     0  startup_stm32f10x_hd.o(.text)
    EXTI0_IRQHandler                         0x080025a7   Thumb Code     0  startup_stm32f10x_hd.o(.text)
    EXTI15_10_IRQHandler                     0x080025a7   Thumb Code     0  startup_stm32f10x_hd.o(.text)
    EXTI1_IRQHandler                         0x080025a7   Thumb Code     0  startup_stm32f10x_hd.o(.text)
    EXTI2_IRQHandler                         0x080025a7   Thumb Code     0  startup_stm32f10x_hd.o(.text)
    EXTI3_IRQHandler                         0x080025a7   Thumb Code     0  startup_stm32f10x_hd.o(.text)
    EXTI4_IRQHandler                         0x080025a7   Thumb Code     0  startup_stm32f10x_hd.o(.text)
    EXTI9_5_IRQHandler                       0x080025a7   Thumb Code     0  startup_stm32f10x_hd.o(.text)
    FLASH_IRQHandler                         0x080025a7   Thumb Code     0  startup_stm32f10x_hd.o(.text)
    FSMC_IRQHandler                          0x080025a7   Thumb Code     0  startup_stm32f10x_hd.o(.text)
    I2C1_ER_IRQHandler                       0x080025a7   Thumb Code     0  startup_stm32f10x_hd.o(.text)
    I2C1_EV_IRQHandler                       0x080025a7   Thumb Code     0  startup_stm32f10x_hd.o(.text)
    I2C2_ER_IRQHandler                       0x080025a7   Thumb Code     0  startup_stm32f10x_hd.o(.text)
    I2C2_EV_IRQHandler                       0x080025a7   Thumb Code     0  startup_stm32f10x_hd.o(.text)
    PVD_IRQHandler                           0x080025a7   Thumb Code     0  startup_stm32f10x_hd.o(.text)
    RCC_IRQHandler                           0x080025a7   Thumb Code     0  startup_stm32f10x_hd.o(.text)
    RTCAlarm_IRQHandler                      0x080025a7   Thumb Code     0  startup_stm32f10x_hd.o(.text)
    RTC_IRQHandler                           0x080025a7   Thumb Code     0  startup_stm32f10x_hd.o(.text)
    SDIO_IRQHandler                          0x080025a7   Thumb Code     0  startup_stm32f10x_hd.o(.text)
    SPI1_IRQHandler                          0x080025a7   Thumb Code     0  startup_stm32f10x_hd.o(.text)
    SPI2_IRQHandler                          0x080025a7   Thumb Code     0  startup_stm32f10x_hd.o(.text)
    SPI3_IRQHandler                          0x080025a7   Thumb Code     0  startup_stm32f10x_hd.o(.text)
    TAMPER_IRQHandler                        0x080025a7   Thumb Code     0  startup_stm32f10x_hd.o(.text)
    TIM1_BRK_IRQHandler                      0x080025a7   Thumb Code     0  startup_stm32f10x_hd.o(.text)
    TIM1_CC_IRQHandler                       0x080025a7   Thumb Code     0  startup_stm32f10x_hd.o(.text)
    TIM1_TRG_COM_IRQHandler                  0x080025a7   Thumb Code     0  startup_stm32f10x_hd.o(.text)
    TIM1_UP_IRQHandler                       0x080025a7   Thumb Code     0  startup_stm32f10x_hd.o(.text)
    TIM2_IRQHandler                          0x080025a7   Thumb Code     0  startup_stm32f10x_hd.o(.text)
    TIM4_IRQHandler                          0x080025a7   Thumb Code     0  startup_stm32f10x_hd.o(.text)
    TIM5_IRQHandler                          0x080025a7   Thumb Code     0  startup_stm32f10x_hd.o(.text)
    TIM6_IRQHandler                          0x080025a7   Thumb Code     0  startup_stm32f10x_hd.o(.text)
    TIM7_IRQHandler                          0x080025a7   Thumb Code     0  startup_stm32f10x_hd.o(.text)
    TIM8_BRK_IRQHandler                      0x080025a7   Thumb Code     0  startup_stm32f10x_hd.o(.text)
    TIM8_CC_IRQHandler                       0x080025a7   Thumb Code     0  startup_stm32f10x_hd.o(.text)
    TIM8_TRG_COM_IRQHandler                  0x080025a7   Thumb Code     0  startup_stm32f10x_hd.o(.text)
    TIM8_UP_IRQHandler                       0x080025a7   Thumb Code     0  startup_stm32f10x_hd.o(.text)
    UART5_IRQHandler                         0x080025a7   Thumb Code     0  startup_stm32f10x_hd.o(.text)
    USBWakeUp_IRQHandler                     0x080025a7   Thumb Code     0  startup_stm32f10x_hd.o(.text)
    USB_HP_CAN1_TX_IRQHandler                0x080025a7   Thumb Code     0  startup_stm32f10x_hd.o(.text)
    USB_LP_CAN1_RX0_IRQHandler               0x080025a7   Thumb Code     0  startup_stm32f10x_hd.o(.text)
    WWDG_IRQHandler                          0x080025a7   Thumb Code     0  startup_stm32f10x_hd.o(.text)
    LED_Init                                 0x080025b1   Thumb Code    56  led.o(.text)
    LED_Run                                  0x080025e9   Thumb Code    62  led.o(.text)
    CSTX_4GCTR_Init                          0x08002627   Thumb Code    66  led.o(.text)
    IWDG_Init                                0x08002675   Thumb Code    38  wdg.o(.text)
    IWDG_Feed                                0x0800269b   Thumb Code     2  wdg.o(.text)
    TIM3_Int_Init                            0x0800269d   Thumb Code    90  timer.o(.text)
    TIM4_Int_Init                            0x080026f7   Thumb Code    90  timer.o(.text)
    TIM3_IRQHandler                          0x08002751   Thumb Code    48  timer.o(.text)
    Control_Led                              0x08002791   Thumb Code   302  4g.o(.text)
    Clear_Buffer                             0x080028bf   Thumb Code    40  4g.o(.text)
    CSTX_4G_Init                             0x080028e7   Thumb Code   388  4g.o(.text)
    Get_4GIMEI_NUM                           0x08002a6b   Thumb Code    84  4g.o(.text)
    Get_GPS_LOC                              0x08002abf   Thumb Code   828  4g.o(.text)
    Getdata_Change                           0x08002dfb   Thumb Code   522  4g.o(.text)
    Get_GPSdata                              0x08003005   Thumb Code   116  4g.o(.text)
    Get_GPS_RMC                              0x08003079   Thumb Code   288  4g.o(.text)
    WG_to_GCJ                                0x08003199   Thumb Code  1640  4g.o(.text)
    Start_GPS                                0x08003801   Thumb Code    90  4g.o(.text)
    Close_MQTT_aliyunStudio                  0x0800385b   Thumb Code    22  4g.o(.text)
    Connect_MQTT_aliyunStudio                0x08003871   Thumb Code   546  4g.o(.text)
    SendData_aliyunStudio                    0x08003a93   Thumb Code   888  4g.o(.text)
    LCD_BGR2RGB                              0x08003e65   Thumb Code    18  gui.o(.text)
    Gui_Circle                               0x08003e77   Thumb Code   346  gui.o(.text)
    Gui_DrawLine                             0x08003fd1   Thumb Code   178  gui.o(.text)
    Gui_box                                  0x08004083   Thumb Code   126  gui.o(.text)
    Gui_box2                                 0x08004101   Thumb Code   272  gui.o(.text)
    DisplayButtonDown                        0x08004211   Thumb Code   122  gui.o(.text)
    DisplayButtonUp                          0x0800428b   Thumb Code   126  gui.o(.text)
    Gui_DrawFont_GBK16                       0x08004309   Thumb Code   342  gui.o(.text)
    Gui_DrawFont_GBK24                       0x0800445f   Thumb Code   398  gui.o(.text)
    Gui_DrawFont_Num32                       0x080045ed   Thumb Code   126  gui.o(.text)
    LCD_GPIO_Init                            0x0800467d   Thumb Code    96  lcd_driver.o(.text)
    SPI_WriteData                            0x080046dd   Thumb Code    42  lcd_driver.o(.text)
    Lcd_WriteIndex                           0x08004707   Thumb Code    24  lcd_driver.o(.text)
    Lcd_WriteData                            0x0800471f   Thumb Code    24  lcd_driver.o(.text)
    LCD_WriteData_16Bit                      0x08004737   Thumb Code    34  lcd_driver.o(.text)
    Lcd_WriteReg                             0x08004759   Thumb Code    16  lcd_driver.o(.text)
    Lcd_Reset                                0x08004769   Thumb Code    32  lcd_driver.o(.text)
    Lcd_Init                                 0x08004789   Thumb Code   546  lcd_driver.o(.text)
    Lcd_SetRegion                            0x080049ab   Thumb Code    86  lcd_driver.o(.text)
    Lcd_SetXY                                0x08004a01   Thumb Code     6  lcd_driver.o(.text)
    Gui_DrawPoint                            0x08004a07   Thumb Code    24  lcd_driver.o(.text)
    Lcd_ReadPoint                            0x08004a1f   Thumb Code    16  lcd_driver.o(.text)
    Lcd_Clear                                0x08004a2f   Thumb Code    46  lcd_driver.o(.text)
    Redraw_Mainmenu                          0x08004a69   Thumb Code   146  qdtft_demo.o(.text)
    Num_Test                                 0x08004afb   Thumb Code   108  qdtft_demo.o(.text)
    Font_Test                                0x08004b67   Thumb Code    58  qdtft_demo.o(.text)
    Display_Menu                             0x08004ba1   Thumb Code    24  qdtft_demo.o(.text)
    Color_Test                               0x08004bb9   Thumb Code    88  qdtft_demo.o(.text)
    showimage                                0x08004c11   Thumb Code   106  qdtft_demo.o(.text)
    RS485_Init                               0x08004d3f   Thumb Code   218  rs485.o(.text)
    _485_SendByte                            0x08004e2b   Thumb Code    34  rs485.o(.text)
    _485_SendStr_length                      0x08004e4d   Thumb Code    84  rs485.o(.text)
    _485_SendString                          0x08004ea1   Thumb Code    84  rs485.o(.text)
    USART_Transmit                           0x08004ef5   Thumb Code    66  rs485.o(.text)
    RS485_SendStr                            0x08004f37   Thumb Code    26  rs485.o(.text)
    clean_rebuff                             0x08004f51   Thumb Code    26  rs485.o(.text)
    UART4_IRQHandler                         0x08004f6b   Thumb Code    76  rs485.o(.text)
    get_rebuff                               0x08004fb7   Thumb Code    10  rs485.o(.text)
    PT100_init                               0x08004fc1   Thumb Code    34  rs485.o(.text)
    Get_PT100_data                           0x08004fe3   Thumb Code     8  rs485.o(.text)
    PT100_data                               0x08004feb   Thumb Code   226  rs485.o(.text)
    DHT11_Init                               0x0800512d   Thumb Code    20  dht11.o(.text)
    DHT11_Read_TempAndHumidity               0x080051dd   Thumb Code   156  dht11.o(.text)
    Adc_Init                                 0x08005281   Thumb Code   126  adc.o(.text)
    Get_Adc                                  0x080052ff   Thumb Code    46  adc.o(.text)
    Get_Adc_Average                          0x0800532d   Thumb Code    46  adc.o(.text)
    delay_init                               0x08005365   Thumb Code    46  delay.o(.text)
    delay_us                                 0x08005393   Thumb Code    46  delay.o(.text)
    delay_ms                                 0x080053c1   Thumb Code    46  delay.o(.text)
    NVIC_Configuration                       0x080053fd   Thumb Code     8  sys.o(.text)
    _sys_exit                                0x08005405   Thumb Code     2  usart.o(.text)
    fputc                                    0x08005407   Thumb Code    18  usart.o(.text)
    UART1_send_byte                          0x08005419   Thumb Code    36  usart.o(.text)
    UART2_send_byte                          0x0800543d   Thumb Code    36  usart.o(.text)
    UART3_send_byte                          0x08005461   Thumb Code    36  usart.o(.text)
    uart_init                                0x08005485   Thumb Code   168  usart.o(.text)
    uart2_init                               0x0800552d   Thumb Code   158  usart.o(.text)
    uart3_init                               0x080055cb   Thumb Code   162  usart.o(.text)
    Uart1_SendStr                            0x0800566d   Thumb Code    26  usart.o(.text)
    Uart2_SendStr                            0x08005687   Thumb Code    30  usart.o(.text)
    Uart3_SendStr                            0x080056a5   Thumb Code    26  usart.o(.text)
    Clear_Buffer_UART1                       0x080056bf   Thumb Code    28  usart.o(.text)
    UART1_receive_process_event              0x080056db   Thumb Code    30  usart.o(.text)
    USART1_IRQHandler                        0x080056f9   Thumb Code    66  usart.o(.text)
    ec200x_receive_process_event             0x0800573b   Thumb Code    30  usart.o(.text)
    USART2_IRQHandler                        0x08005759   Thumb Code    78  usart.o(.text)
    USART3_IRQHandler                        0x080057a7   Thumb Code   198  usart.o(.text)
    __aeabi_memset                           0x08005875   Thumb Code    14  memseta.o(.text)
    __aeabi_memset4                          0x08005875   Thumb Code     0  memseta.o(.text)
    __aeabi_memset8                          0x08005875   Thumb Code     0  memseta.o(.text)
    __aeabi_memclr                           0x08005883   Thumb Code     4  memseta.o(.text)
    __aeabi_memclr4                          0x08005883   Thumb Code     0  memseta.o(.text)
    __aeabi_memclr8                          0x08005883   Thumb Code     0  memseta.o(.text)
    _memset$wrapper                          0x08005887   Thumb Code    18  memseta.o(.text)
    strcat                                   0x08005899   Thumb Code    24  strcat.o(.text)
    strstr                                   0x080058b1   Thumb Code    36  strstr.o(.text)
    strncpy                                  0x080058d5   Thumb Code    24  strncpy.o(.text)
    strlen                                   0x080058ed   Thumb Code    14  strlen.o(.text)
    __aeabi_fadd                             0x080058fb   Thumb Code   164  fadd.o(.text)
    __aeabi_fsub                             0x0800599f   Thumb Code     6  fadd.o(.text)
    __aeabi_frsub                            0x080059a5   Thumb Code     6  fadd.o(.text)
    __aeabi_fmul                             0x080059ab   Thumb Code   100  fmul.o(.text)
    __aeabi_fdiv                             0x08005a0f   Thumb Code   124  fdiv.o(.text)
    __ARM_scalbnf                            0x08005a8b   Thumb Code    24  fscalb.o(.text)
    scalbnf                                  0x08005a8b   Thumb Code     0  fscalb.o(.text)
    __aeabi_dadd                             0x08005aa3   Thumb Code   322  dadd.o(.text)
    __aeabi_dsub                             0x08005be5   Thumb Code     6  dadd.o(.text)
    __aeabi_drsub                            0x08005beb   Thumb Code     6  dadd.o(.text)
    __aeabi_dmul                             0x08005bf1   Thumb Code   228  dmul.o(.text)
    __aeabi_ddiv                             0x08005cd5   Thumb Code   222  ddiv.o(.text)
    __ARM_scalbn                             0x08005db3   Thumb Code    46  dscalb.o(.text)
    scalbn                                   0x08005db3   Thumb Code     0  dscalb.o(.text)
    __aeabi_i2f                              0x08005de1   Thumb Code    18  fflti.o(.text)
    __aeabi_ui2f                             0x08005df3   Thumb Code    10  ffltui.o(.text)
    __aeabi_i2d                              0x08005dfd   Thumb Code    34  dflti.o(.text)
    __aeabi_ui2d                             0x08005e1f   Thumb Code    26  dfltui.o(.text)
    __aeabi_f2iz                             0x08005e39   Thumb Code    50  ffixi.o(.text)
    __aeabi_d2iz                             0x08005e6b   Thumb Code    62  dfixi.o(.text)
    __aeabi_d2uiz                            0x08005ea9   Thumb Code    50  dfixui.o(.text)
    __aeabi_f2d                              0x08005edb   Thumb Code    38  f2d.o(.text)
    __aeabi_d2f                              0x08005f01   Thumb Code    56  d2f.o(.text)
    __aeabi_uidiv                            0x08005f39   Thumb Code     0  uidiv.o(.text)
    __aeabi_uidivmod                         0x08005f39   Thumb Code    44  uidiv.o(.text)
    __aeabi_uldivmod                         0x08005f65   Thumb Code    98  uldiv.o(.text)
    __aeabi_llsl                             0x08005fc7   Thumb Code    30  llshl.o(.text)
    _ll_shift_l                              0x08005fc7   Thumb Code     0  llshl.o(.text)
    __aeabi_llsr                             0x08005fe5   Thumb Code    32  llushr.o(.text)
    _ll_ushift_r                             0x08005fe5   Thumb Code     0  llushr.o(.text)
    __aeabi_lasr                             0x08006005   Thumb Code    36  llsshr.o(.text)
    _ll_sshift_r                             0x08006005   Thumb Code     0  llsshr.o(.text)
    __I$use$fp                               0x08006029   Thumb Code     0  iusefp.o(.text)
    _float_round                             0x08006029   Thumb Code    18  fepilogue.o(.text)
    _float_epilogue                          0x0800603b   Thumb Code    92  fepilogue.o(.text)
    _double_round                            0x08006097   Thumb Code    30  depilogue.o(.text)
    _double_epilogue                         0x080060b5   Thumb Code   156  depilogue.o(.text)
    _dsqrt                                   0x08006151   Thumb Code   162  dsqrt.o(.text)
    __aeabi_d2ulz                            0x080061f3   Thumb Code    48  dfixul.o(.text)
    __aeabi_cdrcmple                         0x08006225   Thumb Code    48  cdrcmple.o(.text)
    __scatterload                            0x08006255   Thumb Code    28  init.o(.text)
    __scatterload_rt2                        0x08006255   Thumb Code     0  init.o(.text)
    __0printf                                0x08006279   Thumb Code    22  printfa.o(i.__0printf)
    __1printf                                0x08006279   Thumb Code     0  printfa.o(i.__0printf)
    __2printf                                0x08006279   Thumb Code     0  printfa.o(i.__0printf)
    __c89printf                              0x08006279   Thumb Code     0  printfa.o(i.__0printf)
    printf                                   0x08006279   Thumb Code     0  printfa.o(i.__0printf)
    __0sprintf                               0x08006299   Thumb Code    34  printfa.o(i.__0sprintf)
    __1sprintf                               0x08006299   Thumb Code     0  printfa.o(i.__0sprintf)
    __2sprintf                               0x08006299   Thumb Code     0  printfa.o(i.__0sprintf)
    __c89sprintf                             0x08006299   Thumb Code     0  printfa.o(i.__0sprintf)
    sprintf                                  0x08006299   Thumb Code     0  printfa.o(i.__0sprintf)
    __ARM_fpclassify                         0x080062c1   Thumb Code    40  fpclassify.o(i.__ARM_fpclassify)
    __ieee754_rem_pio2                       0x080062e9   Thumb Code   828  rred.o(i.__ieee754_rem_pio2)
    __kernel_cos                             0x08006671   Thumb Code   230  cos_i.o(i.__kernel_cos)
    __kernel_poly                            0x0800676d   Thumb Code   170  poly.o(i.__kernel_poly)
    __kernel_sin                             0x08006819   Thumb Code   224  sin_i.o(i.__kernel_sin)
    __mathlib_dbl_infnan                     0x08006905   Thumb Code     6  dunder.o(i.__mathlib_dbl_infnan)
    __mathlib_dbl_invalid                    0x0800690b   Thumb Code    12  dunder.o(i.__mathlib_dbl_invalid)
    __mathlib_dbl_underflow                  0x08006919   Thumb Code    10  dunder.o(i.__mathlib_dbl_underflow)
    __scatterload_copy                       0x08006929   Thumb Code    14  handlers.o(i.__scatterload_copy)
    __scatterload_null                       0x08006937   Thumb Code     2  handlers.o(i.__scatterload_null)
    __scatterload_zeroinit                   0x08006939   Thumb Code    14  handlers.o(i.__scatterload_zeroinit)
    __set_errno                              0x08006949   Thumb Code     6  errno.o(i.__set_errno)
    cos                                      0x08007211   Thumb Code   148  cos.o(i.cos)
    sin                                      0x080072ad   Thumb Code   150  sin.o(i.sin)
    sqrt                                     0x0800734d   Thumb Code    76  sqrt.o(i.sqrt)
    gImage_qq                                0x08007398   Data        3200  main.o(.constdata)
    asc16                                    0x08008018   Data        1521  gui.o(.constdata)
    sz32                                     0x08008609   Data        1921  gui.o(.constdata)
    hz16                                     0x08008d8a   Data        2516  gui.o(.constdata)
    hz24                                     0x0800975e   Data        1406  gui.o(.constdata)
    Region$$Table$$Base                      0x08009f00   Number         0  anon$$obj.o(Region$$Table)
    Region$$Table$$Limit                     0x08009f20   Number         0  anon$$obj.o(Region$$Table)
    SystemCoreClock                          0x20000000   Data           4  system_stm32f10x.o(.data)
    AHBPrescTable                            0x20000004   Data          16  system_stm32f10x.o(.data)
    time3_5s                                 0x20000028   Data           4  timer.o(.data)
    errcount                                 0x20000030   Data           4  4g.o(.data)
    strx                                     0x20000034   Data           4  4g.o(.data)
    lng_r                                    0x20000038   Data           8  4g.o(.data)
    lat_r                                    0x20000040   Data           8  4g.o(.data)
    tran_lng                                 0x20000048   Data           8  4g.o(.data)
    tran_lat                                 0x20000050   Data           8  4g.o(.data)
    dlat                                     0x20000058   Data           8  4g.o(.data)
    dlng                                     0x20000060   Data           8  4g.o(.data)
    radlat                                   0x20000068   Data           8  4g.o(.data)
    magic                                    0x20000070   Data           8  4g.o(.data)
    sqrtmagic                                0x20000078   Data           8  4g.o(.data)
    mglat                                    0x20000080   Data           8  4g.o(.data)
    mglng                                    0x20000088   Data           8  4g.o(.data)
    Num                                      0x20000090   Data          10  qdtft_demo.o(.data)
    uart_p                                   0x2000009c   Data           2  rs485.o(.data)
    pbuf                                     0x200000a0   Data           4  rs485.o(.data)
    data1                                    0x200000a4   Data           8  rs485.o(.data)
    data2                                    0x200000ac   Data           8  rs485.o(.data)
    data3                                    0x200000b4   Data           8  rs485.o(.data)
    data4                                    0x200000bc   Data           8  rs485.o(.data)
    DHT11_Data                               0x200000c4   Data           5  dht11.o(.data)
    UART3_RX_Index                           0x200000d0   Data           1  usart.o(.data)
    dataReady                                0x200000d1   Data           1  usart.o(.data)
    value_shiji                              0x200000d2   Data           2  usart.o(.data)
    value_yuanshi                            0x200000d4   Data           4  usart.o(.data)
    value_xishu                              0x200000d8   Data           8  usart.o(.data)
    value_yuliang                            0x200000e0   Data           8  usart.o(.data)
    last_value                               0x200000e8   Data           2  usart.o(.data)
    __stdout                                 0x200000ec   Data           4  usart.o(.data)
    ATSTR                                    0x200000f4   Data         512  4g.o(.bss)
    GPRMCSTR                                 0x200002f4   Data         128  4g.o(.bss)
    GPRMCSTRLON                              0x20000374   Data          64  4g.o(.bss)
    GPRMCSTRLAT                              0x200003b4   Data          64  4g.o(.bss)
    IMEINUMBER                               0x200003f4   Data          64  4g.o(.bss)
    latdata                                  0x20000434   Data          84  4g.o(.bss)
    latStrAF                                 0x20000488   Data          64  4g.o(.bss)
    lonStrAF                                 0x200004c8   Data          64  4g.o(.bss)
    uart_buff                                0x20000508   Data        1024  rs485.o(.bss)
    UART3_RX_BUF                             0x20000908   Data           9  usart.o(.bss)
    buf_uart1                                0x20000914   Data         520  usart.o(.bss)
    buf_uart2                                0x20000b1c   Data         520  usart.o(.bss)
    __initial_sp                             0x20001128   Data           0  startup_stm32f10x_hd.o(STACK)



==============================================================================

Memory Map of the image

  Image Entry point : 0x08000131

  Load Region LR_IROM1 (Base: 0x08000000, Size: 0x0000a014, Max: 0x00080000, ABSOLUTE)

    Execution Region ER_IROM1 (Exec base: 0x08000000, Load base: 0x08000000, Size: 0x00009f20, Max: 0x00080000, ABSOLUTE)

    Exec Addr    Load Addr    Size         Type   Attr      Idx    E Section Name        Object

    0x08000000   0x08000000   0x00000130   Data   RO          508    RESET               startup_stm32f10x_hd.o
    0x08000130   0x08000130   0x00000000   Code   RO          772  * .ARM.Collect$$$$00000000  mc_w.l(entry.o)
    0x08000130   0x08000130   0x00000004   Code   RO         1108    .ARM.Collect$$$$00000001  mc_w.l(entry2.o)
    0x08000134   0x08000134   0x00000004   Code   RO         1111    .ARM.Collect$$$$00000004  mc_w.l(entry5.o)
    0x08000138   0x08000138   0x00000000   Code   RO         1113    .ARM.Collect$$$$00000008  mc_w.l(entry7b.o)
    0x08000138   0x08000138   0x00000000   Code   RO         1115    .ARM.Collect$$$$0000000A  mc_w.l(entry8b.o)
    0x08000138   0x08000138   0x00000008   Code   RO         1116    .ARM.Collect$$$$0000000B  mc_w.l(entry9a.o)
    0x08000140   0x08000140   0x00000000   Code   RO         1118    .ARM.Collect$$$$0000000D  mc_w.l(entry10a.o)
    0x08000140   0x08000140   0x00000000   Code   RO         1120    .ARM.Collect$$$$0000000F  mc_w.l(entry11a.o)
    0x08000140   0x08000140   0x00000004   Code   RO         1109    .ARM.Collect$$$$00002712  mc_w.l(entry2.o)
    0x08000144   0x08000144   0x000003e4   Code   RO            1    .text               main.o
    0x08000528   0x08000528   0x00000012   Code   RO          119    .text               stm32f10x_it.o
    0x0800053a   0x0800053a   0x00000002   PAD
    0x0800053c   0x0800053c   0x000001dc   Code   RO          157    .text               system_stm32f10x.o
    0x08000718   0x08000718   0x000000b8   Code   RO          175    .text               misc.o
    0x080007d0   0x080007d0   0x00000388   Code   RO          187    .text               stm32f10x_adc.o
    0x08000b58   0x08000b58   0x000004a4   Code   RO          316    .text               stm32f10x_flash.o
    0x08000ffc   0x08000ffc   0x00000298   Code   RO          340    .text               stm32f10x_gpio.o
    0x08001294   0x08001294   0x0000003c   Code   RO          367    .text               stm32f10x_iwdg.o
    0x080012d0   0x080012d0   0x000002f4   Code   RO          397    .text               stm32f10x_rcc.o
    0x080015c4   0x080015c4   0x00000c2a   Code   RO          456    .text               stm32f10x_tim.o
    0x080021ee   0x080021ee   0x00000002   PAD
    0x080021f0   0x080021f0   0x0000039c   Code   RO          468    .text               stm32f10x_usart.o
    0x0800258c   0x0800258c   0x00000024   Code   RO          509    .text               startup_stm32f10x_hd.o
    0x080025b0   0x080025b0   0x000000c4   Code   RO          513    .text               led.o
    0x08002674   0x08002674   0x00000028   Code   RO          525    .text               wdg.o
    0x0800269c   0x0800269c   0x000000f4   Code   RO          537    .text               timer.o
    0x08002790   0x08002790   0x000016d4   Code   RO          556    .text               4g.o
    0x08003e64   0x08003e64   0x00000818   Code   RO          586    .text               gui.o
    0x0800467c   0x0800467c   0x000003ec   Code   RO          604    .text               lcd_driver.o
    0x08004a68   0x08004a68   0x000002c4   Code   RO          619    .text               qdtft_demo.o
    0x08004d2c   0x08004d2c   0x000003d8   Code   RO          634    .text               rs485.o
    0x08005104   0x08005104   0x0000017c   Code   RO          666    .text               dht11.o
    0x08005280   0x08005280   0x000000e4   Code   RO          684    .text               adc.o
    0x08005364   0x08005364   0x00000098   Code   RO          696    .text               delay.o
    0x080053fc   0x080053fc   0x00000008   Code   RO          710    .text               sys.o
    0x08005404   0x08005404   0x00000470   Code   RO          722    .text               usart.o
    0x08005874   0x08005874   0x00000024   Code   RO          775    .text               mc_w.l(memseta.o)
    0x08005898   0x08005898   0x00000018   Code   RO          777    .text               mc_w.l(strcat.o)
    0x080058b0   0x080058b0   0x00000024   Code   RO          779    .text               mc_w.l(strstr.o)
    0x080058d4   0x080058d4   0x00000018   Code   RO          781    .text               mc_w.l(strncpy.o)
    0x080058ec   0x080058ec   0x0000000e   Code   RO          783    .text               mc_w.l(strlen.o)
    0x080058fa   0x080058fa   0x000000b0   Code   RO         1046    .text               mf_w.l(fadd.o)
    0x080059aa   0x080059aa   0x00000064   Code   RO         1048    .text               mf_w.l(fmul.o)
    0x08005a0e   0x08005a0e   0x0000007c   Code   RO         1050    .text               mf_w.l(fdiv.o)
    0x08005a8a   0x08005a8a   0x00000018   Code   RO         1052    .text               mf_w.l(fscalb.o)
    0x08005aa2   0x08005aa2   0x0000014e   Code   RO         1054    .text               mf_w.l(dadd.o)
    0x08005bf0   0x08005bf0   0x000000e4   Code   RO         1056    .text               mf_w.l(dmul.o)
    0x08005cd4   0x08005cd4   0x000000de   Code   RO         1058    .text               mf_w.l(ddiv.o)
    0x08005db2   0x08005db2   0x0000002e   Code   RO         1060    .text               mf_w.l(dscalb.o)
    0x08005de0   0x08005de0   0x00000012   Code   RO         1062    .text               mf_w.l(fflti.o)
    0x08005df2   0x08005df2   0x0000000a   Code   RO         1064    .text               mf_w.l(ffltui.o)
    0x08005dfc   0x08005dfc   0x00000022   Code   RO         1066    .text               mf_w.l(dflti.o)
    0x08005e1e   0x08005e1e   0x0000001a   Code   RO         1068    .text               mf_w.l(dfltui.o)
    0x08005e38   0x08005e38   0x00000032   Code   RO         1070    .text               mf_w.l(ffixi.o)
    0x08005e6a   0x08005e6a   0x0000003e   Code   RO         1072    .text               mf_w.l(dfixi.o)
    0x08005ea8   0x08005ea8   0x00000032   Code   RO         1074    .text               mf_w.l(dfixui.o)
    0x08005eda   0x08005eda   0x00000026   Code   RO         1076    .text               mf_w.l(f2d.o)
    0x08005f00   0x08005f00   0x00000038   Code   RO         1078    .text               mf_w.l(d2f.o)
    0x08005f38   0x08005f38   0x0000002c   Code   RO         1122    .text               mc_w.l(uidiv.o)
    0x08005f64   0x08005f64   0x00000062   Code   RO         1124    .text               mc_w.l(uldiv.o)
    0x08005fc6   0x08005fc6   0x0000001e   Code   RO         1126    .text               mc_w.l(llshl.o)
    0x08005fe4   0x08005fe4   0x00000020   Code   RO         1128    .text               mc_w.l(llushr.o)
    0x08006004   0x08006004   0x00000024   Code   RO         1130    .text               mc_w.l(llsshr.o)
    0x08006028   0x08006028   0x00000000   Code   RO         1139    .text               mc_w.l(iusefp.o)
    0x08006028   0x08006028   0x0000006e   Code   RO         1140    .text               mf_w.l(fepilogue.o)
    0x08006096   0x08006096   0x000000ba   Code   RO         1142    .text               mf_w.l(depilogue.o)
    0x08006150   0x08006150   0x000000a2   Code   RO         1144    .text               mf_w.l(dsqrt.o)
    0x080061f2   0x080061f2   0x00000030   Code   RO         1146    .text               mf_w.l(dfixul.o)
    0x08006222   0x08006222   0x00000002   PAD
    0x08006224   0x08006224   0x00000030   Code   RO         1150    .text               mf_w.l(cdrcmple.o)
    0x08006254   0x08006254   0x00000024   Code   RO         1156    .text               mc_w.l(init.o)
    0x08006278   0x08006278   0x00000020   Code   RO         1018    i.__0printf         mc_w.l(printfa.o)
    0x08006298   0x08006298   0x00000028   Code   RO         1020    i.__0sprintf        mc_w.l(printfa.o)
    0x080062c0   0x080062c0   0x00000028   Code   RO         1152    i.__ARM_fpclassify  m_ws.l(fpclassify.o)
    0x080062e8   0x080062e8   0x00000388   Code   RO         1097    i.__ieee754_rem_pio2  m_ws.l(rred.o)
    0x08006670   0x08006670   0x000000fc   Code   RO         1080    i.__kernel_cos      m_ws.l(cos_i.o)
    0x0800676c   0x0800676c   0x000000aa   Code   RO         1154    i.__kernel_poly     m_ws.l(poly.o)
    0x08006816   0x08006816   0x00000002   PAD
    0x08006818   0x08006818   0x000000ec   Code   RO         1102    i.__kernel_sin      m_ws.l(sin_i.o)
    0x08006904   0x08006904   0x00000006   Code   RO         1084    i.__mathlib_dbl_infnan  m_ws.l(dunder.o)
    0x0800690a   0x0800690a   0x0000000c   Code   RO         1086    i.__mathlib_dbl_invalid  m_ws.l(dunder.o)
    0x08006916   0x08006916   0x00000002   PAD
    0x08006918   0x08006918   0x00000010   Code   RO         1089    i.__mathlib_dbl_underflow  m_ws.l(dunder.o)
    0x08006928   0x08006928   0x0000000e   Code   RO         1160    i.__scatterload_copy  mc_w.l(handlers.o)
    0x08006936   0x08006936   0x00000002   Code   RO         1161    i.__scatterload_null  mc_w.l(handlers.o)
    0x08006938   0x08006938   0x0000000e   Code   RO         1162    i.__scatterload_zeroinit  mc_w.l(handlers.o)
    0x08006946   0x08006946   0x00000002   PAD
    0x08006948   0x08006948   0x0000000c   Code   RO         1134    i.__set_errno       mc_w.l(errno.o)
    0x08006954   0x08006954   0x00000184   Code   RO         1025    i._fp_digits        mc_w.l(printfa.o)
    0x08006ad8   0x08006ad8   0x000006dc   Code   RO         1026    i._printf_core      mc_w.l(printfa.o)
    0x080071b4   0x080071b4   0x00000024   Code   RO         1027    i._printf_post_padding  mc_w.l(printfa.o)
    0x080071d8   0x080071d8   0x0000002e   Code   RO         1028    i._printf_pre_padding  mc_w.l(printfa.o)
    0x08007206   0x08007206   0x0000000a   Code   RO         1030    i._sputc            mc_w.l(printfa.o)
    0x08007210   0x08007210   0x0000009c   Code   RO          749    i.cos               m_ws.l(cos.o)
    0x080072ac   0x080072ac   0x000000a0   Code   RO          757    i.sin               m_ws.l(sin.o)
    0x0800734c   0x0800734c   0x0000004c   Code   RO          765    i.sqrt              m_ws.l(sqrt.o)
    0x08007398   0x08007398   0x00000c80   Data   RO            2    .constdata          main.o
    0x08008018   0x08008018   0x00001cc4   Data   RO          587    .constdata          gui.o
    0x08009cdc   0x08009cdc   0x00000004   PAD
    0x08009ce0   0x08009ce0   0x00000030   Data   RO         1081    .constdata          m_ws.l(cos_i.o)
    0x08009d10   0x08009d10   0x000000c8   Data   RO         1099    .constdata          m_ws.l(rred.o)
    0x08009dd8   0x08009dd8   0x00000028   Data   RO         1103    .constdata          m_ws.l(sin_i.o)
    0x08009e00   0x08009e00   0x000000fd   Data   RO          563    .conststring        4g.o
    0x08009efd   0x08009efd   0x00000003   PAD
    0x08009f00   0x08009f00   0x00000020   Data   RO         1158    Region$$Table       anon$$obj.o


    Execution Region RW_IRAM1 (Exec base: 0x20000000, Load base: 0x08009f20, Size: 0x00001128, Max: 0x00010000, ABSOLUTE)

    Exec Addr    Load Addr    Size         Type   Attr      Idx    E Section Name        Object

    0x20000000   0x08009f20   0x00000014   Data   RW          158    .data               system_stm32f10x.o
    0x20000014   0x08009f34   0x00000014   Data   RW          398    .data               stm32f10x_rcc.o
    0x20000028   0x08009f48   0x00000004   Data   RW          538    .data               timer.o
    0x2000002c   0x08009f4c   0x00000004   PAD
    0x20000030   0x08009f50   0x00000060   Data   RW          564    .data               4g.o
    0x20000090   0x08009fb0   0x0000000a   Data   RW          620    .data               qdtft_demo.o
    0x2000009a   0x08009fba   0x00000002   PAD
    0x2000009c   0x08009fbc   0x00000028   Data   RW          640    .data               rs485.o
    0x200000c4   0x08009fe4   0x00000005   Data   RW          667    .data               dht11.o
    0x200000c9   0x08009fe9   0x00000001   PAD
    0x200000ca   0x08009fea   0x00000004   Data   RW          697    .data               delay.o
    0x200000ce   0x08009fee   0x00000002   PAD
    0x200000d0   0x08009ff0   0x00000018   Data   RW          725    .data               usart.o
    0x200000e8   0x0800a008   0x00000002   Data   RW          726    .data               usart.o
    0x200000ea   0x0800a00a   0x00000002   PAD
    0x200000ec   0x0800a00c   0x00000004   Data   RW          727    .data               usart.o
    0x200000f0   0x0800a010   0x00000004   Data   RW         1135    .data               mc_w.l(errno.o)
    0x200000f4        -       0x00000414   Zero   RW          558    .bss                4g.o
    0x20000508        -       0x00000400   Zero   RW          637    .bss                rs485.o
    0x20000908        -       0x0000041c   Zero   RW          723    .bss                usart.o
    0x20000d24   0x0800a014   0x00000004   PAD
    0x20000d28        -       0x00000400   Zero   RW          506    STACK               startup_stm32f10x_hd.o


==============================================================================

Image component sizes


      Code (inc. data)   RO Data    RW Data    ZI Data      Debug   Object Name

      5844       1662        253         96       1044      22829   4g.o
       228         10          0          0          0       1175   adc.o
         0          0          0          0          0         32   core_cm3.o
       152         14          0          4          0       1179   delay.o
       380          8          0          5          0       2809   dht11.o
      2072         18       7364          0          0       7041   gui.o
      1004         12          0          0          0       3489   lcd_driver.o
       196         12          0          0          0        911   led.o
       996        294       3200          0          0     272504   main.o
       184         12          0          0          0       2089   misc.o
       708        178          0         10          0       2357   qdtft_demo.o
       984         56          0         40       1024       6401   rs485.o
        36          8        304          0       1024        828   startup_stm32f10x_hd.o
       904         24          0          0          0      11985   stm32f10x_adc.o
      1188         22          0          0          0       9230   stm32f10x_flash.o
       664         36          0          0          0       6377   stm32f10x_gpio.o
        18          0          0          0          0       1234   stm32f10x_it.o
        60          6          0          0          0       1381   stm32f10x_iwdg.o
       756         32          0         20          0       9580   stm32f10x_rcc.o
      3114         84          0          0          0      25268   stm32f10x_tim.o
       924         20          0          0          0       9332   stm32f10x_usart.o
         8          0          0          0          0        497   sys.o
       476         32          0         20          0       2265   system_stm32f10x.o
       244         16          0          4          0       1501   timer.o
      1136         48          0         30       1052       7531   usart.o
        40          0          0          0          0        774   wdg.o

    ----------------------------------------------------------------------
     22320       2604      11160        240       4148     410599   Object Totals
         0          0         32          0          0          0   (incl. Generated)
         4          0          7         11          4          0   (incl. Padding)

    ----------------------------------------------------------------------

      Code (inc. data)   RO Data    RW Data    ZI Data      Debug   Library Member Name

       156          8          0          0          0        104   cos.o
       252         22         48          0          0        124   cos_i.o
        34          6          0          0          0        204   dunder.o
        40          0          0          0          0         68   fpclassify.o
       170          0          0          0          0         96   poly.o
       904         76        200          0          0        140   rred.o
       160         10          0          0          0        108   sin.o
       236         12         40          0          0        128   sin_i.o
        76          0          0          0          0         84   sqrt.o
         0          0          0          0          0          0   entry.o
         0          0          0          0          0          0   entry10a.o
         0          0          0          0          0          0   entry11a.o
         8          4          0          0          0          0   entry2.o
         4          0          0          0          0          0   entry5.o
         0          0          0          0          0          0   entry7b.o
         0          0          0          0          0          0   entry8b.o
         8          4          0          0          0          0   entry9a.o
        12          6          0          4          0         68   errno.o
        30          0          0          0          0          0   handlers.o
        36          8          0          0          0         68   init.o
         0          0          0          0          0          0   iusefp.o
        30          0          0          0          0         68   llshl.o
        36          0          0          0          0         68   llsshr.o
        32          0          0          0          0         68   llushr.o
        36          0          0          0          0        108   memseta.o
      2308         96          0          0          0        604   printfa.o
        24          0          0          0          0         68   strcat.o
        14          0          0          0          0         68   strlen.o
        24          0          0          0          0         76   strncpy.o
        36          0          0          0          0         80   strstr.o
        44          0          0          0          0         80   uidiv.o
        98          0          0          0          0         92   uldiv.o
        48          0          0          0          0         68   cdrcmple.o
        56          0          0          0          0         88   d2f.o
       334          0          0          0          0        148   dadd.o
       222          0          0          0          0        100   ddiv.o
       186          0          0          0          0        176   depilogue.o
        62          0          0          0          0         80   dfixi.o
        50          0          0          0          0         76   dfixui.o
        48          0          0          0          0         68   dfixul.o
        34          0          0          0          0         76   dflti.o
        26          0          0          0          0         76   dfltui.o
       228          0          0          0          0         96   dmul.o
        46          0          0          0          0         80   dscalb.o
       162          0          0          0          0        100   dsqrt.o
        38          0          0          0          0         68   f2d.o
       176          0          0          0          0        140   fadd.o
       124          0          0          0          0         88   fdiv.o
       110          0          0          0          0        168   fepilogue.o
        50          0          0          0          0         68   ffixi.o
        18          0          0          0          0         68   fflti.o
        10          0          0          0          0         68   ffltui.o
       100          0          0          0          0         76   fmul.o
        24          0          0          0          0         68   fscalb.o

    ----------------------------------------------------------------------
      6968        252        288          4          0       4616   Library Totals
         8          0          0          0          0          0   (incl. Padding)

    ----------------------------------------------------------------------

      Code (inc. data)   RO Data    RW Data    ZI Data      Debug   Library Name

      2028        134        288          0          0       1056   m_ws.l
      2780        118          0          4          0       1516   mc_w.l
      2152          0          0          0          0       2044   mf_w.l

    ----------------------------------------------------------------------
      6968        252        288          4          0       4616   Library Totals

    ----------------------------------------------------------------------

==============================================================================


      Code (inc. data)   RO Data    RW Data    ZI Data      Debug   

     29288       2856      11448        244       4148     410375   Grand Totals
     29288       2856      11448        244       4148     410375   ELF Image Totals
     29288       2856      11448        244          0          0   ROM Totals

==============================================================================

    Total RO  Size (Code + RO Data)                40736 (  39.78kB)
    Total RW  Size (RW Data + ZI Data)              4392 (   4.29kB)
    Total ROM Size (Code + RO Data + RW Data)      40980 (  40.02kB)

==============================================================================

